building workload (decomposed)...
367 candidates {'fuse_producer_consumer': 284, 'fuse_linear_chain': 56, 'split_heavy_dispatch': 27}; scoring 8 (re-scheduling each)...
decomposed_schedule: 13 jobs total (12 periodic, 1 non-periodic)
decomposed_schedule: 13 jobs total (12 periodic, 1 non-periodic)
decomposed_schedule: 13 jobs total (12 periodic, 1 non-periodic)
decomposed_schedule: 13 jobs total (12 periodic, 1 non-periodic)
decomposed_schedule: 13 jobs total (12 periodic, 1 non-periodic)
decomposed_schedule: 13 jobs total (12 periodic, 1 non-periodic)
decomposed_schedule: 13 jobs total (12 periodic, 1 non-periodic)
decomposed_schedule: 13 jobs total (12 periodic, 1 non-periodic)
decomposed_schedule: 13 jobs total (12 periodic, 1 non-periodic)

==============================================================================
Granularity decision: **MERGE** — granularity is too_fine; fusing ['mlp_control0_dispatch_0', 'mlp_control0_dispatch_1', 'mlp_control0_dispatch_2', 'mlp_control0_dispatch_3', 'mlp_control0_dispatch_4', 'mlp_control0_dispatch_5'] removes 5 dispatches (predicted makespan +0.00 us — launch/transition overhead not modelled here, so confirm the win on FireSim).
(baseline 388 dispatches, advisor granularity=too_fine)

Top MERGE candidates (fuse):
  id                                             Δmakespan_us Δdispatch   obj_us
  fuse_chain_mlp_control0_dispatch_0_mlp_contr           0.00        -5    -5.00
  fuse_chain_mlp_control1_dispatch_0_mlp_contr           0.00        -5    -5.00
  fuse_chain_mlp_control2_dispatch_0_mlp_contr           0.00        -5    -5.00
  fuse_mlp_control0_dispatch_0__mlp_control0_d           0.00        -1    -1.00
  fuse_mlp_control0_dispatch_1__mlp_control0_d           0.00        -1    -1.00

Top SPLIT candidates:
  id                                             Δmakespan_us Δdispatch
  split_dronet0_dispatch_0                               3.06         1
  split_dronet1_dispatch_0                               3.06         1
  split_dronet2_dispatch_0                               3.06         1

wrote ../ModelBlaster/artifacts/decision_loop/round_001/granularity_result.json; hint -> /scratch2/agustin/ModelBlaster/artifacts/decision_loop/round_001/_granularity_hint.json
chosen hint (modelblaster.fusion_hints/v1): [{"network": "mlp_control", "fuse_groups": [[0, 1, 2, 3, 4, 5]], "n_tiny": 6}]

--- stderr ---
