Archive member included to satisfy reference by file (symbol)

app/libapp.a(main.c.obj)      (--whole-archive)
app/libapp.a(model.c.obj)     (--whole-archive)
app/libapp.a(kernels.c.obj)   (--whole-archive)
app/libapp.a(weights.c.obj)   (--whole-archive)
app/libapp.a(buffers.c.obj)   (--whole-archive)
app/libapp.a(test_io.S.obj)   (--whole-archive)
zephyr/libzephyr.a(validate_libc.c.obj)
                              (--whole-archive)
zephyr/libzephyr.a(heap.c.obj)
                              (--whole-archive)
zephyr/libzephyr.a(cbprintf_packaged.c.obj)
                              (--whole-archive)
zephyr/libzephyr.a(clock.c.obj)
                              (--whole-archive)
zephyr/libzephyr.a(printk.c.obj)
                              (--whole-archive)
zephyr/libzephyr.a(sem.c.obj)
                              (--whole-archive)
zephyr/libzephyr.a(thread_entry.c.obj)
                              (--whole-archive)
zephyr/libzephyr.a(cbprintf_complete.c.obj)
                              (--whole-archive)
zephyr/libzephyr.a(assert.c.obj)
                              (--whole-archive)
zephyr/libzephyr.a(reboot.c.obj)
                              (--whole-archive)
zephyr/libzephyr.a(dec.c.obj)
                              (--whole-archive)
zephyr/libzephyr.a(hex.c.obj)
                              (--whole-archive)
zephyr/libzephyr.a(rb.c.obj)  (--whole-archive)
zephyr/libzephyr.a(timeutil.c.obj)
                              (--whole-archive)
zephyr/libzephyr.a(bitarray.c.obj)
                              (--whole-archive)
zephyr/libzephyr.a(bitmask.c.obj)
                              (--whole-archive)
zephyr/libzephyr.a(ring_buffer.c.obj)
                              (--whole-archive)
zephyr/libzephyr.a(last_section_id.c.obj)
                              (--whole-archive)
zephyr/libzephyr.a(configs.c.obj)
                              (--whole-archive)
zephyr/libzephyr.a(soc_irq.S.obj)
                              (--whole-archive)
zephyr/libzephyr.a(soc_common_irq.c.obj)
                              (--whole-archive)
zephyr/libzephyr.a(vector.S.obj)
                              (--whole-archive)
zephyr/libzephyr.a(soc.c.obj)
                              (--whole-archive)
zephyr/libzephyr.a(tacit.c.obj)
                              (--whole-archive)
zephyr/libzephyr.a(tracing_none.c.obj)
                              (--whole-archive)
zephyr/arch/common/libarch__common.a(sw_isr_common.c.obj)
                              (--whole-archive)
zephyr/arch/common/libarch__common.a(init.c.obj)
                              (--whole-archive)
zephyr/arch/common/libarch__common.a(multilevel_irq.c.obj)
                              (--whole-archive)
zephyr/arch/arch/riscv/core/libarch__riscv__core.a(cpu_idle.c.obj)
                              (--whole-archive)
zephyr/arch/arch/riscv/core/libarch__riscv__core.a(fatal.c.obj)
                              (--whole-archive)
zephyr/arch/arch/riscv/core/libarch__riscv__core.a(irq_manage.c.obj)
                              (--whole-archive)
zephyr/arch/arch/riscv/core/libarch__riscv__core.a(prep_c.c.obj)
                              (--whole-archive)
zephyr/arch/arch/riscv/core/libarch__riscv__core.a(reboot.c.obj)
                              (--whole-archive)
zephyr/arch/arch/riscv/core/libarch__riscv__core.a(reset.S.obj)
                              (--whole-archive)
zephyr/arch/arch/riscv/core/libarch__riscv__core.a(switch.S.obj)
                              (--whole-archive)
zephyr/arch/arch/riscv/core/libarch__riscv__core.a(thread.c.obj)
                              (--whole-archive)
zephyr/arch/arch/riscv/core/libarch__riscv__core.a(fpu.c.obj)
                              (--whole-archive)
zephyr/arch/arch/riscv/core/libarch__riscv__core.a(fpu.S.obj)
                              (--whole-archive)
zephyr/arch/arch/riscv/core/libarch__riscv__core.a(v.c.obj)
                              (--whole-archive)
zephyr/arch/arch/riscv/core/libarch__riscv__core.a(isr.S.obj)
                              (--whole-archive)
zephyr/arch/arch/riscv/core/libarch__riscv__core.a(tls.c.obj)
                              (--whole-archive)
zephyr/arch/arch/riscv/core/libarch__riscv__core.a(stacktrace.c.obj)
                              (--whole-archive)
zephyr/lib/libc/picolibc/liblib__libc__picolibc.a(assert.c.obj)
                              (--whole-archive)
zephyr/lib/libc/picolibc/liblib__libc__picolibc.a(cbprintf.c.obj)
                              (--whole-archive)
zephyr/lib/libc/picolibc/liblib__libc__picolibc.a(chk_fail.c.obj)
                              (--whole-archive)
zephyr/lib/libc/picolibc/liblib__libc__picolibc.a(errno_wrap.c.obj)
                              (--whole-archive)
zephyr/lib/libc/picolibc/liblib__libc__picolibc.a(exit.c.obj)
                              (--whole-archive)
zephyr/lib/libc/picolibc/liblib__libc__picolibc.a(locks.c.obj)
                              (--whole-archive)
[...]
Memory Configuration

Name             Origin             Length             Attributes
RAM              0x0000000080000000 0x0000000010000000 xrw
IDT_LIST         0x00000000fffff000 0x0000000000001000 xw
*default*        0x0000000000000000 0xffffffffffffffff

Linker script and memory map

                0x0000000080004c80                vfprintf = __d_vfprintf
                0x0000000000000000                vfscanf = __d_vfscanf
LOAD zephyr/CMakeFiles/zephyr_final.dir/misc/empty_file.c.obj
LOAD zephyr/CMakeFiles/zephyr_final.dir/isr_tables.c.obj
LOAD zephyr/CMakeFiles/offsets.dir/./arch/riscv/core/offsets/offsets.c.obj
LOAD app/libapp.a
LOAD zephyr/libzephyr.a
LOAD zephyr/arch/common/libarch__common.a
LOAD zephyr/arch/arch/riscv/core/libarch__riscv__core.a
LOAD zephyr/lib/libc/picolibc/liblib__libc__picolibc.a
LOAD zephyr/lib/libc/common/liblib__libc__common.a
LOAD zephyr/lib/posix/c_lib_ext/liblib__posix__c_lib_ext.a
LOAD zephyr/drivers/interrupt_controller/libdrivers__interrupt_controller.a
LOAD zephyr/drivers/console/libdrivers__console.a
LOAD zephyr/drivers/serial/libdrivers__serial.a
LOAD zephyr/drivers/timer/libdrivers__timer.a
LOAD zephyr/kernel/libkernel.a
LOAD zephyr/arch/common/libisr_tables.a
LOAD /scratch/dima/rose-infra/RoSE/soc/sw/xpu-rt/zephyr-chipyard-sw/tools-manual/zephyr-sdk-1.0.0-beta1/gnu/riscv64-zephyr-elf/bin/../lib/gcc/riscv64-zephyr-elf/14.3.0/../../../../riscv64-zephyr-elf/lib/rv64imafdc_zicsr_zifencei/lp64d/medany/space/libc.a
LOAD /scratch/dima/rose-infra/RoSE/soc/sw/xpu-rt/zephyr-chipyard-sw/tools-manual/zephyr-sdk-1.0.0-beta1/gnu/riscv64-zephyr-elf/bin/../lib/gcc/riscv64-zephyr-elf/14.3.0/rv64imafdc_zicsr_zifencei/lp64d/medany/space/libgcc.a

.rel.plt        0x0000000000000000        0x0
 *(SORT_BY_ALIGNMENT(.rel.plt))
                [!provide]                        PROVIDE (__rel_iplt_start = .)
 *(SORT_BY_ALIGNMENT(.rel.iplt))
                [!provide]                        PROVIDE (__rel_iplt_end = .)

.rela.plt       0x0000000000000000        0x0
 *(SORT_BY_ALIGNMENT(.rela.plt))
                [!provide]                        PROVIDE (__rela_iplt_start = .)
 *(SORT_BY_ALIGNMENT(.rela.iplt))
                [!provide]                        PROVIDE (__rela_iplt_end = .)

.rel.dyn
 *(SORT_BY_ALIGNMENT(.rel.*))

.rela.dyn       0x0000000080000000        0x0
 *(SORT_BY_ALIGNMENT(.rela.*))
 .rela.sdata._char_out
                0x0000000080000000        0x0 zephyr/CMakeFiles/zephyr_final.dir/isr_tables.c.obj
 .rela.vectors.__start
                0x0000000080000000        0x0 zephyr/CMakeFiles/zephyr_final.dir/isr_tables.c.obj
 .rela.text.arch_bss_zero
                0x0000000080000000        0x0 zephyr/CMakeFiles/zephyr_final.dir/isr_tables.c.obj
 .rela.exception.entry._isr_wrapper
                0x0000000080000000        0x0 zephyr/CMakeFiles/zephyr_final.dir/isr_tables.c.obj
 .rela.text.arch_tls_stack_setup
                0x0000000080000000        0x0 zephyr/CMakeFiles/zephyr_final.dir/isr_tables.c.obj
 .rela.text.walk_stackframe
                0x0000000080000000        0x0 zephyr/CMakeFiles/zephyr_final.dir/isr_tables.c.obj
 .rela.text.malloc_prepare
                0x0000000080000000        0x0 zephyr/CMakeFiles/zephyr_final.dir/isr_tables.c.obj
 .rela.text.bg_thread_main
                0x0000000080000000        0x0 zephyr/CMakeFiles/zephyr_final.dir/isr_tables.c.obj
 .rela.rodata.levels.0
                0x0000000080000000        0x0 zephyr/CMakeFiles/zephyr_final.dir/isr_tables.c.obj

.plt
 *(SORT_BY_ALIGNMENT(.plt))

.iplt
 *(SORT_BY_ALIGNMENT(.iplt))
                0x0000000080000000                __rom_region_start = 0x80000000

rom_start       0x0000000080000000       0x1e
                0x0000000080000000                . = ALIGN (0x10)
                0x0000000080000000                __rom_start_address = .
 FILL mask 0x00
                0x0000000080000000                . = (. + (0x0 - (. - __rom_start_address)))
                0x0000000080000000                . = ALIGN (0x4)
 *(SORT_BY_ALIGNMENT(.vectors.*))
 .vectors.__start
                0x0000000080000000       0x1e zephyr/libzephyr.a(vector.S.obj)
                0x0000000080000000                __start

reset           0x0000000080000020        0xa
 *(SORT_BY_ALIGNMENT(.reset.*))
 .reset.__reset
                0x0000000080000020        0xa zephyr/arch/arch/riscv/core/libarch__riscv__core.a(reset.S.obj)
                0x0000000080000020                __reset

exceptions      0x000000008000002c      0x252
 *(SORT_BY_ALIGNMENT(.exception.entry.*))
 .exception.entry._isr_wrapper
                0x000000008000002c      0x244 zephyr/arch/arch/riscv/core/libarch__riscv__core.a(isr.S.obj)
                0x000000008000002c                _isr_wrapper
                0x000000008000020c                z_riscv_thread_start
 *(SORT_BY_ALIGNMENT(.exception.other.*))
 .exception.other.__soc_handle_irq
                0x0000000080000270        0xe zephyr/libzephyr.a(soc_irq.S.obj)
                0x0000000080000270                __soc_handle_irq

text            0x0000000080000280     0x5dba
                0x0000000080000280                . = ALIGN (0x4)
 *(SORT_BY_ALIGNMENT(.openocd_debug))
 *(SORT_BY_ALIGNMENT(.openocd_debug.*))
                0x0000000080000280                __text_region_start = .
 *(SORT_BY_ALIGNMENT(.text))
 .text          0x0000000080000280       0x2e /scratch/dima/rose-infra/RoSE/soc/sw/xpu-rt/zephyr-chipyard-sw/tools-manual/zephyr-sdk-1.0.0-beta1/gnu/riscv64-zephyr-elf/bin/../lib/gcc/riscv64-zephyr-elf/14.3.0/rv64imafdc_zicsr_zifencei/lp64d/medany/space/libgcc.a(_lshrdi3.o)
                0x0000000080000280                __lshrti3
 .text          0x00000000800002ae       0x2e /scratch/dima/rose-infra/RoSE/soc/sw/xpu-rt/zephyr-chipyard-sw/tools-manual/zephyr-sdk-1.0.0-beta1/gnu/riscv64-zephyr-elf/bin/../lib/gcc/riscv64-zephyr-elf/14.3.0/rv64imafdc_zicsr_zifencei/lp64d/medany/space/libgcc.a(_ashldi3.o)
                0x00000000800002ae                __ashlti3
 .text          0x00000000800002dc       0x32 /scratch/dima/rose-infra/RoSE/soc/sw/xpu-rt/zephyr-chipyard-sw/tools-manual/zephyr-sdk-1.0.0-beta1/gnu/riscv64-zephyr-elf/bin/../lib/gcc/riscv64-zephyr-elf/14.3.0/rv64imafdc_zicsr_zifencei/lp64d/medany/space/libgcc.a(_clzsi2.o)
                0x00000000800002dc                __clzdi2
 *(SORT_BY_ALIGNMENT(.text.*))
 *fill*         0x000000008000030e        0x2 
 .text.__initialize
                0x0000000080000310       0x3e zephyr/arch/arch/riscv/core/libarch__riscv__core.a(reset.S.obj)
                0x0000000080000310                __initialize
 *fill*         0x000000008000034e        0x2 
 .text.z_riscv_switch
                0x0000000080000350       0x96 zephyr/arch/arch/riscv/core/libarch__riscv__core.a(switch.S.obj)
                0x0000000080000350                z_riscv_switch
 *fill*         0x00000000800003e6        0x2 
 .text.z_riscv_fpu_save
                0x00000000800003e8       0x7a zephyr/arch/arch/riscv/core/libarch__riscv__core.a(fpu.S.obj)
                0x00000000800003e8                z_riscv_fpu_save
 *fill*         0x0000000080000462        0x2 
 .text.z_riscv_fpu_restore
                0x0000000080000464       0x7a zephyr/arch/arch/riscv/core/libarch__riscv__core.a(fpu.S.obj)
                0x0000000080000464                z_riscv_fpu_restore
 .text._OffsetAbsSyms
                0x00000000800004de        0x2 zephyr/CMakeFiles/offsets.dir/./arch/riscv/core/offsets/offsets.c.obj
                0x00000000800004de                _OffsetAbsSyms
 .text.main     0x00000000800004e0      0x1ee app/libapp.a(main.c.obj)
                0x00000000800004e0                main
 .text.dispatch_dronet_21
                0x00000000800006ce       0x94 app/libapp.a(model.c.obj)
 .text.dispatch_dronet_20
                0x0000000080000762       0xb8 app/libapp.a(model.c.obj)
 .text.dispatch_dronet_19
                0x000000008000081a       0xb2 app/libapp.a(model.c.obj)
 .text.dispatch_dronet_18
                0x00000000800008cc       0x84 app/libapp.a(model.c.obj)
 .text.dispatch_dronet_17
                0x0000000080000950       0xac app/libapp.a(model.c.obj)
 .text.dispatch_dronet_12
                0x00000000800009fc       0xac app/libapp.a(model.c.obj)
 .text.dispatch_dronet_7
                0x0000000080000aa8       0xac app/libapp.a(model.c.obj)
 .text.dispatch_dronet_16
                0x0000000080000b54       0xcc app/libapp.a(model.c.obj)
 .text.dispatch_dronet_15
                0x0000000080000c20       0xc8 app/libapp.a(model.c.obj)
 .text.dispatch_dronet_14
                0x0000000080000ce8       0xca app/libapp.a(model.c.obj)
 .text.dispatch_dronet_11
                0x0000000080000db2       0xcc app/libapp.a(model.c.obj)
 .text.dispatch_dronet_10
                0x0000000080000e7e       0xc8 app/libapp.a(model.c.obj)
 .text.dispatch_dronet_9
                0x0000000080000f46       0xca app/libapp.a(model.c.obj)
 .text.dispatch_dronet_6
                0x0000000080001010       0xc8 app/libapp.a(model.c.obj)
 .text.dispatch_dronet_5
                0x00000000800010d8       0xc8 app/libapp.a(model.c.obj)
 .text.dispatch_dronet_4
                0x00000000800011a0       0xc6 app/libapp.a(model.c.obj)
 .text.dispatch_dronet_1
                0x0000000080001266       0xc6 app/libapp.a(model.c.obj)
 .text.dispatch_dronet_0
                0x000000008000132c       0xc4 app/libapp.a(model.c.obj)
 .text.dispatch_dronet_13
                0x00000000800013f0       0xb0 app/libapp.a(model.c.obj)
 .text.dispatch_dronet_8
                0x00000000800014a0       0xb0 app/libapp.a(model.c.obj)
 .text.dispatch_dronet_3
                0x0000000080001550       0xb0 app/libapp.a(model.c.obj)
 .text.dispatch_dronet_2
                0x0000000080001600       0x9e app/libapp.a(model.c.obj)
 .text.run_model_dronet
                0x000000008000169e       0x5c app/libapp.a(model.c.obj)
                0x000000008000169e                run_model_dronet
 .text.model_dronet_profile_records
                0x00000000800016fa       0x1e app/libapp.a(model.c.obj)
                0x00000000800016fa                model_dronet_profile_records
 .text.model_dronet_wall_cycles
                0x0000000080001718        0xa app/libapp.a(model.c.obj)
                0x0000000080001718                model_dronet_wall_cycles
 .text.mb_requant_i32m4
                0x0000000080001722       0x62 app/libapp.a(kernels.c.obj)
 .text.mb_conv2d_s8_tiled_direct
                0x0000000080001784      0x776 app/libapp.a(kernels.c.obj)
 .text.kernel_add_s8_dronet
                0x0000000080001efa       0x7a app/libapp.a(kernels.c.obj)
                0x0000000080001efa                kernel_add_s8_dronet
 .text.kernel_batchnorm2d_s8_dronet
                0x0000000080001f74       0xfc app/libapp.a(kernels.c.obj)
                0x0000000080001f74                kernel_batchnorm2d_s8_dronet
 .text.kernel_conv2d_s8_dronet
                0x0000000080002070       0x60 app/libapp.a(kernels.c.obj)
                0x0000000080002070                kernel_conv2d_s8_dronet
 .text.kernel_linear_s8_dronet
                0x00000000800020d0      0x172 app/libapp.a(kernels.c.obj)
                0x00000000800020d0                kernel_linear_s8_dronet
 .text.kernel_maxpool2d_s8_dronet
                0x0000000080002242      0x26c app/libapp.a(kernels.c.obj)
                0x0000000080002242                kernel_maxpool2d_s8_dronet
 .text.kernel_relu_s8_dronet
                0x00000000800024ae       0x28 app/libapp.a(kernels.c.obj)
                0x00000000800024ae                kernel_relu_s8_dronet
 .text.kernel_sigmoid_s8_dronet
                0x00000000800024d6      0x1e8 app/libapp.a(kernels.c.obj)
                0x00000000800024d6                kernel_sigmoid_s8_dronet
 .text.chunk_size
                0x00000000800026be       0x12 zephyr/libzephyr.a(heap.c.obj)
 .text.free_list_add
                0x00000000800026d0       0x8c zephyr/libzephyr.a(heap.c.obj)
 .text.sys_heap_init
                0x000000008000275c       0xb8 zephyr/libzephyr.a(heap.c.obj)
                0x000000008000275c                sys_heap_init
 .text.arch_printk_char_out
                0x0000000080002814        0x4 zephyr/libzephyr.a(printk.c.obj)
                0x0000000080002814                arch_printk_char_out
 .text.char_out
                0x0000000080002818        0xa zephyr/libzephyr.a(printk.c.obj)
 .text.__printk_hook_install
                0x0000000080002822        0xa zephyr/libzephyr.a(printk.c.obj)
                0x0000000080002822                __printk_hook_install
 .text.vprintk  0x000000008000282c       0x2e zephyr/libzephyr.a(printk.c.obj)
                0x000000008000282c                vprintk
 .text.printk   0x000000008000285a       0x24 zephyr/libzephyr.a(printk.c.obj)
                0x000000008000285a                printk
 .text.z_thread_entry
                0x000000008000287e       0x3e zephyr/libzephyr.a(thread_entry.c.obj)
                0x000000008000287e                z_thread_entry
 .text.sys_reboot
                0x00000000800028bc       0x2a zephyr/libzephyr.a(reboot.c.obj)
                0x00000000800028bc                sys_reboot
 .text._ConfigAbsSyms
                0x00000000800028e6        0x2 zephyr/libzephyr.a(configs.c.obj)
                0x00000000800028e6                _ConfigAbsSyms
 .text.arch_irq_enable
                0x00000000800028e8       0x1e zephyr/libzephyr.a(soc_common_irq.c.obj)
                0x00000000800028e8                arch_irq_enable
 .text.z_riscv_irq_priority_set
                0x0000000080002906       0x14 zephyr/libzephyr.a(soc_common_irq.c.obj)
                0x0000000080002906                z_riscv_irq_priority_set
 .text.soc_interrupt_init
                0x000000008000291a        0xe zephyr/libzephyr.a(soc_common_irq.c.obj)
                0x000000008000291a                soc_interrupt_init
 .text.sys_arch_reboot
                0x0000000080002928       0x4e zephyr/libzephyr.a(soc.c.obj)
                0x0000000080002928                sys_arch_reboot
 .text.sys_trace_idle
                0x0000000080002976        0x2 zephyr/libzephyr.a(tracing_none.c.obj)
                0x0000000080002976                sys_trace_idle
 .text.sys_trace_idle_exit
                0x0000000080002978        0x2 zephyr/libzephyr.a(tracing_none.c.obj)
                0x0000000080002978                sys_trace_idle_exit
 .text.arch_early_memset
                0x000000008000297a        0x8 zephyr/arch/common/libarch__common.a(init.c.obj)
                0x000000008000297a                arch_early_memset
 .text.arch_bss_zero
                0x0000000080002982       0x1c zephyr/arch/common/libarch__common.a(init.c.obj)
                0x0000000080002982                arch_bss_zero
 .text.arch_cpu_idle
                0x000000008000299e       0x24 zephyr/arch/arch/riscv/core/libarch__riscv__core.a(cpu_idle.c.obj)
                0x000000008000299e                arch_cpu_idle
 .text.z_riscv_get_sp_before_exc
                0x00000000800029c2        0x6 zephyr/arch/arch/riscv/core/libarch__riscv__core.a(fatal.c.obj)
                0x00000000800029c2                z_riscv_get_sp_before_exc
 .text.z_riscv_fatal_error_csf
                0x00000000800029c8      0x204 zephyr/arch/arch/riscv/core/libarch__riscv__core.a(fatal.c.obj)
                0x00000000800029c8                z_riscv_fatal_error_csf
 .text.z_riscv_fatal_error
                0x0000000080002bcc        0xe zephyr/arch/arch/riscv/core/libarch__riscv__core.a(fatal.c.obj)
                0x0000000080002bcc                z_riscv_fatal_error
 .text.z_riscv_fault
                0x0000000080002bda       0x10 zephyr/arch/arch/riscv/core/libarch__riscv__core.a(fatal.c.obj)
                0x0000000080002bda                z_riscv_fault
 .text.z_irq_spurious
                0x0000000080002bea       0x2e zephyr/arch/arch/riscv/core/libarch__riscv__core.a(irq_manage.c.obj)
                0x0000000080002bea                z_irq_spurious
 .text.z_prep_c
                0x0000000080002c18       0x1c zephyr/arch/arch/riscv/core/libarch__riscv__core.a(prep_c.c.obj)
                0x0000000080002c18                z_prep_c
 .text.arch_new_thread
                0x0000000080002c34       0x38 zephyr/arch/arch/riscv/core/libarch__riscv__core.a(thread.c.obj)
                0x0000000080002c34                arch_new_thread
 .text.arch_coprocessors_disable
                0x0000000080002c6c        0x8 zephyr/arch/arch/riscv/core/libarch__riscv__core.a(thread.c.obj)
                0x0000000080002c6c                arch_coprocessors_disable
 .text.z_riscv_fpu_disable
                0x0000000080002c74       0x18 zephyr/arch/arch/riscv/core/libarch__riscv__core.a(fpu.c.obj)
 .text.z_riscv_fpu_load
                0x0000000080002c8c       0x2a zephyr/arch/arch/riscv/core/libarch__riscv__core.a(fpu.c.obj)
 .text.arch_flush_local_fpu
                0x0000000080002cb6       0x62 zephyr/arch/arch/riscv/core/libarch__riscv__core.a(fpu.c.obj)
                0x0000000080002cb6                arch_flush_local_fpu
 .text.fpu_access_allowed
                0x0000000080002d18       0x4e zephyr/arch/arch/riscv/core/libarch__riscv__core.a(fpu.c.obj)
 .text.z_riscv_fpu_enter_exc
                0x0000000080002d66        0x8 zephyr/arch/arch/riscv/core/libarch__riscv__core.a(fpu.c.obj)
                0x0000000080002d66                z_riscv_fpu_enter_exc
 .text.z_riscv_fpu_trap
                0x0000000080002d6e       0x46 zephyr/arch/arch/riscv/core/libarch__riscv__core.a(fpu.c.obj)
                0x0000000080002d6e                z_riscv_fpu_trap
 .text.z_riscv_fpu_exit_exc
                0x0000000080002db4       0x34 zephyr/arch/arch/riscv/core/libarch__riscv__core.a(fpu.c.obj)
                0x0000000080002db4                z_riscv_fpu_exit_exc
 .text.z_riscv_fpu_thread_context_switch
                0x0000000080002de8       0x34 zephyr/arch/arch/riscv/core/libarch__riscv__core.a(fpu.c.obj)
                0x0000000080002de8                z_riscv_fpu_thread_context_switch
 .text.arch_float_disable
                0x0000000080002e1c       0x3e zephyr/arch/arch/riscv/core/libarch__riscv__core.a(fpu.c.obj)
                0x0000000080002e1c                arch_float_disable
 .text.z_riscv_vstate_csr_save
                0x0000000080002e5a       0x26 zephyr/arch/arch/riscv/core/libarch__riscv__core.a(v.c.obj)
                0x0000000080002e5a                z_riscv_vstate_csr_save
 .text.z_riscv_vstate_csr_restore
                0x0000000080002e80       0x22 zephyr/arch/arch/riscv/core/libarch__riscv__core.a(v.c.obj)
                0x0000000080002e80                z_riscv_vstate_csr_restore
 .text.z_riscv_vstate_save_thread
                0x0000000080002ea2       0x72 zephyr/arch/arch/riscv/core/libarch__riscv__core.a(v.c.obj)
                0x0000000080002ea2                z_riscv_vstate_save_thread
 .text.z_riscv_vstate_save
                0x0000000080002f14       0x1e zephyr/arch/arch/riscv/core/libarch__riscv__core.a(v.c.obj)
                0x0000000080002f14                z_riscv_vstate_save
 .text.z_riscv_vstate_restore_thread
                0x0000000080002f32       0x78 zephyr/arch/arch/riscv/core/libarch__riscv__core.a(v.c.obj)
                0x0000000080002f32                z_riscv_vstate_restore_thread
 .text.z_riscv_vstate_restore
                0x0000000080002faa       0x1e zephyr/arch/arch/riscv/core/libarch__riscv__core.a(v.c.obj)
                0x0000000080002faa                z_riscv_vstate_restore
 .text.arch_tls_stack_setup
                0x0000000080002fc8       0x62 zephyr/arch/arch/riscv/core/libarch__riscv__core.a(tls.c.obj)
                0x0000000080002fc8                arch_tls_stack_setup
 .text.in_stack_bound
                0x000000008000302a       0x20 zephyr/arch/arch/riscv/core/libarch__riscv__core.a(stacktrace.c.obj)
 .text.walk_stackframe
                0x000000008000304a       0xc4 zephyr/arch/arch/riscv/core/libarch__riscv__core.a(stacktrace.c.obj)
 .text.print_trace_address
                0x000000008000310e       0x26 zephyr/arch/arch/riscv/core/libarch__riscv__core.a(stacktrace.c.obj)
 .text.in_fatal_stack_bound
                0x0000000080003134       0x3c zephyr/arch/arch/riscv/core/libarch__riscv__core.a(stacktrace.c.obj)
 .text.z_riscv_unwind_stack
                0x0000000080003170       0x56 zephyr/arch/arch/riscv/core/libarch__riscv__core.a(stacktrace.c.obj)
                0x0000000080003170                z_riscv_unwind_stack
 .text.z_impl_zephyr_fputc
                0x00000000800031c6       0x16 zephyr/lib/libc/picolibc/liblib__libc__picolibc.a(stdio.c.obj)
                0x00000000800031c6                z_impl_zephyr_fputc
 .text.picolibc_put
                0x00000000800031dc       0x14 zephyr/lib/libc/picolibc/liblib__libc__picolibc.a(stdio.c.obj)
 .text.__stdout_hook_install
                0x00000000800031f0       0x1e zephyr/lib/libc/picolibc/liblib__libc__picolibc.a(stdio.c.obj)
                0x00000000800031f0                __stdout_hook_install
 .text.malloc_prepare
                0x000000008000320e       0x2c zephyr/lib/libc/common/liblib__libc__common.a(malloc.c.obj)
 .text.plic_irq_config_func_0
                0x000000008000323a       0x20 zephyr/drivers/interrupt_controller/libdrivers__interrupt_controller.a(intc_plic.c.obj)
 .text.get_context_en_addr.constprop.0.isra.0
                0x000000008000325a       0x20 zephyr/drivers/interrupt_controller/libdrivers__interrupt_controller.a(intc_plic.c.obj)
 .text.plic_irq_enable_set_state
                0x000000008000327a       0x4e zephyr/drivers/interrupt_controller/libdrivers__interrupt_controller.a(intc_plic.c.obj)
 .text.plic_irq_handler
                0x00000000800032c8       0x92 zephyr/drivers/interrupt_controller/libdrivers__interrupt_controller.a(intc_plic.c.obj)
 .text.plic_init
                0x000000008000335a       0x8c zephyr/drivers/interrupt_controller/libdrivers__interrupt_controller.a(intc_plic.c.obj)
 .text.riscv_plic_irq_enable
                0x00000000800033e6       0x22 zephyr/drivers/interrupt_controller/libdrivers__interrupt_controller.a(intc_plic.c.obj)
                0x00000000800033e6                riscv_plic_irq_enable
 .text.riscv_plic_set_priority
                0x0000000080003408       0x26 zephyr/drivers/interrupt_controller/libdrivers__interrupt_controller.a(intc_plic.c.obj)
                0x0000000080003408                riscv_plic_set_priority
 .text.riscv_plic_get_irq
                0x000000008000342e       0x18 zephyr/drivers/interrupt_controller/libdrivers__interrupt_controller.a(intc_plic.c.obj)
                0x000000008000342e                riscv_plic_get_irq
 .text.riscv_plic_get_dev
                0x0000000080003446       0x18 zephyr/drivers/interrupt_controller/libdrivers__interrupt_controller.a(intc_plic.c.obj)
                0x0000000080003446                riscv_plic_get_dev
 .text.uart_console_init
                0x000000008000345e       0x42 zephyr/drivers/console/libdrivers__console.a(uart_console.c.obj)
 .text.console_out
                0x00000000800034a0       0x40 zephyr/drivers/console/libdrivers__console.a(uart_console.c.obj)
 .text.htif_wait_for_ready
                0x00000000800034e0       0x24 zephyr/drivers/serial/libdrivers__serial.a(uart_htif.c.obj)
 .text.uart_htif_init
                0x0000000080003504       0x1c zephyr/drivers/serial/libdrivers__serial.a(uart_htif.c.obj)
 .text.uart_htif_poll_out
                0x0000000080003520       0x48 zephyr/drivers/serial/libdrivers__serial.a(uart_htif.c.obj)
 .text.uart_htif_poll_in
                0x0000000080003568       0xb2 zephyr/drivers/serial/libdrivers__serial.a(uart_htif.c.obj)
 .text.timer_isr
                0x000000008000361a       0x58 zephyr/drivers/timer/libdrivers__timer.a(riscv_machine_timer.c.obj)
 .text.sys_clock_driver_init
                0x0000000080003672       0x64 zephyr/drivers/timer/libdrivers__timer.a(riscv_machine_timer.c.obj)
 .text.sys_clock_set_timeout
                0x00000000800036d6       0x7e zephyr/drivers/timer/libdrivers__timer.a(riscv_machine_timer.c.obj)
                0x00000000800036d6                sys_clock_set_timeout
 .text.sys_clock_elapsed
                0x0000000080003754       0x32 zephyr/drivers/timer/libdrivers__timer.a(riscv_machine_timer.c.obj)
                0x0000000080003754                sys_clock_elapsed
 .text.sys_clock_cycle_get_64
                0x0000000080003786        0xa zephyr/drivers/timer/libdrivers__timer.a(riscv_machine_timer.c.obj)
                0x0000000080003786                sys_clock_cycle_get_64
 .text.do_device_init
                0x0000000080003790       0x4e zephyr/kernel/libkernel.a(device.c.obj)
                0x0000000080003790                do_device_init
 .text.z_impl_device_is_ready
                0x00000000800037de       0x1c zephyr/kernel/libkernel.a(device.c.obj)
                0x00000000800037de                z_impl_device_is_ready
 .text.arch_system_halt
                0x00000000800037fa        0x6 zephyr/kernel/libkernel.a(fatal.c.obj)
                0x00000000800037fa                arch_system_halt
 .text.k_sys_fatal_error_handler
                0x0000000080003800        0xc zephyr/kernel/libkernel.a(fatal.c.obj)
                0x0000000080003800                k_sys_fatal_error_handler
 .text.z_fatal_error
                0x000000008000380c       0x34 zephyr/kernel/libkernel.a(fatal.c.obj)
                0x000000008000380c                z_fatal_error
 .text.z_sys_init_run_level
                0x0000000080003840       0x56 zephyr/kernel/libkernel.a(init.c.obj)
 .text.bg_thread_main
                0x0000000080003896       0xe6 zephyr/kernel/libkernel.a(init.c.obj)
 .text.z_init_cpu
                0x000000008000397c       0x90 zephyr/kernel/libkernel.a(init.c.obj)
                0x000000008000397c                z_init_cpu
 .text.z_cstart
                0x0000000080003a0c       0xf4 zephyr/kernel/libkernel.a(init.c.obj)
                0x0000000080003a0c                z_cstart
 .text.idle     0x0000000080003b00       0x12 zephyr/kernel/libkernel.a(idle.c.obj)
                0x0000000080003b00                idle
 .text.adjust_owner_prio.isra.0
                0x0000000080003b12       0x14 zephyr/kernel/libkernel.a(mutex.c.obj)
 .text.z_impl_k_mutex_init
                0x0000000080003b26       0x10 zephyr/kernel/libkernel.a(mutex.c.obj)
                0x0000000080003b26                z_impl_k_mutex_init
 .text.z_impl_k_mutex_lock
                0x0000000080003b36       0xfc zephyr/kernel/libkernel.a(mutex.c.obj)
                0x0000000080003b36                z_impl_k_mutex_lock
 .text.z_impl_k_mutex_unlock
                0x0000000080003c32       0xba zephyr/kernel/libkernel.a(mutex.c.obj)
                0x0000000080003c32                z_impl_k_mutex_unlock
 .text.z_check_stack_sentinel
                0x0000000080003cec       0x2c zephyr/kernel/libkernel.a(thread.c.obj)
                0x0000000080003cec                z_check_stack_sentinel
 .text.z_setup_new_thread
                0x0000000080003d18       0xa4 zephyr/kernel/libkernel.a(thread.c.obj)
                0x0000000080003d18                z_setup_new_thread
 .text.z_dummy_thread_init
                0x0000000080003dbc       0x1e zephyr/kernel/libkernel.a(thread.c.obj)
                0x0000000080003dbc                z_dummy_thread_init
 .text.sys_dlist_remove
                0x0000000080003dda       0x12 zephyr/kernel/libkernel.a(sched.c.obj)
 .text.unpend_thread_no_timeout
                0x0000000080003dec       0x26 zephyr/kernel/libkernel.a(sched.c.obj)
 .text.ready_thread
                0x0000000080003e12       0xa8 zephyr/kernel/libkernel.a(sched.c.obj)
 .text.unready_thread
                0x0000000080003eba       0x86 zephyr/kernel/libkernel.a(sched.c.obj)
 .text.z_swap   0x0000000080003f40       0x7a zephyr/kernel/libkernel.a(sched.c.obj)
 .text.add_thread_timeout
                0x0000000080003fba       0x1e zephyr/kernel/libkernel.a(sched.c.obj)
 .text.add_to_waitq_locked
                0x0000000080003fd8       0x60 zephyr/kernel/libkernel.a(sched.c.obj)
 .text.move_thread_to_end_of_prio_q
                0x0000000080004038       0xc2 zephyr/kernel/libkernel.a(sched.c.obj)
                0x0000000080004038                move_thread_to_end_of_prio_q
 .text.z_ready_thread
                0x00000000800040fa       0x20 zephyr/kernel/libkernel.a(sched.c.obj)
                0x00000000800040fa                z_ready_thread
 .text.z_sched_wake_thread
                0x000000008000411a       0x48 zephyr/kernel/libkernel.a(sched.c.obj)
                0x000000008000411a                z_sched_wake_thread
 .text.z_thread_timeout
                0x0000000080004162        0xe zephyr/kernel/libkernel.a(sched.c.obj)
                0x0000000080004162                z_thread_timeout
 .text.z_pend_curr
                0x0000000080004170       0x4a zephyr/kernel/libkernel.a(sched.c.obj)
                0x0000000080004170                z_pend_curr
 .text.z_thread_prio_set
                0x00000000800041ba      0x120 zephyr/kernel/libkernel.a(sched.c.obj)
                0x00000000800041ba                z_thread_prio_set
 .text.z_reschedule
                0x00000000800042da       0x2e zephyr/kernel/libkernel.a(sched.c.obj)
                0x00000000800042da                z_reschedule
 .text.z_reschedule_irqlock
                0x0000000080004308       0x7e zephyr/kernel/libkernel.a(sched.c.obj)
                0x0000000080004308                z_reschedule_irqlock
 .text.k_sched_lock
                0x0000000080004386       0x1e zephyr/kernel/libkernel.a(sched.c.obj)
                0x0000000080004386                k_sched_lock
 .text.k_sched_unlock
                0x00000000800043a4       0x7a zephyr/kernel/libkernel.a(sched.c.obj)
                0x00000000800043a4                k_sched_unlock
 .text.z_swap_next_thread
                0x000000008000441e        0xa zephyr/kernel/libkernel.a(sched.c.obj)
                0x000000008000441e                z_swap_next_thread
 .text.z_get_next_switch_handle
                0x0000000080004428       0x2a zephyr/kernel/libkernel.a(sched.c.obj)
                0x0000000080004428                z_get_next_switch_handle
 .text.z_sched_init
                0x0000000080004452       0x16 zephyr/kernel/libkernel.a(sched.c.obj)
                0x0000000080004452                z_sched_init
 .text.z_impl_k_wakeup
                0x0000000080004468       0x56 zephyr/kernel/libkernel.a(sched.c.obj)
                0x0000000080004468                z_impl_k_wakeup
 .text.z_impl_k_sched_current_thread_query
                0x00000000800044be        0xa zephyr/kernel/libkernel.a(sched.c.obj)
                0x00000000800044be                z_impl_k_sched_current_thread_query
 .text.z_thread_abort
                0x00000000800044c8      0x184 zephyr/kernel/libkernel.a(sched.c.obj)
                0x00000000800044c8                z_thread_abort
 .text.z_impl_k_thread_abort
                0x000000008000464c        0x8 zephyr/kernel/libkernel.a(sched.c.obj)
                0x000000008000464c                z_impl_k_thread_abort
 .text.slice_timeout
                0x0000000080004654       0x20 zephyr/kernel/libkernel.a(timeslicing.c.obj)
 .text.thread_is_sliceable
                0x0000000080004674       0x48 zephyr/kernel/libkernel.a(timeslicing.c.obj)
                0x0000000080004674                thread_is_sliceable
 .text.z_reset_time_slice
                0x00000000800046bc       0x78 zephyr/kernel/libkernel.a(timeslicing.c.obj)
                0x00000000800046bc                z_reset_time_slice
 .text.z_time_slice
                0x0000000080004734       0x64 zephyr/kernel/libkernel.a(timeslicing.c.obj)
                0x0000000080004734                z_time_slice
 .text.first    0x0000000080004798       0x12 zephyr/kernel/libkernel.a(timeout.c.obj)
 .text.next_timeout
                0x00000000800047aa       0x3c zephyr/kernel/libkernel.a(timeout.c.obj)
 .text.elapsed  0x00000000800047e6       0x16 zephyr/kernel/libkernel.a(timeout.c.obj)
 .text.remove_timeout
                0x00000000800047fc       0x2c zephyr/kernel/libkernel.a(timeout.c.obj)
 .text.z_add_timeout
                0x0000000080004828       0xf0 zephyr/kernel/libkernel.a(timeout.c.obj)
                0x0000000080004828                z_add_timeout
 .text.z_abort_timeout
                0x0000000080004918       0x64 zephyr/kernel/libkernel.a(timeout.c.obj)
                0x0000000080004918                z_abort_timeout
 .text.sys_clock_announce
                0x000000008000497c       0xc2 zephyr/kernel/libkernel.a(timeout.c.obj)
                0x000000008000497c                sys_clock_announce
 .text.boot_banner
                0x0000000080004a3e       0x10 zephyr/kernel/libkernel.a(banner.c.obj)
                0x0000000080004a3e                boot_banner
 .text.strnlen  0x0000000080004a4e       0x18 /scratch/dima/rose-infra/RoSE/soc/sw/xpu-rt/zephyr-chipyard-sw/tools-manual/zephyr-sdk-1.0.0-beta1/gnu/riscv64-zephyr-elf/bin/../lib/gcc/riscv64-zephyr-elf/14.3.0/../../../../riscv64-zephyr-elf/lib/rv64imafdc_zicsr_zifencei/lp64d/medany/space/libc.a(libc_string_strnlen.c.o)
                0x0000000080004a4e                strnlen
 .text.printf   0x0000000080004a66       0x2e /scratch/dima/rose-infra/RoSE/soc/sw/xpu-rt/zephyr-chipyard-sw/tools-manual/zephyr-sdk-1.0.0-beta1/gnu/riscv64-zephyr-elf/bin/../lib/gcc/riscv64-zephyr-elf/14.3.0/../../../../riscv64-zephyr-elf/lib/rv64imafdc_zicsr_zifencei/lp64d/medany/space/libc.a(libc_tinystdio_printf.c.o)
                0x0000000080004a66                printf
 .text.puts     0x0000000080004a94       0x56 /scratch/dima/rose-infra/RoSE/soc/sw/xpu-rt/zephyr-chipyard-sw/tools-manual/zephyr-sdk-1.0.0-beta1/gnu/riscv64-zephyr-elf/bin/../lib/gcc/riscv64-zephyr-elf/14.3.0/../../../../riscv64-zephyr-elf/lib/rv64imafdc_zicsr_zifencei/lp64d/medany/space/libc.a(libc_tinystdio_puts.c.o)
                0x0000000080004a94                puts
 .text.__ultoa_invert
                0x0000000080004aea       0x3a /scratch/dima/rose-infra/RoSE/soc/sw/xpu-rt/zephyr-chipyard-sw/tools-manual/zephyr-sdk-1.0.0-beta1/gnu/riscv64-zephyr-elf/bin/../lib/gcc/riscv64-zephyr-elf/14.3.0/../../../../riscv64-zephyr-elf/lib/rv64imafdc_zicsr_zifencei/lp64d/medany/space/libc.a(libc_tinystdio_vfprintf.c.o)
 .text.skip_to_arg
                0x0000000080004b24      0x15c /scratch/dima/rose-infra/RoSE/soc/sw/xpu-rt/zephyr-chipyard-sw/tools-manual/zephyr-sdk-1.0.0-beta1/gnu/riscv64-zephyr-elf/bin/../lib/gcc/riscv64-zephyr-elf/14.3.0/../../../../riscv64-zephyr-elf/lib/rv64imafdc_zicsr_zifencei/lp64d/medany/space/libc.a(libc_tinystdio_vfprintf.c.o)
 .text.vfprintf
                0x0000000080004c80      0x9aa /scratch/dima/rose-infra/RoSE/soc/sw/xpu-rt/zephyr-chipyard-sw/tools-manual/zephyr-sdk-1.0.0-beta1/gnu/riscv64-zephyr-elf/bin/../lib/gcc/riscv64-zephyr-elf/14.3.0/../../../../riscv64-zephyr-elf/lib/rv64imafdc_zicsr_zifencei/lp64d/medany/space/libc.a(libc_tinystdio_vfprintf.c.o)
                0x0000000080004c80                __d_vfprintf
 .text.__dtoa_engine
                0x000000008000562a      0x432 /scratch/dima/rose-infra/RoSE/soc/sw/xpu-rt/zephyr-chipyard-sw/tools-manual/zephyr-sdk-1.0.0-beta1/gnu/riscv64-zephyr-elf/bin/../lib/gcc/riscv64-zephyr-elf/14.3.0/../../../../riscv64-zephyr-elf/lib/rv64imafdc_zicsr_zifencei/lp64d/medany/space/libc.a(libc_tinystdio_dtoa_ryu.c.o)
                0x000000008000562a                __dtoa_engine
 .text.__log10Pow2
                0x0000000080005a5c       0x10 /scratch/dima/rose-infra/RoSE/soc/sw/xpu-rt/zephyr-chipyard-sw/tools-manual/zephyr-sdk-1.0.0-beta1/gnu/riscv64-zephyr-elf/bin/../lib/gcc/riscv64-zephyr-elf/14.3.0/../../../../riscv64-zephyr-elf/lib/rv64imafdc_zicsr_zifencei/lp64d/medany/space/libc.a(libc_tinystdio_ryu_log10.c.o)
                0x0000000080005a5c                __log10Pow2
 .text.__log10Pow5
                0x0000000080005a6c       0x12 /scratch/dima/rose-infra/RoSE/soc/sw/xpu-rt/zephyr-chipyard-sw/tools-manual/zephyr-sdk-1.0.0-beta1/gnu/riscv64-zephyr-elf/bin/../lib/gcc/riscv64-zephyr-elf/14.3.0/../../../../riscv64-zephyr-elf/lib/rv64imafdc_zicsr_zifencei/lp64d/medany/space/libc.a(libc_tinystdio_ryu_log10.c.o)
                0x0000000080005a6c                __log10Pow5
 .text.__pow5bits
                0x0000000080005a7e       0x14 /scratch/dima/rose-infra/RoSE/soc/sw/xpu-rt/zephyr-chipyard-sw/tools-manual/zephyr-sdk-1.0.0-beta1/gnu/riscv64-zephyr-elf/bin/../lib/gcc/riscv64-zephyr-elf/14.3.0/../../../../riscv64-zephyr-elf/lib/rv64imafdc_zicsr_zifencei/lp64d/medany/space/libc.a(libc_tinystdio_ryu_pow5bits.c.o)
                0x0000000080005a7e                __pow5bits
 .text.__pow5Factor
                0x0000000080005a92       0x2e /scratch/dima/rose-infra/RoSE/soc/sw/xpu-rt/zephyr-chipyard-sw/tools-manual/zephyr-sdk-1.0.0-beta1/gnu/riscv64-zephyr-elf/bin/../lib/gcc/riscv64-zephyr-elf/14.3.0/../../../../riscv64-zephyr-elf/lib/rv64imafdc_zicsr_zifencei/lp64d/medany/space/libc.a(libc_tinystdio_ryu_table.c.o)
                0x0000000080005a92                __pow5Factor
 .text.__double_computePow5
                0x0000000080005ac0       0xfe /scratch/dima/rose-infra/RoSE/soc/sw/xpu-rt/zephyr-chipyard-sw/tools-manual/zephyr-sdk-1.0.0-beta1/gnu/riscv64-zephyr-elf/bin/../lib/gcc/riscv64-zephyr-elf/14.3.0/../../../../riscv64-zephyr-elf/lib/rv64imafdc_zicsr_zifencei/lp64d/medany/space/libc.a(libc_tinystdio_ryu_table.c.o)
                0x0000000080005ac0                __double_computePow5
 .text.__double_computeInvPow5
                0x0000000080005bbe      0x102 /scratch/dima/rose-infra/RoSE/soc/sw/xpu-rt/zephyr-chipyard-sw/tools-manual/zephyr-sdk-1.0.0-beta1/gnu/riscv64-zephyr-elf/bin/../lib/gcc/riscv64-zephyr-elf/14.3.0/../../../../riscv64-zephyr-elf/lib/rv64imafdc_zicsr_zifencei/lp64d/medany/space/libc.a(libc_tinystdio_ryu_table.c.o)
                0x0000000080005bbe                __double_computeInvPow5
 .text.expf     0x0000000080005cc0      0x1da /scratch/dima/rose-infra/RoSE/soc/sw/xpu-rt/zephyr-chipyard-sw/tools-manual/zephyr-sdk-1.0.0-beta1/gnu/riscv64-zephyr-elf/bin/../lib/gcc/riscv64-zephyr-elf/14.3.0/../../../../riscv64-zephyr-elf/lib/rv64imafdc_zicsr_zifencei/lp64d/medany/space/libc.a(libm_math_sf_exp.c.o)
                0x0000000080005cc0                expf
 .text.roundf   0x0000000080005e9a       0x66 /scratch/dima/rose-infra/RoSE/soc/sw/xpu-rt/zephyr-chipyard-sw/tools-manual/zephyr-sdk-1.0.0-beta1/gnu/riscv64-zephyr-elf/bin/../lib/gcc/riscv64-zephyr-elf/14.3.0/../../../../riscv64-zephyr-elf/lib/rv64imafdc_zicsr_zifencei/lp64d/medany/space/libc.a(libm_common_sf_round.c.o)
                0x0000000080005e9a                roundf
 .text.__math_uflowf
                0x0000000080005f00       0x1c /scratch/dima/rose-infra/RoSE/soc/sw/xpu-rt/zephyr-chipyard-sw/tools-manual/zephyr-sdk-1.0.0-beta1/gnu/riscv64-zephyr-elf/bin/../lib/gcc/riscv64-zephyr-elf/14.3.0/../../../../riscv64-zephyr-elf/lib/rv64imafdc_zicsr_zifencei/lp64d/medany/space/libc.a(libm_common_math_errf_uflowf.c.o)
                0x0000000080005f00                __math_uflowf
 .text.__math_oflowf
                0x0000000080005f1c       0x1c /scratch/dima/rose-infra/RoSE/soc/sw/xpu-rt/zephyr-chipyard-sw/tools-manual/zephyr-sdk-1.0.0-beta1/gnu/riscv64-zephyr-elf/bin/../lib/gcc/riscv64-zephyr-elf/14.3.0/../../../../riscv64-zephyr-elf/lib/rv64imafdc_zicsr_zifencei/lp64d/medany/space/libc.a(libm_common_math_errf_oflowf.c.o)
                0x0000000080005f1c                __math_oflowf
 .text.__dtox_engine
                0x0000000080005f38       0xdc /scratch/dima/rose-infra/RoSE/soc/sw/xpu-rt/zephyr-chipyard-sw/tools-manual/zephyr-sdk-1.0.0-beta1/gnu/riscv64-zephyr-elf/bin/../lib/gcc/riscv64-zephyr-elf/14.3.0/../../../../riscv64-zephyr-elf/lib/rv64imafdc_zicsr_zifencei/lp64d/medany/space/libc.a(libc_tinystdio_dtox_engine.c.o)
                0x0000000080005f38                __dtox_engine
 .text.memcpy   0x0000000080006014       0x16 /scratch/dima/rose-infra/RoSE/soc/sw/xpu-rt/zephyr-chipyard-sw/tools-manual/zephyr-sdk-1.0.0-beta1/gnu/riscv64-zephyr-elf/bin/../lib/gcc/riscv64-zephyr-elf/14.3.0/../../../../riscv64-zephyr-elf/lib/rv64imafdc_zicsr_zifencei/lp64d/medany/space/libc.a(memcpy-asm.S.o)
                0x0000000080006014                memcpy
 .text.memset   0x000000008000602a       0x10 /scratch/dima/rose-infra/RoSE/soc/sw/xpu-rt/zephyr-chipyard-sw/tools-manual/zephyr-sdk-1.0.0-beta1/gnu/riscv64-zephyr-elf/bin/../lib/gcc/riscv64-zephyr-elf/14.3.0/../../../../riscv64-zephyr-elf/lib/rv64imafdc_zicsr_zifencei/lp64d/medany/space/libc.a(memset.S.o)
                0x000000008000602a                memset
 *(SORT_BY_ALIGNMENT(.gnu.linkonce.t.*))
                0x000000008000603a                __text_region_end = .
                0x000000008000603a                __rodata_region_start = .

initlevel       0x0000000080006040       0x50
                0x0000000080006040                __init_start = .
                0x0000000080006040                __init_EARLY_start = .
 *(SORT_BY_NAME(SORT_BY_ALIGNMENT(.z_init_EARLY_P_?_*)))
 *(SORT_BY_NAME(SORT_BY_ALIGNMENT(.z_init_EARLY_P_??_*)))
 *(SORT_BY_NAME(SORT_BY_ALIGNMENT(.z_init_EARLY_P_???_*)))
                0x0000000080006040                __init_PRE_KERNEL_1_start = .
 *(SORT_BY_NAME(SORT_BY_ALIGNMENT(.z_init_PRE_KERNEL_1_P_?_*)))
 *(SORT_BY_NAME(SORT_BY_ALIGNMENT(.z_init_PRE_KERNEL_1_P_??_*)))
 .z_init_PRE_KERNEL_1_P_40_SUB_00023_
                0x0000000080006040       0x10 zephyr/drivers/interrupt_controller/libdrivers__interrupt_controller.a(intc_plic.c.obj)
 .z_init_PRE_KERNEL_1_P_50_SUB_00004_
                0x0000000080006050       0x10 zephyr/drivers/serial/libdrivers__serial.a(uart_htif.c.obj)
 .z_init_PRE_KERNEL_1_P_60_SUB_0_
                0x0000000080006060       0x10 zephyr/drivers/console/libdrivers__console.a(uart_console.c.obj)
 *(SORT_BY_NAME(SORT_BY_ALIGNMENT(.z_init_PRE_KERNEL_1_P_???_*)))
                0x0000000080006070                __init_PRE_KERNEL_2_start = .
 *(SORT_BY_NAME(SORT_BY_ALIGNMENT(.z_init_PRE_KERNEL_2_P_?_*)))
 .z_init_PRE_KERNEL_2_P_0_SUB_0_
                0x0000000080006070       0x10 zephyr/drivers/timer/libdrivers__timer.a(riscv_machine_timer.c.obj)
 *(SORT_BY_NAME(SORT_BY_ALIGNMENT(.z_init_PRE_KERNEL_2_P_??_*)))
 *(SORT_BY_NAME(SORT_BY_ALIGNMENT(.z_init_PRE_KERNEL_2_P_???_*)))
                0x0000000080006080                __init_POST_KERNEL_start = .
 *(SORT_BY_NAME(SORT_BY_ALIGNMENT(.z_init_POST_KERNEL_P_?_*)))
 *(SORT_BY_NAME(SORT_BY_ALIGNMENT(.z_init_POST_KERNEL_P_??_*)))
 .z_init_POST_KERNEL_P_35_SUB_0_
                0x0000000080006080       0x10 zephyr/lib/libc/common/liblib__libc__common.a(malloc.c.obj)
 *(SORT_BY_NAME(SORT_BY_ALIGNMENT(.z_init_POST_KERNEL_P_???_*)))
                0x0000000080006090                __init_APPLICATION_start = .
 *(SORT_BY_NAME(SORT_BY_ALIGNMENT(.z_init_APPLICATION_P_?_*)))
 *(SORT_BY_NAME(SORT_BY_ALIGNMENT(.z_init_APPLICATION_P_??_*)))
 *(SORT_BY_NAME(SORT_BY_ALIGNMENT(.z_init_APPLICATION_P_???_*)))
                0x0000000080006090                __init_SMP_start = .
 *(SORT_BY_NAME(SORT_BY_ALIGNMENT(.z_init_SMP_P_?_*)))
 *(SORT_BY_NAME(SORT_BY_ALIGNMENT(.z_init_SMP_P_??_*)))
 *(SORT_BY_NAME(SORT_BY_ALIGNMENT(.z_init_SMP_P_???_*)))
                0x0000000080006090                __init_end = .

device_area     0x0000000080006090       0x80
                0x0000000080006090                _device_list_start = .
 *(SORT_BY_NAME(SORT_BY_ALIGNMENT(._device.static.*_?_*)))
 *(SORT_BY_NAME(SORT_BY_ALIGNMENT(._device.static.*_??_*)))
 ._device.static.1_40_
                0x0000000080006090       0x40 zephyr/drivers/interrupt_controller/libdrivers__interrupt_controller.a(intc_plic.c.obj)
                0x0000000080006090                __device_dts_ord_23
 ._device.static.1_50_
                0x00000000800060d0       0x40 zephyr/drivers/serial/libdrivers__serial.a(uart_htif.c.obj)
                0x00000000800060d0                __device_dts_ord_4
 *(SORT_BY_NAME(SORT_BY_ALIGNMENT(._device.static.*_???_*)))
 *(SORT_BY_NAME(SORT_BY_ALIGNMENT(._device.static.*_????_*)))
 *(SORT_BY_NAME(SORT_BY_ALIGNMENT(._device.static.*_?????_*)))
                0x0000000080006110                _device_list_end = .

sw_isr_table    0x0000000080006110     0x40c0
                0x0000000080006110                . = ALIGN (0x4)
 *(SORT_BY_ALIGNMENT(.gnu.linkonce.sw_isr_table*))
 .gnu.linkonce.sw_isr_table
                0x0000000080006110     0x40c0 zephyr/CMakeFiles/zephyr_final.dir/isr_tables.c.obj
                0x0000000080006110                _sw_isr_table

initlevel_error
 *(SORT_BY_NAME(SORT_BY_ALIGNMENT(.z_init_*)))
                0x0000000000000001                ASSERT ((SIZEOF (initlevel_error) == 0x0), Undefined initialization levels used.)

app_shmem_regions
                0x000000008000a1d0        0x0
                0x000000008000a1d0                __app_shmem_regions_start = .
 *(SORT_BY_NAME(SORT_BY_ALIGNMENT(.app_regions.*)))
                0x000000008000a1d0                __app_shmem_regions_end = .

k_p4wq_initparam_area
                0x000000008000a1d0        0x0
                0x000000008000a1d0                _k_p4wq_initparam_list_start = .
 *(SORT_BY_NAME(SORT_BY_ALIGNMENT(._k_p4wq_initparam.static.*)))
                0x000000008000a1d0                _k_p4wq_initparam_list_end = .

_static_thread_data_area
                0x000000008000a1d0        0x0
                0x000000008000a1d0                __static_thread_data_list_start = .
 *(SORT_BY_NAME(SORT_BY_ALIGNMENT(.__static_thread_data.static.*)))
                0x000000008000a1d0                __static_thread_data_list_end = .

device_deps     0x000000008000a1d0        0x0
                0x000000008000a1d0                __device_deps_start = .
 *(SORT_BY_NAME(SORT_BY_ALIGNMENT(.__device_deps_pass2*)))
                0x000000008000a1d0                __device_deps_end = .

shared_irq_driver_api_area
                0x000000008000a1d0        0x0
                0x000000008000a1d0                _shared_irq_driver_api_list_start = .
 *(SORT_BY_NAME(SORT_BY_ALIGNMENT(._shared_irq_driver_api.static.*)))
                0x000000008000a1d0                _shared_irq_driver_api_list_end = .

crypto_driver_api_area
                0x000000008000a1d0        0x0
                0x000000008000a1d0                _crypto_driver_api_list_start = .
 *(SORT_BY_NAME(SORT_BY_ALIGNMENT(._crypto_driver_api.static.*)))
                0x000000008000a1d0                _crypto_driver_api_list_end = .

adc_driver_api_area
                0x000000008000a1d0        0x0
                0x000000008000a1d0                _adc_driver_api_list_start = .
 *(SORT_BY_NAME(SORT_BY_ALIGNMENT(._adc_driver_api.static.*)))
                0x000000008000a1d0                _adc_driver_api_list_end = .

auxdisplay_driver_api_area
                0x000000008000a1d0        0x0
                0x000000008000a1d0                _auxdisplay_driver_api_list_start = .
 *(SORT_BY_NAME(SORT_BY_ALIGNMENT(._auxdisplay_driver_api.static.*)))
                0x000000008000a1d0                _auxdisplay_driver_api_list_end = .

bbram_driver_api_area
                0x000000008000a1d0        0x0
                0x000000008000a1d0                _bbram_driver_api_list_start = .
 *(SORT_BY_NAME(SORT_BY_ALIGNMENT(._bbram_driver_api.static.*)))
                0x000000008000a1d0                _bbram_driver_api_list_end = .

bt_hci_driver_api_area
                0x000000008000a1d0        0x0
                0x000000008000a1d0                _bt_hci_driver_api_list_start = .
 *(SORT_BY_NAME(SORT_BY_ALIGNMENT(._bt_hci_driver_api.static.*)))
                0x000000008000a1d0                _bt_hci_driver_api_list_end = .

can_driver_api_area
                0x000000008000a1d0        0x0
                0x000000008000a1d0                _can_driver_api_list_start = .
 *(SORT_BY_NAME(SORT_BY_ALIGNMENT(._can_driver_api.static.*)))
                0x000000008000a1d0                _can_driver_api_list_end = .

cellular_driver_api_area
                0x000000008000a1d0        0x0
                0x000000008000a1d0                _cellular_driver_api_list_start = .
 *(SORT_BY_NAME(SORT_BY_ALIGNMENT(._cellular_driver_api.static.*)))
                0x000000008000a1d0                _cellular_driver_api_list_end = .

charger_driver_api_area
                0x000000008000a1d0        0x0
                0x000000008000a1d0                _charger_driver_api_list_start = .
 *(SORT_BY_NAME(SORT_BY_ALIGNMENT(._charger_driver_api.static.*)))
                0x000000008000a1d0                _charger_driver_api_list_end = .

clock_control_driver_api_area
                0x000000008000a1d0        0x0
                0x000000008000a1d0                _clock_control_driver_api_list_start = .
 *(SORT_BY_NAME(SORT_BY_ALIGNMENT(._clock_control_driver_api.static.*)))
                0x000000008000a1d0                _clock_control_driver_api_list_end = .

comparator_driver_api_area
                0x000000008000a1d0        0x0
                0x000000008000a1d0                _comparator_driver_api_list_start = .
 *(SORT_BY_NAME(SORT_BY_ALIGNMENT(._comparator_driver_api.static.*)))
                0x000000008000a1d0                _comparator_driver_api_list_end = .

coredump_driver_api_area
                0x000000008000a1d0        0x0
                0x000000008000a1d0                _coredump_driver_api_list_start = .
 *(SORT_BY_NAME(SORT_BY_ALIGNMENT(._coredump_driver_api.static.*)))
                0x000000008000a1d0                _coredump_driver_api_list_end = .

counter_driver_api_area
                0x000000008000a1d0        0x0
                0x000000008000a1d0                _counter_driver_api_list_start = .
 *(SORT_BY_NAME(SORT_BY_ALIGNMENT(._counter_driver_api.static.*)))
                0x000000008000a1d0                _counter_driver_api_list_end = .

crc_driver_api_area
                0x000000008000a1d0        0x0
                0x000000008000a1d0                _crc_driver_api_list_start = .
 *(SORT_BY_NAME(SORT_BY_ALIGNMENT(._crc_driver_api.static.*)))
                0x000000008000a1d0                _crc_driver_api_list_end = .

dac_driver_api_area
                0x000000008000a1d0        0x0
                0x000000008000a1d0                _dac_driver_api_list_start = .
 *(SORT_BY_NAME(SORT_BY_ALIGNMENT(._dac_driver_api.static.*)))
                0x000000008000a1d0                _dac_driver_api_list_end = .

dai_driver_api_area
                0x000000008000a1d0        0x0
                0x000000008000a1d0                _dai_driver_api_list_start = .
 *(SORT_BY_NAME(SORT_BY_ALIGNMENT(._dai_driver_api.static.*)))
                0x000000008000a1d0                _dai_driver_api_list_end = .

display_driver_api_area
                0x000000008000a1d0        0x0
                0x000000008000a1d0                _display_driver_api_list_start = .
 *(SORT_BY_NAME(SORT_BY_ALIGNMENT(._display_driver_api.static.*)))
                0x000000008000a1d0                _display_driver_api_list_end = .

dma_driver_api_area
                0x000000008000a1d0        0x0
                0x000000008000a1d0                _dma_driver_api_list_start = .
 *(SORT_BY_NAME(SORT_BY_ALIGNMENT(._dma_driver_api.static.*)))
                0x000000008000a1d0                _dma_driver_api_list_end = .

edac_driver_api_area
                0x000000008000a1d0        0x0
                0x000000008000a1d0                _edac_driver_api_list_start = .
 *(SORT_BY_NAME(SORT_BY_ALIGNMENT(._edac_driver_api.static.*)))
                0x000000008000a1d0                _edac_driver_api_list_end = .

eeprom_driver_api_area
                0x000000008000a1d0        0x0
                0x000000008000a1d0                _eeprom_driver_api_list_start = .
 *(SORT_BY_NAME(SORT_BY_ALIGNMENT(._eeprom_driver_api.static.*)))
                0x000000008000a1d0                _eeprom_driver_api_list_end = .

emul_bbram_driver_api_area
                0x000000008000a1d0        0x0
                0x000000008000a1d0                _emul_bbram_driver_api_list_start = .
 *(SORT_BY_NAME(SORT_BY_ALIGNMENT(._emul_bbram_driver_api.static.*)))
                0x000000008000a1d0                _emul_bbram_driver_api_list_end = .

fuel_gauge_emul_driver_api_area
                0x000000008000a1d0        0x0
                0x000000008000a1d0                _fuel_gauge_emul_driver_api_list_start = .
 *(SORT_BY_NAME(SORT_BY_ALIGNMENT(._fuel_gauge_emul_driver_api.static.*)))
                0x000000008000a1d0                _fuel_gauge_emul_driver_api_list_end = .

emul_sensor_driver_api_area
                0x000000008000a1d0        0x0
                0x000000008000a1d0                _emul_sensor_driver_api_list_start = .
 *(SORT_BY_NAME(SORT_BY_ALIGNMENT(._emul_sensor_driver_api.static.*)))
                0x000000008000a1d0                _emul_sensor_driver_api_list_end = .

entropy_driver_api_area
                0x000000008000a1d0        0x0
                0x000000008000a1d0                _entropy_driver_api_list_start = .
 *(SORT_BY_NAME(SORT_BY_ALIGNMENT(._entropy_driver_api.static.*)))
                0x000000008000a1d0                _entropy_driver_api_list_end = .

espi_driver_api_area
                0x000000008000a1d0        0x0
                0x000000008000a1d0                _espi_driver_api_list_start = .
 *(SORT_BY_NAME(SORT_BY_ALIGNMENT(._espi_driver_api.static.*)))
                0x000000008000a1d0                _espi_driver_api_list_end = .

espi_saf_driver_api_area
                0x000000008000a1d0        0x0
                0x000000008000a1d0                _espi_saf_driver_api_list_start = .
 *(SORT_BY_NAME(SORT_BY_ALIGNMENT(._espi_saf_driver_api.static.*)))
                0x000000008000a1d0                _espi_saf_driver_api_list_end = .

flash_driver_api_area
                0x000000008000a1d0        0x0
                0x000000008000a1d0                _flash_driver_api_list_start = .
 *(SORT_BY_NAME(SORT_BY_ALIGNMENT(._flash_driver_api.static.*)))
                0x000000008000a1d0                _flash_driver_api_list_end = .

fpga_driver_api_area
                0x000000008000a1d0        0x0
                0x000000008000a1d0                _fpga_driver_api_list_start = .
 *(SORT_BY_NAME(SORT_BY_ALIGNMENT(._fpga_driver_api.static.*)))
                0x000000008000a1d0                _fpga_driver_api_list_end = .

fuel_gauge_driver_api_area
                0x000000008000a1d0        0x0
                0x000000008000a1d0                _fuel_gauge_driver_api_list_start = .
 *(SORT_BY_NAME(SORT_BY_ALIGNMENT(._fuel_gauge_driver_api.static.*)))
                0x000000008000a1d0                _fuel_gauge_driver_api_list_end = .

gnss_driver_api_area
                0x000000008000a1d0        0x0
                0x000000008000a1d0                _gnss_driver_api_list_start = .
 *(SORT_BY_NAME(SORT_BY_ALIGNMENT(._gnss_driver_api.static.*)))
                0x000000008000a1d0                _gnss_driver_api_list_end = .

gpio_driver_api_area
                0x000000008000a1d0        0x0
                0x000000008000a1d0                _gpio_driver_api_list_start = .
 *(SORT_BY_NAME(SORT_BY_ALIGNMENT(._gpio_driver_api.static.*)))
                0x000000008000a1d0                _gpio_driver_api_list_end = .

haptics_driver_api_area
                0x000000008000a1d0        0x0
                0x000000008000a1d0                _haptics_driver_api_list_start = .
 *(SORT_BY_NAME(SORT_BY_ALIGNMENT(._haptics_driver_api.static.*)))
                0x000000008000a1d0                _haptics_driver_api_list_end = .

hwspinlock_driver_api_area
                0x000000008000a1d0        0x0
                0x000000008000a1d0                _hwspinlock_driver_api_list_start = .
 *(SORT_BY_NAME(SORT_BY_ALIGNMENT(._hwspinlock_driver_api.static.*)))
                0x000000008000a1d0                _hwspinlock_driver_api_list_end = .

i2c_driver_api_area
                0x000000008000a1d0        0x0
                0x000000008000a1d0                _i2c_driver_api_list_start = .
 *(SORT_BY_NAME(SORT_BY_ALIGNMENT(._i2c_driver_api.static.*)))
                0x000000008000a1d0                _i2c_driver_api_list_end = .

i2c_target_driver_api_area
                0x000000008000a1d0        0x0
                0x000000008000a1d0                _i2c_target_driver_api_list_start = .
 *(SORT_BY_NAME(SORT_BY_ALIGNMENT(._i2c_target_driver_api.static.*)))
                0x000000008000a1d0                _i2c_target_driver_api_list_end = .

i2s_driver_api_area
                0x000000008000a1d0        0x0
                0x000000008000a1d0                _i2s_driver_api_list_start = .
 *(SORT_BY_NAME(SORT_BY_ALIGNMENT(._i2s_driver_api.static.*)))
                0x000000008000a1d0                _i2s_driver_api_list_end = .

i3c_driver_api_area
                0x000000008000a1d0        0x0
                0x000000008000a1d0                _i3c_driver_api_list_start = .
 *(SORT_BY_NAME(SORT_BY_ALIGNMENT(._i3c_driver_api.static.*)))
                0x000000008000a1d0                _i3c_driver_api_list_end = .

ipm_driver_api_area
                0x000000008000a1d0        0x0
                0x000000008000a1d0                _ipm_driver_api_list_start = .
 *(SORT_BY_NAME(SORT_BY_ALIGNMENT(._ipm_driver_api.static.*)))
                0x000000008000a1d0                _ipm_driver_api_list_end = .

led_driver_api_area
                0x000000008000a1d0        0x0
                0x000000008000a1d0                _led_driver_api_list_start = .
 *(SORT_BY_NAME(SORT_BY_ALIGNMENT(._led_driver_api.static.*)))
                0x000000008000a1d0                _led_driver_api_list_end = .

led_strip_driver_api_area
                0x000000008000a1d0        0x0
                0x000000008000a1d0                _led_strip_driver_api_list_start = .
 *(SORT_BY_NAME(SORT_BY_ALIGNMENT(._led_strip_driver_api.static.*)))
                0x000000008000a1d0                _led_strip_driver_api_list_end = .

lora_driver_api_area
                0x000000008000a1d0        0x0
                0x000000008000a1d0                _lora_driver_api_list_start = .
 *(SORT_BY_NAME(SORT_BY_ALIGNMENT(._lora_driver_api.static.*)))
                0x000000008000a1d0                _lora_driver_api_list_end = .

mbox_driver_api_area
                0x000000008000a1d0        0x0
                0x000000008000a1d0                _mbox_driver_api_list_start = .
 *(SORT_BY_NAME(SORT_BY_ALIGNMENT(._mbox_driver_api.static.*)))
                0x000000008000a1d0                _mbox_driver_api_list_end = .

mdio_driver_api_area
                0x000000008000a1d0        0x0
                0x000000008000a1d0                _mdio_driver_api_list_start = .
 *(SORT_BY_NAME(SORT_BY_ALIGNMENT(._mdio_driver_api.static.*)))
                0x000000008000a1d0                _mdio_driver_api_list_end = .

mipi_dbi_driver_api_area
                0x000000008000a1d0        0x0
                0x000000008000a1d0                _mipi_dbi_driver_api_list_start = .
 *(SORT_BY_NAME(SORT_BY_ALIGNMENT(._mipi_dbi_driver_api.static.*)))
                0x000000008000a1d0                _mipi_dbi_driver_api_list_end = .

mipi_dsi_driver_api_area
                0x000000008000a1d0        0x0
                0x000000008000a1d0                _mipi_dsi_driver_api_list_start = .
 *(SORT_BY_NAME(SORT_BY_ALIGNMENT(._mipi_dsi_driver_api.static.*)))
                0x000000008000a1d0                _mipi_dsi_driver_api_list_end = .

mspi_driver_api_area
                0x000000008000a1d0        0x0
                0x000000008000a1d0                _mspi_driver_api_list_start = .
 *(SORT_BY_NAME(SORT_BY_ALIGNMENT(._mspi_driver_api.static.*)))
                0x000000008000a1d0                _mspi_driver_api_list_end = .

opamp_driver_api_area
                0x000000008000a1d0        0x0
                0x000000008000a1d0                _opamp_driver_api_list_start = .
 *(SORT_BY_NAME(SORT_BY_ALIGNMENT(._opamp_driver_api.static.*)))
                0x000000008000a1d0                _opamp_driver_api_list_end = .

peci_driver_api_area
                0x000000008000a1d0        0x0
                0x000000008000a1d0                _peci_driver_api_list_start = .
 *(SORT_BY_NAME(SORT_BY_ALIGNMENT(._peci_driver_api.static.*)))
                0x000000008000a1d0                _peci_driver_api_list_end = .

ps2_driver_api_area
                0x000000008000a1d0        0x0
                0x000000008000a1d0                _ps2_driver_api_list_start = .
 *(SORT_BY_NAME(SORT_BY_ALIGNMENT(._ps2_driver_api.static.*)))
                0x000000008000a1d0                _ps2_driver_api_list_end = .

ptp_clock_driver_api_area
                0x000000008000a1d0        0x0
                0x000000008000a1d0                _ptp_clock_driver_api_list_start = .
 *(SORT_BY_NAME(SORT_BY_ALIGNMENT(._ptp_clock_driver_api.static.*)))
                0x000000008000a1d0                _ptp_clock_driver_api_list_end = .

pwm_driver_api_area
                0x000000008000a1d0        0x0
                0x000000008000a1d0                _pwm_driver_api_list_start = .
 *(SORT_BY_NAME(SORT_BY_ALIGNMENT(._pwm_driver_api.static.*)))
                0x000000008000a1d0                _pwm_driver_api_list_end = .

regulator_parent_driver_api_area
                0x000000008000a1d0        0x0
                0x000000008000a1d0                _regulator_parent_driver_api_list_start = .
 *(SORT_BY_NAME(SORT_BY_ALIGNMENT(._regulator_parent_driver_api.static.*)))
                0x000000008000a1d0                _regulator_parent_driver_api_list_end = .

regulator_driver_api_area
                0x000000008000a1d0        0x0
                0x000000008000a1d0                _regulator_driver_api_list_start = .
 *(SORT_BY_NAME(SORT_BY_ALIGNMENT(._regulator_driver_api.static.*)))
                0x000000008000a1d0                _regulator_driver_api_list_end = .

reset_driver_api_area
                0x000000008000a1d0        0x0
                0x000000008000a1d0                _reset_driver_api_list_start = .
 *(SORT_BY_NAME(SORT_BY_ALIGNMENT(._reset_driver_api.static.*)))
                0x000000008000a1d0                _reset_driver_api_list_end = .

retained_mem_driver_api_area
                0x000000008000a1d0        0x0
                0x000000008000a1d0                _retained_mem_driver_api_list_start = .
 *(SORT_BY_NAME(SORT_BY_ALIGNMENT(._retained_mem_driver_api.static.*)))
                0x000000008000a1d0                _retained_mem_driver_api_list_end = .

rtc_driver_api_area
                0x000000008000a1d0        0x0
                0x000000008000a1d0                _rtc_driver_api_list_start = .
 *(SORT_BY_NAME(SORT_BY_ALIGNMENT(._rtc_driver_api.static.*)))
                0x000000008000a1d0                _rtc_driver_api_list_end = .

sdhc_driver_api_area
                0x000000008000a1d0        0x0
                0x000000008000a1d0                _sdhc_driver_api_list_start = .
 *(SORT_BY_NAME(SORT_BY_ALIGNMENT(._sdhc_driver_api.static.*)))
                0x000000008000a1d0                _sdhc_driver_api_list_end = .

sensor_driver_api_area
                0x000000008000a1d0        0x0
                0x000000008000a1d0                _sensor_driver_api_list_start = .
 *(SORT_BY_NAME(SORT_BY_ALIGNMENT(._sensor_driver_api.static.*)))
                0x000000008000a1d0                _sensor_driver_api_list_end = .

smbus_driver_api_area
                0x000000008000a1d0        0x0
                0x000000008000a1d0                _smbus_driver_api_list_start = .
 *(SORT_BY_NAME(SORT_BY_ALIGNMENT(._smbus_driver_api.static.*)))
                0x000000008000a1d0                _smbus_driver_api_list_end = .

spi_driver_api_area
                0x000000008000a1d0        0x0
                0x000000008000a1d0                _spi_driver_api_list_start = .
 *(SORT_BY_NAME(SORT_BY_ALIGNMENT(._spi_driver_api.static.*)))
                0x000000008000a1d0                _spi_driver_api_list_end = .

stepper_driver_api_area
                0x000000008000a1d0        0x0
                0x000000008000a1d0                _stepper_driver_api_list_start = .
 *(SORT_BY_NAME(SORT_BY_ALIGNMENT(._stepper_driver_api.static.*)))
                0x000000008000a1d0                _stepper_driver_api_list_end = .

syscon_driver_api_area
                0x000000008000a1d0        0x0
                0x000000008000a1d0                _syscon_driver_api_list_start = .
 *(SORT_BY_NAME(SORT_BY_ALIGNMENT(._syscon_driver_api.static.*)))
                0x000000008000a1d0                _syscon_driver_api_list_end = .

tee_driver_api_area
                0x000000008000a1d0        0x0
                0x000000008000a1d0                _tee_driver_api_list_start = .
 *(SORT_BY_NAME(SORT_BY_ALIGNMENT(._tee_driver_api.static.*)))
                0x000000008000a1d0                _tee_driver_api_list_end = .

video_driver_api_area
                0x000000008000a1d0        0x0
                0x000000008000a1d0                _video_driver_api_list_start = .
 *(SORT_BY_NAME(SORT_BY_ALIGNMENT(._video_driver_api.static.*)))
                0x000000008000a1d0                _video_driver_api_list_end = .

virtio_driver_api_area
                0x000000008000a1d0        0x0
                0x000000008000a1d0                _virtio_driver_api_list_start = .
 *(SORT_BY_NAME(SORT_BY_ALIGNMENT(._virtio_driver_api.static.*)))
                0x000000008000a1d0                _virtio_driver_api_list_end = .

w1_driver_api_area
                0x000000008000a1d0        0x0
                0x000000008000a1d0                _w1_driver_api_list_start = .
 *(SORT_BY_NAME(SORT_BY_ALIGNMENT(._w1_driver_api.static.*)))
                0x000000008000a1d0                _w1_driver_api_list_end = .

wdt_driver_api_area
                0x000000008000a1d0        0x0
                0x000000008000a1d0                _wdt_driver_api_list_start = .
 *(SORT_BY_NAME(SORT_BY_ALIGNMENT(._wdt_driver_api.static.*)))
                0x000000008000a1d0                _wdt_driver_api_list_end = .

can_transceiver_driver_api_area
                0x000000008000a1d0        0x0
                0x000000008000a1d0                _can_transceiver_driver_api_list_start = .
 *(SORT_BY_NAME(SORT_BY_ALIGNMENT(._can_transceiver_driver_api.static.*)))
                0x000000008000a1d0                _can_transceiver_driver_api_list_end = .

nrf_clock_control_driver_api_area
                0x000000008000a1d0        0x0
                0x000000008000a1d0                _nrf_clock_control_driver_api_list_start = .
 *(SORT_BY_NAME(SORT_BY_ALIGNMENT(._nrf_clock_control_driver_api.static.*)))
                0x000000008000a1d0                _nrf_clock_control_driver_api_list_end = .

i3c_target_driver_api_area
                0x000000008000a1d0        0x0
                0x000000008000a1d0                _i3c_target_driver_api_list_start = .
 *(SORT_BY_NAME(SORT_BY_ALIGNMENT(._i3c_target_driver_api.static.*)))
                0x000000008000a1d0                _i3c_target_driver_api_list_end = .

its_driver_api_area
                0x000000008000a1d0        0x0
                0x000000008000a1d0                _its_driver_api_list_start = .
 *(SORT_BY_NAME(SORT_BY_ALIGNMENT(._its_driver_api.static.*)))
                0x000000008000a1d0                _its_driver_api_list_end = .

vtd_driver_api_area
                0x000000008000a1d0        0x0
                0x000000008000a1d0                _vtd_driver_api_list_start = .
 *(SORT_BY_NAME(SORT_BY_ALIGNMENT(._vtd_driver_api.static.*)))
                0x000000008000a1d0                _vtd_driver_api_list_end = .

renesas_elc_driver_api_area
                0x000000008000a1d0        0x0
                0x000000008000a1d0                _renesas_elc_driver_api_list_start = .
 *(SORT_BY_NAME(SORT_BY_ALIGNMENT(._renesas_elc_driver_api.static.*)))
                0x000000008000a1d0                _renesas_elc_driver_api_list_end = .

tgpio_driver_api_area
                0x000000008000a1d0        0x0
                0x000000008000a1d0                _tgpio_driver_api_list_start = .
 *(SORT_BY_NAME(SORT_BY_ALIGNMENT(._tgpio_driver_api.static.*)))
                0x000000008000a1d0                _tgpio_driver_api_list_end = .

pcie_ctrl_driver_api_area
                0x000000008000a1d0        0x0
                0x000000008000a1d0                _pcie_ctrl_driver_api_list_start = .
 *(SORT_BY_NAME(SORT_BY_ALIGNMENT(._pcie_ctrl_driver_api.static.*)))
                0x000000008000a1d0                _pcie_ctrl_driver_api_list_end = .

pcie_ep_driver_api_area
                0x000000008000a1d0        0x0
                0x000000008000a1d0                _pcie_ep_driver_api_list_start = .
 *(SORT_BY_NAME(SORT_BY_ALIGNMENT(._pcie_ep_driver_api.static.*)))
                0x000000008000a1d0                _pcie_ep_driver_api_list_end = .

psi5_driver_api_area
                0x000000008000a1d0        0x0
                0x000000008000a1d0                _psi5_driver_api_list_start = .
 *(SORT_BY_NAME(SORT_BY_ALIGNMENT(._psi5_driver_api.static.*)))
                0x000000008000a1d0                _psi5_driver_api_list_end = .

sent_driver_api_area
                0x000000008000a1d0        0x0
                0x000000008000a1d0                _sent_driver_api_list_start = .
 *(SORT_BY_NAME(SORT_BY_ALIGNMENT(._sent_driver_api.static.*)))
                0x000000008000a1d0                _sent_driver_api_list_end = .

svc_driver_api_area
                0x000000008000a1d0        0x0
                0x000000008000a1d0                _svc_driver_api_list_start = .
 *(SORT_BY_NAME(SORT_BY_ALIGNMENT(._svc_driver_api.static.*)))
                0x000000008000a1d0                _svc_driver_api_list_end = .

uart_driver_api_area
                0x000000008000a1d0        0x0
                0x000000008000a1d0                _uart_driver_api_list_start = .
 *(SORT_BY_NAME(SORT_BY_ALIGNMENT(._uart_driver_api.static.*)))
                0x000000008000a1d0                _uart_driver_api_list_end = .

bc12_emul_driver_api_area
                0x000000008000a1d0        0x0
                0x000000008000a1d0                _bc12_emul_driver_api_list_start = .
 *(SORT_BY_NAME(SORT_BY_ALIGNMENT(._bc12_emul_driver_api.static.*)))
                0x000000008000a1d0                _bc12_emul_driver_api_list_end = .

bc12_driver_api_area
                0x000000008000a1d0        0x0
                0x000000008000a1d0                _bc12_driver_api_list_start = .
 *(SORT_BY_NAME(SORT_BY_ALIGNMENT(._bc12_driver_api.static.*)))
                0x000000008000a1d0                _bc12_driver_api_list_end = .

usbc_ppc_driver_api_area
                0x000000008000a1d0        0x0
                0x000000008000a1d0                _usbc_ppc_driver_api_list_start = .
 *(SORT_BY_NAME(SORT_BY_ALIGNMENT(._usbc_ppc_driver_api.static.*)))
                0x000000008000a1d0                _usbc_ppc_driver_api_list_end = .

tcpc_driver_api_area
                0x000000008000a1d0        0x0
                0x000000008000a1d0                _tcpc_driver_api_list_start = .
 *(SORT_BY_NAME(SORT_BY_ALIGNMENT(._tcpc_driver_api.static.*)))
                0x000000008000a1d0                _tcpc_driver_api_list_end = .

usbc_vbus_driver_api_area
                0x000000008000a1d0        0x0
                0x000000008000a1d0                _usbc_vbus_driver_api_list_start = .
 *(SORT_BY_NAME(SORT_BY_ALIGNMENT(._usbc_vbus_driver_api.static.*)))
                0x000000008000a1d0                _usbc_vbus_driver_api_list_end = .

ivshmem_driver_api_area
                0x000000008000a1d0        0x0
                0x000000008000a1d0                _ivshmem_driver_api_list_start = .
 *(SORT_BY_NAME(SORT_BY_ALIGNMENT(._ivshmem_driver_api.static.*)))
                0x000000008000a1d0                _ivshmem_driver_api_list_end = .

ethphy_driver_api_area
                0x000000008000a1d0        0x0
                0x000000008000a1d0                _ethphy_driver_api_list_start = .
 *(SORT_BY_NAME(SORT_BY_ALIGNMENT(._ethphy_driver_api.static.*)))
                0x000000008000a1d0                _ethphy_driver_api_list_end = .

ztest           0x000000008000a1d0        0x0
                0x000000008000a1d0                _ztest_expected_result_entry_list_start = .
 *(SORT_BY_NAME(SORT_BY_ALIGNMENT(._ztest_expected_result_entry.static.*)))
                0x000000008000a1d0                _ztest_expected_result_entry_list_end = .
                0x000000008000a1d0                _ztest_suite_node_list_start = .
 *(SORT_BY_NAME(SORT_BY_ALIGNMENT(._ztest_suite_node.static.*)))
                0x000000008000a1d0                _ztest_suite_node_list_end = .
                0x000000008000a1d0                _ztest_unit_test_list_start = .
 *(SORT_BY_NAME(SORT_BY_ALIGNMENT(._ztest_unit_test.static.*)))
                0x000000008000a1d0                _ztest_unit_test_list_end = .
                0x000000008000a1d0                _ztest_test_rule_list_start = .
 *(SORT_BY_NAME(SORT_BY_ALIGNMENT(._ztest_test_rule.static.*)))
                0x000000008000a1d0                _ztest_test_rule_list_end = .

init_array      0x000000008000a1d0        0x0
                0x000000008000a1d0                __zephyr_init_array_start = .
 *(SORT_BY_INIT_PRIORITY(.init_array.*) SORT_BY_INIT_PRIORITY(.ctors.*))
 *(SORT_BY_ALIGNMENT(.init_array) SORT_BY_ALIGNMENT(.ctors))
                0x000000008000a1d0                __zephyr_init_array_end = .
                0x0000000000000001                ASSERT ((__zephyr_init_array_start == __zephyr_init_array_end), GNU-style constructors required but STATIC_INIT_GNU not enabled)

bt_l2cap_fixed_chan_area
                0x000000008000a1d0        0x0
                0x000000008000a1d0                _bt_l2cap_fixed_chan_list_start = .
 *(SORT_BY_NAME(SORT_BY_ALIGNMENT(._bt_l2cap_fixed_chan.static.*)))
                0x000000008000a1d0                _bt_l2cap_fixed_chan_list_end = .

bt_gatt_service_static_area
                0x000000008000a1d0        0x0
                0x000000008000a1d0                _bt_gatt_service_static_list_start = .
 *(SORT_BY_NAME(SORT_BY_ALIGNMENT(._bt_gatt_service_static.static.*)))
                0x000000008000a1d0                _bt_gatt_service_static_list_end = .

log_strings_area
                0x000000008000a1d0        0x0
                0x000000008000a1d0                _log_strings_list_start = .
 *(SORT_BY_NAME(SORT_BY_ALIGNMENT(._log_strings.static.*)))
                0x000000008000a1d0                _log_strings_list_end = .

log_stmesp_ptr_area
                0x000000008000a1d0        0x0
                0x000000008000a1d0                _log_stmesp_ptr_list_start = .
 *(SORT_BY_NAME(SORT_BY_ALIGNMENT(._log_stmesp_ptr.static.*)))
                0x000000008000a1d0                _log_stmesp_ptr_list_end = .

log_stmesp_str_area
                0x000000008000a1d0        0x0
                0x000000008000a1d0                _log_stmesp_str_list_start = .
 *(SORT_BY_NAME(SORT_BY_ALIGNMENT(._log_stmesp_str.static.*)))
                0x000000008000a1d0                _log_stmesp_str_list_end = .

log_const_area  0x000000008000a1d0        0x0
                0x000000008000a1d0                _log_const_list_start = .
 *(SORT_BY_NAME(SORT_BY_ALIGNMENT(._log_const.static.*)))
                0x000000008000a1d0                _log_const_list_end = .

log_backend_area
                0x000000008000a1d0        0x0
                0x000000008000a1d0                _log_backend_list_start = .
 *(SORT_BY_NAME(SORT_BY_ALIGNMENT(._log_backend.static.*)))
                0x000000008000a1d0                _log_backend_list_end = .

log_link_area   0x000000008000a1d0        0x0
                0x000000008000a1d0                _log_link_list_start = .
 *(SORT_BY_NAME(SORT_BY_ALIGNMENT(._log_link.static.*)))
                0x000000008000a1d0                _log_link_list_end = .

tracing_backend_area
                0x000000008000a1d0        0x0
                0x000000008000a1d0                _tracing_backend_list_start = .
 *(SORT_BY_NAME(SORT_BY_ALIGNMENT(._tracing_backend.static.*)))
                0x000000008000a1d0                _tracing_backend_list_end = .

zephyr_dbg_info
 *(SORT_BY_ALIGNMENT(.dbg_thread_info))

intc_table_area
                0x000000008000a1d0       0x18
                0x000000008000a1d0                _intc_table_list_start = .
 *(SORT_BY_NAME(SORT_BY_ALIGNMENT(._intc_table.static.*)))
 ._intc_table.static.plic0_
                0x000000008000a1d0       0x18 zephyr/drivers/interrupt_controller/libdrivers__interrupt_controller.a(intc_plic.c.obj)
                0x000000008000a1e8                _intc_table_list_end = .

symbol_to_keep  0x000000008000a1e8        0x0
                0x000000008000a1e8                __symbol_to_keep_start = .
 *(SORT_BY_NAME(SORT_BY_ALIGNMENT(.symbol_to_keep*)))
                0x000000008000a1e8                __symbol_to_keep_end = .

shell_area      0x000000008000a1e8        0x0
                0x000000008000a1e8                _shell_list_start = .
 *(SORT_BY_NAME(SORT_BY_ALIGNMENT(._shell.static.*)))
                0x000000008000a1e8                _shell_list_end = .

shell_root_cmds_area
                0x000000008000a1e8        0x0
                0x000000008000a1e8                _shell_root_cmds_list_start = .
 *(SORT_BY_NAME(SORT_BY_ALIGNMENT(._shell_root_cmds.static.*)))
                0x000000008000a1e8                _shell_root_cmds_list_end = .

shell_subcmds_area
                0x000000008000a1e8        0x0
                0x000000008000a1e8                _shell_subcmds_list_start = .
 *(SORT_BY_NAME(SORT_BY_ALIGNMENT(._shell_subcmds.static.*)))
                0x000000008000a1e8                _shell_subcmds_list_end = .

shell_dynamic_subcmds_area
                0x000000008000a1e8        0x0
                0x000000008000a1e8                _shell_dynamic_subcmds_list_start = .
 *(SORT_BY_NAME(SORT_BY_ALIGNMENT(._shell_dynamic_subcmds.static.*)))
                0x000000008000a1e8                _shell_dynamic_subcmds_list_end = .

cfb_font_area   0x000000008000a1e8        0x0
                0x000000008000a1e8                _cfb_font_list_start = .
 *(SORT_BY_NAME(SORT_BY_ALIGNMENT(._cfb_font.static.*)))
                0x000000008000a1e8                _cfb_font_list_end = .

tdata           0x000000008000a1e8        0x0
 *(SORT_BY_ALIGNMENT(.tdata) SORT_BY_ALIGNMENT(.tdata.*) SORT_BY_ALIGNMENT(.gnu.linkonce.td.*))

tbss            0x000000008000a1e8        0x8
 *(SORT_BY_ALIGNMENT(.tbss) SORT_BY_ALIGNMENT(.tbss.*) SORT_BY_ALIGNMENT(.gnu.linkonce.tb.*) SORT_BY_ALIGNMENT(.tcommon))
 .tbss.z_tls_current
                0x000000008000a1e8        0x8 zephyr/libzephyr.a(thread_entry.c.obj)
                0x000000008000a1e8                z_tls_current
                0x000000008000a1e8                PROVIDE (__tdata_start = ADDR (tdata))
                0x0000000000000001                PROVIDE (__tdata_align = ALIGNOF (tdata))
                0x0000000000000000                PROVIDE (__tdata_size = (((SIZEOF (tdata) + __tdata_align) - 0x1) & ~ ((__tdata_align - 0x1))))
                [!provide]                        PROVIDE (__tdata_end = (__tdata_start + __tdata_size))
                0x0000000000000008                PROVIDE (__tbss_align = ALIGNOF (tbss))
                [!provide]                        PROVIDE (__tbss_start = ADDR (tbss))
                0x0000000000000008                PROVIDE (__tbss_size = (((SIZEOF (tbss) + __tbss_align) - 0x1) & ~ ((__tbss_align - 0x1))))
                [!provide]                        PROVIDE (__tbss_end = (__tbss_start + __tbss_size))
                [!provide]                        PROVIDE (__tls_start = __tdata_start)
                [!provide]                        PROVIDE (__tls_end = __tbss_end)
                [!provide]                        PROVIDE (__tls_size = (__tbss_end - __tdata_start))

rodata          0x000000008000a1f0    0x57458
                0x000000008000a1f0                . = ALIGN (0x4)
 *(SORT_BY_ALIGNMENT(.srodata))
 *(SORT_BY_ALIGNMENT(.srodata.*))
 .srodata.dronet_linear2_bias_q_rvv
                0x000000008000a1f0        0x4 app/libapp.a(weights.c.obj)
                0x000000008000a1f0                dronet_linear2_bias_q_rvv
 *fill*         0x000000008000a1f4        0x4 
 .srodata.dronet_linear1_bias_q_rvv
                0x000000008000a1f8        0x4 app/libapp.a(weights.c.obj)
                0x000000008000a1f8                dronet_linear1_bias_q_rvv
 *fill*         0x000000008000a1fc        0x4 
 .srodata.stdout
                0x000000008000a200        0x8 zephyr/lib/libc/picolibc/liblib__libc__picolibc.a(stdio.c.obj)
                0x000000008000a200                stdout
                0x000000008000a200                stderr
 .srodata.ln2LO
                0x000000008000a208        0x8 /scratch/dima/rose-infra/RoSE/soc/sw/xpu-rt/zephyr-chipyard-sw/tools-manual/zephyr-sdk-1.0.0-beta1/gnu/riscv64-zephyr-elf/bin/../lib/gcc/riscv64-zephyr-elf/14.3.0/../../../../riscv64-zephyr-elf/lib/rv64imafdc_zicsr_zifencei/lp64d/medany/space/libc.a(libm_math_sf_exp.c.o)
 .srodata.ln2HI
                0x000000008000a210        0x8 /scratch/dima/rose-infra/RoSE/soc/sw/xpu-rt/zephyr-chipyard-sw/tools-manual/zephyr-sdk-1.0.0-beta1/gnu/riscv64-zephyr-elf/bin/../lib/gcc/riscv64-zephyr-elf/14.3.0/../../../../riscv64-zephyr-elf/lib/rv64imafdc_zicsr_zifencei/lp64d/medany/space/libc.a(libm_math_sf_exp.c.o)
 .srodata.halF  0x000000008000a218        0x8 /scratch/dima/rose-infra/RoSE/soc/sw/xpu-rt/zephyr-chipyard-sw/tools-manual/zephyr-sdk-1.0.0-beta1/gnu/riscv64-zephyr-elf/bin/../lib/gcc/riscv64-zephyr-elf/14.3.0/../../../../riscv64-zephyr-elf/lib/rv64imafdc_zicsr_zifencei/lp64d/medany/space/libc.a(libm_math_sf_exp.c.o)
 .srodata.cst4  0x000000008000a220       0x80 app/libapp.a(main.c.obj)
                                          0x4 (size before relaxing)
 .srodata.cst4  0x000000008000a2a0       0x3c app/libapp.a(model.c.obj)
 .srodata.cst4  0x000000008000a2a0        0x4 app/libapp.a(kernels.c.obj)
 .srodata.cst4  0x000000008000a2a0       0x30 /scratch/dima/rose-infra/RoSE/soc/sw/xpu-rt/zephyr-chipyard-sw/tools-manual/zephyr-sdk-1.0.0-beta1/gnu/riscv64-zephyr-elf/bin/../lib/gcc/riscv64-zephyr-elf/14.3.0/../../../../riscv64-zephyr-elf/lib/rv64imafdc_zicsr_zifencei/lp64d/medany/space/libc.a(libm_math_sf_exp.c.o)
 .srodata.cst4  0x000000008000a2a0        0x8 /scratch/dima/rose-infra/RoSE/soc/sw/xpu-rt/zephyr-chipyard-sw/tools-manual/zephyr-sdk-1.0.0-beta1/gnu/riscv64-zephyr-elf/bin/../lib/gcc/riscv64-zephyr-elf/14.3.0/../../../../riscv64-zephyr-elf/lib/rv64imafdc_zicsr_zifencei/lp64d/medany/space/libc.a(libm_common_math_errf_uflowf.c.o)
 .srodata.cst4  0x000000008000a2a0        0x8 /scratch/dima/rose-infra/RoSE/soc/sw/xpu-rt/zephyr-chipyard-sw/tools-manual/zephyr-sdk-1.0.0-beta1/gnu/riscv64-zephyr-elf/bin/../lib/gcc/riscv64-zephyr-elf/14.3.0/../../../../riscv64-zephyr-elf/lib/rv64imafdc_zicsr_zifencei/lp64d/medany/space/libc.a(libm_common_math_errf_oflowf.c.o)
 *(SORT_BY_ALIGNMENT(.rodata))
 .rodata        0x000000008000a2a0     0x9310 app/libapp.a(test_io.S.obj)
                0x000000008000a2a0                model_dronet_test_input
                0x00000000800135a0                model_dronet_test_golden
 .rodata        0x00000000800135b0      0x100 /scratch/dima/rose-infra/RoSE/soc/sw/xpu-rt/zephyr-chipyard-sw/tools-manual/zephyr-sdk-1.0.0-beta1/gnu/riscv64-zephyr-elf/bin/../lib/gcc/riscv64-zephyr-elf/14.3.0/rv64imafdc_zicsr_zifencei/lp64d/medany/space/libgcc.a(_clz.o)
                0x00000000800135b0                __clz_tab
 *(SORT_BY_ALIGNMENT(.rodata.*))
 .rodata.main.str1.8
                0x00000000800136b0      0xb77 app/libapp.a(main.c.obj)
                                        0x186 (size before relaxing)
 .rodata.dispatch_dronet_21.str1.8
                0x0000000080014227       0x24 app/libapp.a(model.c.obj)
 .rodata.dispatch_dronet_20.str1.8
                0x0000000080014227       0x27 app/libapp.a(model.c.obj)
 .rodata.dispatch_dronet_19.str1.8
                0x0000000080014227        0x8 app/libapp.a(model.c.obj)
 .rodata.dispatch_dronet_18.str1.8
                0x0000000080014227       0x1f app/libapp.a(model.c.obj)
 .rodata.dispatch_dronet_17.str1.8
                0x0000000080014227        0xf app/libapp.a(model.c.obj)
 .rodata.dispatch_dronet_12.str1.8
                0x0000000080014227        0xf app/libapp.a(model.c.obj)
 .rodata.dispatch_dronet_7.str1.8
                0x0000000080014227        0xf app/libapp.a(model.c.obj)
 .rodata.dispatch_dronet_16.str1.8
                0x0000000080014227       0x63 app/libapp.a(model.c.obj)
 .rodata.dispatch_dronet_15.str1.8
                0x0000000080014227       0x54 app/libapp.a(model.c.obj)
 .rodata.dispatch_dronet_14.str1.8
                0x0000000080014227       0x53 app/libapp.a(model.c.obj)
 .rodata.dispatch_dronet_11.str1.8
                0x0000000080014227       0x54 app/libapp.a(model.c.obj)
 .rodata.dispatch_dronet_10.str1.8
                0x0000000080014227       0x52 app/libapp.a(model.c.obj)
 .rodata.dispatch_dronet_9.str1.8
                0x0000000080014227       0x54 app/libapp.a(model.c.obj)
 .rodata.dispatch_dronet_6.str1.8
                0x0000000080014227       0x56 app/libapp.a(model.c.obj)
 .rodata.dispatch_dronet_5.str1.8
                0x0000000080014227       0x56 app/libapp.a(model.c.obj)
 .rodata.dispatch_dronet_4.str1.8
                0x0000000080014227       0x56 app/libapp.a(model.c.obj)
 .rodata.dispatch_dronet_1.str1.8
                0x0000000080014227       0x5f app/libapp.a(model.c.obj)
 .rodata.dispatch_dronet_0.str1.8
                0x0000000080014227       0x16 app/libapp.a(model.c.obj)
 .rodata.dispatch_dronet_13.str1.8
                0x0000000080014227       0x31 app/libapp.a(model.c.obj)
 .rodata.dispatch_dronet_8.str1.8
                0x0000000080014227       0x23 app/libapp.a(model.c.obj)
 .rodata.dispatch_dronet_3.str1.8
                0x0000000080014227       0x23 app/libapp.a(model.c.obj)
 .rodata.dispatch_dronet_2.str1.8
                0x0000000080014227       0x69 app/libapp.a(model.c.obj)
 *fill*         0x0000000080014227        0x1 
 .rodata.MODEL_DRONET_DISPATCH_FNS
                0x0000000080014228       0xb0 app/libapp.a(model.c.obj)
                0x0000000080014228                MODEL_DRONET_DISPATCH_FNS
 .rodata.dronet_linear2_weight_q_rvv
                0x00000000800142d8      0x800 app/libapp.a(weights.c.obj)
                0x00000000800142d8                dronet_linear2_weight_q_rvv
 .rodata.dronet_linear1_weight_q_rvv
                0x0000000080014ad8      0x800 app/libapp.a(weights.c.obj)
                0x0000000080014ad8                dronet_linear1_weight_q_rvv
 .rodata.dronet_conv_modules_9_weight_q_rvv
                0x00000000800152d8     0x2000 app/libapp.a(weights.c.obj)
                0x00000000800152d8                dronet_conv_modules_9_weight_q_rvv
 .rodata.dronet_conv_modules_9_bias_q_rvv
                0x00000000800172d8      0x200 app/libapp.a(weights.c.obj)
                0x00000000800172d8                dronet_conv_modules_9_bias_q_rvv
 .rodata.dronet_conv_modules_8_weight_q_rvv
                0x00000000800174d8    0x24000 app/libapp.a(weights.c.obj)
                0x00000000800174d8                dronet_conv_modules_8_weight_q_rvv
 .rodata.dronet_conv_modules_8_bias_q_rvv
                0x000000008003b4d8      0x200 app/libapp.a(weights.c.obj)
                0x000000008003b4d8                dronet_conv_modules_8_bias_q_rvv
 .rodata.dronet_conv_modules_7_weight_q_rvv
                0x000000008003b6d8    0x12000 app/libapp.a(weights.c.obj)
                0x000000008003b6d8                dronet_conv_modules_7_weight_q_rvv
 .rodata.dronet_conv_modules_7_bias_q_rvv
                0x000000008004d6d8      0x200 app/libapp.a(weights.c.obj)
                0x000000008004d6d8                dronet_conv_modules_7_bias_q_rvv
 .rodata.dronet_conv_modules_6_weight_q_rvv
                0x000000008004d8d8      0x800 app/libapp.a(weights.c.obj)
                0x000000008004d8d8                dronet_conv_modules_6_weight_q_rvv
 .rodata.dronet_conv_modules_6_bias_q_rvv
                0x000000008004e0d8      0x100 app/libapp.a(weights.c.obj)
                0x000000008004e0d8                dronet_conv_modules_6_bias_q_rvv
 .rodata.dronet_conv_modules_5_weight_q_rvv
                0x000000008004e1d8     0x9000 app/libapp.a(weights.c.obj)
                0x000000008004e1d8                dronet_conv_modules_5_weight_q_rvv
 .rodata.dronet_conv_modules_5_bias_q_rvv
                0x00000000800571d8      0x100 app/libapp.a(weights.c.obj)
                0x00000000800571d8                dronet_conv_modules_5_bias_q_rvv
 .rodata.dronet_conv_modules_4_weight_q_rvv
                0x00000000800572d8     0x4800 app/libapp.a(weights.c.obj)
                0x00000000800572d8                dronet_conv_modules_4_weight_q_rvv
 .rodata.dronet_conv_modules_4_bias_q_rvv
                0x000000008005bad8      0x100 app/libapp.a(weights.c.obj)
                0x000000008005bad8                dronet_conv_modules_4_bias_q_rvv
 .rodata.dronet_conv_modules_3_weight_q_rvv
                0x000000008005bbd8      0x400 app/libapp.a(weights.c.obj)
                0x000000008005bbd8                dronet_conv_modules_3_weight_q_rvv
 .rodata.dronet_conv_modules_3_bias_q_rvv
                0x000000008005bfd8       0x80 app/libapp.a(weights.c.obj)
                0x000000008005bfd8                dronet_conv_modules_3_bias_q_rvv
 .rodata.dronet_conv_modules_2_weight_q_rvv
                0x000000008005c058     0x2400 app/libapp.a(weights.c.obj)
                0x000000008005c058                dronet_conv_modules_2_weight_q_rvv
 .rodata.dronet_conv_modules_2_bias_q_rvv
                0x000000008005e458       0x80 app/libapp.a(weights.c.obj)
                0x000000008005e458                dronet_conv_modules_2_bias_q_rvv
 .rodata.dronet_conv_modules_1_weight_q_rvv
                0x000000008005e4d8     0x2400 app/libapp.a(weights.c.obj)
                0x000000008005e4d8                dronet_conv_modules_1_weight_q_rvv
 .rodata.dronet_conv_modules_1_bias_q_rvv
                0x00000000800608d8       0x80 app/libapp.a(weights.c.obj)
                0x00000000800608d8                dronet_conv_modules_1_bias_q_rvv
 .rodata.dronet_conv_modules_0_weight_q_tile_1_rvv
                0x0000000080060958      0x1b0 app/libapp.a(weights.c.obj)
                0x0000000080060958                dronet_conv_modules_0_weight_q_tile_1_rvv
 .rodata.dronet_conv_modules_0_weight_q_tile_0_rvv
                0x0000000080060b08      0x1b0 app/libapp.a(weights.c.obj)
                0x0000000080060b08                dronet_conv_modules_0_weight_q_tile_0_rvv
 .rodata.dronet_conv_modules_0_bias_q_tile_1_rvv
                0x0000000080060cb8       0x40 app/libapp.a(weights.c.obj)
                0x0000000080060cb8                dronet_conv_modules_0_bias_q_tile_1_rvv
 .rodata.dronet_conv_modules_0_bias_q_tile_0_rvv
                0x0000000080060cf8       0x40 app/libapp.a(weights.c.obj)
                0x0000000080060cf8                dronet_conv_modules_0_bias_q_tile_0_rvv
 .rodata.dronet_bn_modules_4_scale_rvv
                0x0000000080060d38      0x100 app/libapp.a(weights.c.obj)
                0x0000000080060d38                dronet_bn_modules_4_scale_rvv
 .rodata.dronet_bn_modules_4_bias_fused_rvv
                0x0000000080060e38      0x100 app/libapp.a(weights.c.obj)
                0x0000000080060e38                dronet_bn_modules_4_bias_fused_rvv
 .rodata.dronet_bn_modules_2_scale_rvv
                0x0000000080060f38       0x80 app/libapp.a(weights.c.obj)
                0x0000000080060f38                dronet_bn_modules_2_scale_rvv
 .rodata.dronet_bn_modules_2_bias_fused_rvv
                0x0000000080060fb8       0x80 app/libapp.a(weights.c.obj)
                0x0000000080060fb8                dronet_bn_modules_2_bias_fused_rvv
 .rodata.dronet_bn_modules_0_scale_rvv
                0x0000000080061038       0x80 app/libapp.a(weights.c.obj)
                0x0000000080061038                dronet_bn_modules_0_scale_rvv
 .rodata.dronet_bn_modules_0_bias_fused_rvv
                0x00000000800610b8       0x80 app/libapp.a(weights.c.obj)
                0x00000000800610b8                dronet_bn_modules_0_bias_fused_rvv
 .rodata.sys_reboot.str1.8
                0x0000000080061138       0x29 zephyr/libzephyr.a(reboot.c.obj)
 .rodata.z_riscv_fatal_error_csf.str1.8
                0x0000000080061138      0x247 zephyr/arch/arch/riscv/core/libarch__riscv__core.a(fatal.c.obj)
 .rodata.str1.8
                0x0000000080061138      0x175 zephyr/arch/arch/riscv/core/libarch__riscv__core.a(fatal.c.obj)
 .rodata.mcause_str.0
                0x0000000080061138       0x88 zephyr/arch/arch/riscv/core/libarch__riscv__core.a(fatal.c.obj)
 .rodata.print_trace_address.str1.8
                0x00000000800611c0       0x21 zephyr/arch/arch/riscv/core/libarch__riscv__core.a(stacktrace.c.obj)
 .rodata.z_riscv_unwind_stack.str1.8
                0x00000000800611c0       0x12 zephyr/arch/arch/riscv/core/libarch__riscv__core.a(stacktrace.c.obj)
 .rodata.str1.8
                0x00000000800611c0       0x1d zephyr/drivers/interrupt_controller/libdrivers__interrupt_controller.a(intc_plic.c.obj)
 .rodata.plic_config_0
                0x00000000800611c0       0x40 zephyr/drivers/interrupt_controller/libdrivers__interrupt_controller.a(intc_plic.c.obj)
 .rodata.plic_hart_contexts_0
                0x0000000080061200       0x20 zephyr/drivers/interrupt_controller/libdrivers__interrupt_controller.a(intc_plic.c.obj)
 .rodata.str1.8
                0x0000000080061220        0xa zephyr/drivers/serial/libdrivers__serial.a(uart_htif.c.obj)
 .rodata.uart_htif_driver_api
                0x0000000080061220       0x28 zephyr/drivers/serial/libdrivers__serial.a(uart_htif.c.obj)
 .rodata.z_cstart.str1.8
                0x0000000080061248        0x5 zephyr/kernel/libkernel.a(init.c.obj)
 .rodata.levels.0
                0x0000000080061248       0x30 zephyr/kernel/libkernel.a(init.c.obj)
 .rodata.boot_banner.str1.8
                0x0000000080061278       0x2e zephyr/kernel/libkernel.a(banner.c.obj)
 .rodata.vfprintf.str1.8