Archive member included to satisfy reference by file (symbol)

app/libapp.a(main.c.obj)      (--whole-archive)
app/libapp.a(model.c.obj)     (--whole-archive)
app/libapp.a(kernels.c.obj)   (--whole-archive)
app/libapp.a(weights.c.obj)   (--whole-archive)
app/libapp.a(buffers.c.obj)   (--whole-archive)
app/libapp.a(test_io.S.obj)   (--whole-archive)
zephyr/libzephyr.a(validate_libc.c.obj)
                              (--whole-archive)
zephyr/libzephyr.a(heap.c.obj)
                              (--whole-archive)
zephyr/libzephyr.a(cbprintf_packaged.c.obj)
                              (--whole-archive)
zephyr/libzephyr.a(clock.c.obj)
                              (--whole-archive)
zephyr/libzephyr.a(printk.c.obj)
                              (--whole-archive)
zephyr/libzephyr.a(sem.c.obj)
                              (--whole-archive)
zephyr/libzephyr.a(thread_entry.c.obj)
                              (--whole-archive)
zephyr/libzephyr.a(cbprintf_complete.c.obj)
                              (--whole-archive)
zephyr/libzephyr.a(assert.c.obj)
                              (--whole-archive)
zephyr/libzephyr.a(reboot.c.obj)
                              (--whole-archive)
zephyr/libzephyr.a(dec.c.obj)
                              (--whole-archive)
zephyr/libzephyr.a(hex.c.obj)
                              (--whole-archive)
zephyr/libzephyr.a(rb.c.obj)  (--whole-archive)
zephyr/libzephyr.a(timeutil.c.obj)
                              (--whole-archive)
zephyr/libzephyr.a(bitarray.c.obj)
                              (--whole-archive)
zephyr/libzephyr.a(bitmask.c.obj)
                              (--whole-archive)
zephyr/libzephyr.a(ring_buffer.c.obj)
                              (--whole-archive)
zephyr/libzephyr.a(last_section_id.c.obj)
                              (--whole-archive)
zephyr/libzephyr.a(configs.c.obj)
                              (--whole-archive)
zephyr/libzephyr.a(soc_irq.S.obj)
                              (--whole-archive)
zephyr/libzephyr.a(soc_common_irq.c.obj)
                              (--whole-archive)
zephyr/libzephyr.a(vector.S.obj)
                              (--whole-archive)
zephyr/libzephyr.a(soc.c.obj)
                              (--whole-archive)
zephyr/libzephyr.a(tacit.c.obj)
                              (--whole-archive)
zephyr/libzephyr.a(tracing_none.c.obj)
                              (--whole-archive)
zephyr/arch/common/libarch__common.a(sw_isr_common.c.obj)
                              (--whole-archive)
zephyr/arch/common/libarch__common.a(init.c.obj)
                              (--whole-archive)
zephyr/arch/common/libarch__common.a(multilevel_irq.c.obj)
                              (--whole-archive)
zephyr/arch/arch/riscv/core/libarch__riscv__core.a(cpu_idle.c.obj)
                              (--whole-archive)
zephyr/arch/arch/riscv/core/libarch__riscv__core.a(fatal.c.obj)
                              (--whole-archive)
zephyr/arch/arch/riscv/core/libarch__riscv__core.a(irq_manage.c.obj)
                              (--whole-archive)
zephyr/arch/arch/riscv/core/libarch__riscv__core.a(prep_c.c.obj)
                              (--whole-archive)
zephyr/arch/arch/riscv/core/libarch__riscv__core.a(reboot.c.obj)
                              (--whole-archive)
zephyr/arch/arch/riscv/core/libarch__riscv__core.a(reset.S.obj)
                              (--whole-archive)
zephyr/arch/arch/riscv/core/libarch__riscv__core.a(switch.S.obj)
                              (--whole-archive)
zephyr/arch/arch/riscv/core/libarch__riscv__core.a(thread.c.obj)
                              (--whole-archive)
zephyr/arch/arch/riscv/core/libarch__riscv__core.a(fpu.c.obj)
                              (--whole-archive)
zephyr/arch/arch/riscv/core/libarch__riscv__core.a(fpu.S.obj)
                              (--whole-archive)
zephyr/arch/arch/riscv/core/libarch__riscv__core.a(isr.S.obj)
                              (--whole-archive)
zephyr/arch/arch/riscv/core/libarch__riscv__core.a(tls.c.obj)
                              (--whole-archive)
zephyr/arch/arch/riscv/core/libarch__riscv__core.a(stacktrace.c.obj)
                              (--whole-archive)
zephyr/lib/libc/picolibc/liblib__libc__picolibc.a(assert.c.obj)
                              (--whole-archive)
zephyr/lib/libc/picolibc/liblib__libc__picolibc.a(cbprintf.c.obj)
                              (--whole-archive)
zephyr/lib/libc/picolibc/liblib__libc__picolibc.a(chk_fail.c.obj)
                              (--whole-archive)
zephyr/lib/libc/picolibc/liblib__libc__picolibc.a(errno_wrap.c.obj)
                              (--whole-archive)
zephyr/lib/libc/picolibc/liblib__libc__picolibc.a(exit.c.obj)
                              (--whole-archive)
zephyr/lib/libc/picolibc/liblib__libc__picolibc.a(locks.c.obj)
                              (--whole-archive)
zephyr/lib/libc/picolibc/liblib__libc__picolibc.a(stdio.c.obj)
                              (--whole-archive)
[...]
Memory Configuration

Name             Origin             Length             Attributes
RAM              0x0000000080000000 0x0000000010000000 xrw
IDT_LIST         0x00000000fffff000 0x0000000000001000 xw
*default*        0x0000000000000000 0xffffffffffffffff

Linker script and memory map

                0x0000000080005744                vfprintf = __d_vfprintf
                0x0000000000000000                vfscanf = __d_vfscanf
LOAD zephyr/CMakeFiles/zephyr_pre0.dir/misc/empty_file.c.obj
LOAD zephyr/CMakeFiles/offsets.dir/./arch/riscv/core/offsets/offsets.c.obj
LOAD app/libapp.a
LOAD zephyr/libzephyr.a
LOAD zephyr/arch/common/libarch__common.a
LOAD zephyr/arch/arch/riscv/core/libarch__riscv__core.a
LOAD zephyr/lib/libc/picolibc/liblib__libc__picolibc.a
LOAD zephyr/lib/libc/common/liblib__libc__common.a
LOAD zephyr/lib/posix/c_lib_ext/liblib__posix__c_lib_ext.a
LOAD zephyr/drivers/interrupt_controller/libdrivers__interrupt_controller.a
LOAD zephyr/drivers/console/libdrivers__console.a
LOAD zephyr/drivers/serial/libdrivers__serial.a
LOAD zephyr/drivers/timer/libdrivers__timer.a
LOAD zephyr/kernel/libkernel.a
LOAD zephyr/arch/common/libisr_tables.a
LOAD /scratch/dima/rose-infra/RoSE/soc/sw/xpu-rt/zephyr-chipyard-sw/tools-manual/zephyr-sdk-1.0.0-beta1/gnu/riscv64-zephyr-elf/bin/../lib/gcc/riscv64-zephyr-elf/14.3.0/../../../../riscv64-zephyr-elf/lib/rv64imafdc_zicsr_zifencei/lp64d/medany/space/libc.a
LOAD /scratch/dima/rose-infra/RoSE/soc/sw/xpu-rt/zephyr-chipyard-sw/tools-manual/zephyr-sdk-1.0.0-beta1/gnu/riscv64-zephyr-elf/bin/../lib/gcc/riscv64-zephyr-elf/14.3.0/rv64imafdc_zicsr_zifencei/lp64d/medany/space/libgcc.a

.rel.plt        0x0000000000000000        0x0
 *(SORT_BY_ALIGNMENT(.rel.plt))
                [!provide]                        PROVIDE (__rel_iplt_start = .)
 *(SORT_BY_ALIGNMENT(.rel.iplt))
                [!provide]                        PROVIDE (__rel_iplt_end = .)

.rela.plt       0x0000000000000000        0x0
 *(SORT_BY_ALIGNMENT(.rela.plt))
                [!provide]                        PROVIDE (__rela_iplt_start = .)
 *(SORT_BY_ALIGNMENT(.rela.iplt))
                [!provide]                        PROVIDE (__rela_iplt_end = .)

.rel.dyn
 *(SORT_BY_ALIGNMENT(.rel.*))

.rela.dyn       0x0000000080000000        0x0
 *(SORT_BY_ALIGNMENT(.rela.*))
 .rela.sdata._char_out
                0x0000000080000000        0x0 app/libapp.a(main.c.obj)
 .rela.vectors.__start
                0x0000000080000000        0x0 app/libapp.a(main.c.obj)
 .rela.text.arch_bss_zero
                0x0000000080000000        0x0 app/libapp.a(main.c.obj)
 .rela.exception.entry._isr_wrapper
                0x0000000080000000        0x0 app/libapp.a(main.c.obj)
 .rela.text.arch_tls_stack_setup
                0x0000000080000000        0x0 app/libapp.a(main.c.obj)
 .rela.text.walk_stackframe
                0x0000000080000000        0x0 app/libapp.a(main.c.obj)
 .rela.text.malloc_prepare
                0x0000000080000000        0x0 app/libapp.a(main.c.obj)
 .rela.text.bg_thread_main
                0x0000000080000000        0x0 app/libapp.a(main.c.obj)
 .rela.rodata.levels.0
                0x0000000080000000        0x0 app/libapp.a(main.c.obj)
 .rela.text.__libc_fini_array
                0x0000000080000000        0x0 app/libapp.a(main.c.obj)

.plt
 *(SORT_BY_ALIGNMENT(.plt))

.iplt
 *(SORT_BY_ALIGNMENT(.iplt))
                0x0000000080000000                __rom_region_start = 0x80000000

rom_start       0x0000000080000000       0x1e
                0x0000000080000000                . = ALIGN (0x10)
                0x0000000080000000                __rom_start_address = .
 FILL mask 0x00
                0x0000000080000000                . = (. + (0x0 - (. - __rom_start_address)))
                0x0000000080000000                . = ALIGN (0x4)
 *(SORT_BY_ALIGNMENT(.vectors.*))
 .vectors.__start
                0x0000000080000000       0x1e zephyr/libzephyr.a(vector.S.obj)
                0x0000000080000000                __start

reset           0x0000000080000020        0xa
 *(SORT_BY_ALIGNMENT(.reset.*))
 .reset.__reset
                0x0000000080000020        0xa zephyr/arch/arch/riscv/core/libarch__riscv__core.a(reset.S.obj)
                0x0000000080000020                __reset

exceptions      0x000000008000002c      0x23a
 *(SORT_BY_ALIGNMENT(.exception.entry.*))
 .exception.entry._isr_wrapper
                0x000000008000002c      0x22c zephyr/arch/arch/riscv/core/libarch__riscv__core.a(isr.S.obj)
                0x000000008000002c                _isr_wrapper
                0x00000000800001fc                z_riscv_thread_start
 *(SORT_BY_ALIGNMENT(.exception.other.*))
 .exception.other.__soc_handle_irq
                0x0000000080000258        0xe zephyr/libzephyr.a(soc_irq.S.obj)
                0x0000000080000258                __soc_handle_irq

text            0x0000000080000268     0x68cc
                0x0000000080000268                . = ALIGN (0x4)
 *(SORT_BY_ALIGNMENT(.openocd_debug))
 *(SORT_BY_ALIGNMENT(.openocd_debug.*))
                0x0000000080000268                __text_region_start = .
 *(SORT_BY_ALIGNMENT(.text))
 .text          0x0000000080000268       0x2e /scratch/dima/rose-infra/RoSE/soc/sw/xpu-rt/zephyr-chipyard-sw/tools-manual/zephyr-sdk-1.0.0-beta1/gnu/riscv64-zephyr-elf/bin/../lib/gcc/riscv64-zephyr-elf/14.3.0/rv64imafdc_zicsr_zifencei/lp64d/medany/space/libgcc.a(_lshrdi3.o)
                0x0000000080000268                __lshrti3
 .text          0x0000000080000296       0x2e /scratch/dima/rose-infra/RoSE/soc/sw/xpu-rt/zephyr-chipyard-sw/tools-manual/zephyr-sdk-1.0.0-beta1/gnu/riscv64-zephyr-elf/bin/../lib/gcc/riscv64-zephyr-elf/14.3.0/rv64imafdc_zicsr_zifencei/lp64d/medany/space/libgcc.a(_ashldi3.o)
                0x0000000080000296                __ashlti3
 .text          0x00000000800002c4       0x32 /scratch/dima/rose-infra/RoSE/soc/sw/xpu-rt/zephyr-chipyard-sw/tools-manual/zephyr-sdk-1.0.0-beta1/gnu/riscv64-zephyr-elf/bin/../lib/gcc/riscv64-zephyr-elf/14.3.0/rv64imafdc_zicsr_zifencei/lp64d/medany/space/libgcc.a(_clzsi2.o)
                0x00000000800002c4                __clzdi2
 *(SORT_BY_ALIGNMENT(.text.*))
 *fill*         0x00000000800002f6        0x2 
 .text.__initialize
                0x00000000800002f8       0x3e zephyr/arch/arch/riscv/core/libarch__riscv__core.a(reset.S.obj)
                0x00000000800002f8                __initialize
 *fill*         0x0000000080000336        0x2 
 .text.z_riscv_switch
                0x0000000080000338       0x7e zephyr/arch/arch/riscv/core/libarch__riscv__core.a(switch.S.obj)
                0x0000000080000338                z_riscv_switch
 *fill*         0x00000000800003b6        0x2 
 .text.z_riscv_fpu_save
                0x00000000800003b8       0x7a zephyr/arch/arch/riscv/core/libarch__riscv__core.a(fpu.S.obj)
                0x00000000800003b8                z_riscv_fpu_save
 *fill*         0x0000000080000432        0x2 
 .text.z_riscv_fpu_restore
                0x0000000080000434       0x7a zephyr/arch/arch/riscv/core/libarch__riscv__core.a(fpu.S.obj)
                0x0000000080000434                z_riscv_fpu_restore
 .text._OffsetAbsSyms
                0x00000000800004ae        0x2 zephyr/CMakeFiles/offsets.dir/./arch/riscv/core/offsets/offsets.c.obj
                0x00000000800004ae                _OffsetAbsSyms
 .text.main     0x00000000800004b0      0x1ee app/libapp.a(main.c.obj)
                0x00000000800004b0                main
 .text.dispatch_dronet_21
                0x000000008000069e       0x94 app/libapp.a(model.c.obj)
 .text.dispatch_dronet_20
                0x0000000080000732       0xb8 app/libapp.a(model.c.obj)
 .text.dispatch_dronet_19
                0x00000000800007ea       0xb2 app/libapp.a(model.c.obj)
 .text.dispatch_dronet_18
                0x000000008000089c       0x84 app/libapp.a(model.c.obj)
 .text.dispatch_dronet_17
                0x0000000080000920       0xac app/libapp.a(model.c.obj)
 .text.dispatch_dronet_12
                0x00000000800009cc       0xac app/libapp.a(model.c.obj)
 .text.dispatch_dronet_7
                0x0000000080000a78       0xac app/libapp.a(model.c.obj)
 .text.dispatch_dronet_16
                0x0000000080000b24       0xcc app/libapp.a(model.c.obj)
 .text.dispatch_dronet_15
                0x0000000080000bf0       0xc8 app/libapp.a(model.c.obj)
 .text.dispatch_dronet_14
                0x0000000080000cb8       0xca app/libapp.a(model.c.obj)
 .text.dispatch_dronet_11
                0x0000000080000d82       0xcc app/libapp.a(model.c.obj)
 .text.dispatch_dronet_10
                0x0000000080000e4e       0xc8 app/libapp.a(model.c.obj)
 .text.dispatch_dronet_9
                0x0000000080000f16       0xca app/libapp.a(model.c.obj)
 .text.dispatch_dronet_6
                0x0000000080000fe0       0xc8 app/libapp.a(model.c.obj)
 .text.dispatch_dronet_5
                0x00000000800010a8       0xc8 app/libapp.a(model.c.obj)
 .text.dispatch_dronet_4
                0x0000000080001170       0xc6 app/libapp.a(model.c.obj)
 .text.dispatch_dronet_1
                0x0000000080001236       0xc6 app/libapp.a(model.c.obj)
 .text.dispatch_dronet_0
                0x00000000800012fc       0xc4 app/libapp.a(model.c.obj)
 .text.dispatch_dronet_13
                0x00000000800013c0       0xb0 app/libapp.a(model.c.obj)
 .text.dispatch_dronet_8
                0x0000000080001470       0xb0 app/libapp.a(model.c.obj)
 .text.dispatch_dronet_3
                0x0000000080001520       0xb0 app/libapp.a(model.c.obj)
 .text.dispatch_dronet_2
                0x00000000800015d0       0x9e app/libapp.a(model.c.obj)
 .text.run_model_dronet
                0x000000008000166e       0x5c app/libapp.a(model.c.obj)
                0x000000008000166e                run_model_dronet
 .text.model_dronet_profile_records
                0x00000000800016ca       0x1e app/libapp.a(model.c.obj)
                0x00000000800016ca                model_dronet_profile_records
 .text.model_dronet_wall_cycles
                0x00000000800016e8        0xa app/libapp.a(model.c.obj)
                0x00000000800016e8                model_dronet_wall_cycles
 .text.sp_tiled_matmul_ws
                0x00000000800016f2       0x96 app/libapp.a(kernels.c.obj)
 .text.tiled_conv_total_spad_rows.constprop.0
                0x0000000080001788       0x72 app/libapp.a(kernels.c.obj)
 .text.tiled_matmul_auto.constprop.0
                0x00000000800017fa      0x51e app/libapp.a(kernels.c.obj)
 .text.kernel_add_s8_dronet
                0x0000000080001d18      0x174 app/libapp.a(kernels.c.obj)
                0x0000000080001d18                kernel_add_s8_dronet
 .text.kernel_batchnorm2d_s8_dronet
                0x0000000080001e8c      0x126 app/libapp.a(kernels.c.obj)
                0x0000000080001e8c                kernel_batchnorm2d_s8_dronet
 .text.kernel_conv2d_s8_dronet
                0x0000000080001fb2      0x574 app/libapp.a(kernels.c.obj)
                0x0000000080001fb2                kernel_conv2d_s8_dronet
 .text.kernel_linear_s8_dronet
                0x0000000080002526      0x1fa app/libapp.a(kernels.c.obj)
                0x0000000080002526                kernel_linear_s8_dronet
 .text.kernel_maxpool2d_s8_dronet
                0x0000000080002720      0xac2 app/libapp.a(kernels.c.obj)
                0x0000000080002720                kernel_maxpool2d_s8_dronet
 .text.kernel_relu_s8_dronet
                0x00000000800031e2       0x30 app/libapp.a(kernels.c.obj)
                0x00000000800031e2                kernel_relu_s8_dronet
 .text.kernel_sigmoid_s8_dronet
                0x0000000080003212       0xb2 app/libapp.a(kernels.c.obj)
                0x0000000080003212                kernel_sigmoid_s8_dronet
 .text.chunk_size
                0x00000000800032c4       0x12 zephyr/libzephyr.a(heap.c.obj)
 .text.free_list_add
                0x00000000800032d6       0x8c zephyr/libzephyr.a(heap.c.obj)
 .text.sys_heap_init
                0x0000000080003362       0xb8 zephyr/libzephyr.a(heap.c.obj)
                0x0000000080003362                sys_heap_init
 .text.arch_printk_char_out
                0x000000008000341a        0x4 zephyr/libzephyr.a(printk.c.obj)
                0x000000008000341a                arch_printk_char_out
 .text.char_out
                0x000000008000341e        0xa zephyr/libzephyr.a(printk.c.obj)
 .text.__printk_hook_install
                0x0000000080003428        0xa zephyr/libzephyr.a(printk.c.obj)
                0x0000000080003428                __printk_hook_install
 .text.vprintk  0x0000000080003432       0x2e zephyr/libzephyr.a(printk.c.obj)
                0x0000000080003432                vprintk
 .text.printk   0x0000000080003460       0x24 zephyr/libzephyr.a(printk.c.obj)
                0x0000000080003460                printk
 .text.z_thread_entry
                0x0000000080003484       0x3e zephyr/libzephyr.a(thread_entry.c.obj)
                0x0000000080003484                z_thread_entry
 .text.sys_reboot
                0x00000000800034c2       0x2a zephyr/libzephyr.a(reboot.c.obj)
                0x00000000800034c2                sys_reboot
 .text._ConfigAbsSyms
                0x00000000800034ec        0x2 zephyr/libzephyr.a(configs.c.obj)
                0x00000000800034ec                _ConfigAbsSyms
 .text.arch_irq_enable
                0x00000000800034ee       0x1e zephyr/libzephyr.a(soc_common_irq.c.obj)
                0x00000000800034ee                arch_irq_enable
 .text.z_riscv_irq_priority_set
                0x000000008000350c       0x14 zephyr/libzephyr.a(soc_common_irq.c.obj)
                0x000000008000350c                z_riscv_irq_priority_set
 .text.soc_interrupt_init
                0x0000000080003520        0xe zephyr/libzephyr.a(soc_common_irq.c.obj)
                0x0000000080003520                soc_interrupt_init
 .text.sys_arch_reboot
                0x000000008000352e       0x4e zephyr/libzephyr.a(soc.c.obj)
                0x000000008000352e                sys_arch_reboot
 .text.sys_trace_idle
                0x000000008000357c        0x2 zephyr/libzephyr.a(tracing_none.c.obj)
                0x000000008000357c                sys_trace_idle
 .text.sys_trace_idle_exit
                0x000000008000357e        0x2 zephyr/libzephyr.a(tracing_none.c.obj)
                0x000000008000357e                sys_trace_idle_exit
 .text.arch_early_memset
                0x0000000080003580        0x8 zephyr/arch/common/libarch__common.a(init.c.obj)
                0x0000000080003580                arch_early_memset
 .text.arch_bss_zero
                0x0000000080003588       0x1c zephyr/arch/common/libarch__common.a(init.c.obj)
                0x0000000080003588                arch_bss_zero
 .text.arch_cpu_idle
                0x00000000800035a4       0x24 zephyr/arch/arch/riscv/core/libarch__riscv__core.a(cpu_idle.c.obj)
                0x00000000800035a4                arch_cpu_idle
 .text.z_riscv_get_sp_before_exc
                0x00000000800035c8        0x6 zephyr/arch/arch/riscv/core/libarch__riscv__core.a(fatal.c.obj)
                0x00000000800035c8                z_riscv_get_sp_before_exc
 .text.z_riscv_fatal_error_csf
                0x00000000800035ce      0x204 zephyr/arch/arch/riscv/core/libarch__riscv__core.a(fatal.c.obj)
                0x00000000800035ce                z_riscv_fatal_error_csf
 .text.z_riscv_fatal_error
                0x00000000800037d2        0xe zephyr/arch/arch/riscv/core/libarch__riscv__core.a(fatal.c.obj)
                0x00000000800037d2                z_riscv_fatal_error
 .text.z_riscv_fault
                0x00000000800037e0       0x10 zephyr/arch/arch/riscv/core/libarch__riscv__core.a(fatal.c.obj)
                0x00000000800037e0                z_riscv_fault
 .text.z_irq_spurious
                0x00000000800037f0       0x2e zephyr/arch/arch/riscv/core/libarch__riscv__core.a(irq_manage.c.obj)
                0x00000000800037f0                z_irq_spurious
 .text.z_prep_c
                0x000000008000381e       0x1c zephyr/arch/arch/riscv/core/libarch__riscv__core.a(prep_c.c.obj)
                0x000000008000381e                z_prep_c
 .text.arch_new_thread
                0x000000008000383a       0x38 zephyr/arch/arch/riscv/core/libarch__riscv__core.a(thread.c.obj)
                0x000000008000383a                arch_new_thread
 .text.arch_coprocessors_disable
                0x0000000080003872        0x8 zephyr/arch/arch/riscv/core/libarch__riscv__core.a(thread.c.obj)
                0x0000000080003872                arch_coprocessors_disable
 .text.z_riscv_fpu_disable
                0x000000008000387a       0x18 zephyr/arch/arch/riscv/core/libarch__riscv__core.a(fpu.c.obj)
 .text.z_riscv_fpu_load
                0x0000000080003892       0x2a zephyr/arch/arch/riscv/core/libarch__riscv__core.a(fpu.c.obj)
 .text.arch_flush_local_fpu
                0x00000000800038bc       0x62 zephyr/arch/arch/riscv/core/libarch__riscv__core.a(fpu.c.obj)
                0x00000000800038bc                arch_flush_local_fpu
 .text.fpu_access_allowed
                0x000000008000391e       0x4e zephyr/arch/arch/riscv/core/libarch__riscv__core.a(fpu.c.obj)
 .text.z_riscv_fpu_enter_exc
                0x000000008000396c        0x8 zephyr/arch/arch/riscv/core/libarch__riscv__core.a(fpu.c.obj)
                0x000000008000396c                z_riscv_fpu_enter_exc
 .text.z_riscv_fpu_trap
                0x0000000080003974       0x46 zephyr/arch/arch/riscv/core/libarch__riscv__core.a(fpu.c.obj)
                0x0000000080003974                z_riscv_fpu_trap
 .text.z_riscv_fpu_exit_exc
                0x00000000800039ba       0x34 zephyr/arch/arch/riscv/core/libarch__riscv__core.a(fpu.c.obj)
                0x00000000800039ba                z_riscv_fpu_exit_exc
 .text.z_riscv_fpu_thread_context_switch
                0x00000000800039ee       0x34 zephyr/arch/arch/riscv/core/libarch__riscv__core.a(fpu.c.obj)
                0x00000000800039ee                z_riscv_fpu_thread_context_switch
 .text.arch_float_disable
                0x0000000080003a22       0x3e zephyr/arch/arch/riscv/core/libarch__riscv__core.a(fpu.c.obj)
                0x0000000080003a22                arch_float_disable
 .text.arch_tls_stack_setup
                0x0000000080003a60       0x62 zephyr/arch/arch/riscv/core/libarch__riscv__core.a(tls.c.obj)
                0x0000000080003a60                arch_tls_stack_setup
 .text.in_stack_bound
                0x0000000080003ac2       0x20 zephyr/arch/arch/riscv/core/libarch__riscv__core.a(stacktrace.c.obj)
 .text.walk_stackframe
                0x0000000080003ae2       0xc4 zephyr/arch/arch/riscv/core/libarch__riscv__core.a(stacktrace.c.obj)
 .text.print_trace_address
                0x0000000080003ba6       0x26 zephyr/arch/arch/riscv/core/libarch__riscv__core.a(stacktrace.c.obj)
 .text.in_fatal_stack_bound
                0x0000000080003bcc       0x3c zephyr/arch/arch/riscv/core/libarch__riscv__core.a(stacktrace.c.obj)
 .text.z_riscv_unwind_stack
                0x0000000080003c08       0x56 zephyr/arch/arch/riscv/core/libarch__riscv__core.a(stacktrace.c.obj)
                0x0000000080003c08                z_riscv_unwind_stack
 .text._exit    0x0000000080003c5e       0x16 zephyr/lib/libc/picolibc/liblib__libc__picolibc.a(exit.c.obj)
                0x0000000080003c5e                _exit
 .text.z_impl_zephyr_fputc
                0x0000000080003c74       0x16 zephyr/lib/libc/picolibc/liblib__libc__picolibc.a(stdio.c.obj)
                0x0000000080003c74                z_impl_zephyr_fputc
 .text.picolibc_put
                0x0000000080003c8a       0x14 zephyr/lib/libc/picolibc/liblib__libc__picolibc.a(stdio.c.obj)
 .text.__stdout_hook_install
                0x0000000080003c9e       0x1e zephyr/lib/libc/picolibc/liblib__libc__picolibc.a(stdio.c.obj)
                0x0000000080003c9e                __stdout_hook_install
 .text.malloc_prepare
                0x0000000080003cbc       0x2c zephyr/lib/libc/common/liblib__libc__common.a(malloc.c.obj)
 .text.plic_irq_config_func_0
                0x0000000080003ce8       0x20 zephyr/drivers/interrupt_controller/libdrivers__interrupt_controller.a(intc_plic.c.obj)
 .text.get_context_en_addr.constprop.0.isra.0
                0x0000000080003d08       0x20 zephyr/drivers/interrupt_controller/libdrivers__interrupt_controller.a(intc_plic.c.obj)
 .text.plic_irq_enable_set_state
                0x0000000080003d28       0x4e zephyr/drivers/interrupt_controller/libdrivers__interrupt_controller.a(intc_plic.c.obj)
 .text.plic_irq_handler
                0x0000000080003d76       0x92 zephyr/drivers/interrupt_controller/libdrivers__interrupt_controller.a(intc_plic.c.obj)
 .text.plic_init
                0x0000000080003e08       0x8c zephyr/drivers/interrupt_controller/libdrivers__interrupt_controller.a(intc_plic.c.obj)
 .text.riscv_plic_irq_enable
                0x0000000080003e94       0x22 zephyr/drivers/interrupt_controller/libdrivers__interrupt_controller.a(intc_plic.c.obj)
                0x0000000080003e94                riscv_plic_irq_enable
 .text.riscv_plic_set_priority
                0x0000000080003eb6       0x26 zephyr/drivers/interrupt_controller/libdrivers__interrupt_controller.a(intc_plic.c.obj)
                0x0000000080003eb6                riscv_plic_set_priority
 .text.riscv_plic_get_irq
                0x0000000080003edc       0x18 zephyr/drivers/interrupt_controller/libdrivers__interrupt_controller.a(intc_plic.c.obj)
                0x0000000080003edc                riscv_plic_get_irq
 .text.riscv_plic_get_dev
                0x0000000080003ef4       0x18 zephyr/drivers/interrupt_controller/libdrivers__interrupt_controller.a(intc_plic.c.obj)
                0x0000000080003ef4                riscv_plic_get_dev
 .text.uart_console_init
                0x0000000080003f0c       0x42 zephyr/drivers/console/libdrivers__console.a(uart_console.c.obj)
 .text.console_out
                0x0000000080003f4e       0x40 zephyr/drivers/console/libdrivers__console.a(uart_console.c.obj)
 .text.htif_wait_for_ready
                0x0000000080003f8e       0x24 zephyr/drivers/serial/libdrivers__serial.a(uart_htif.c.obj)
 .text.uart_htif_init
                0x0000000080003fb2       0x1c zephyr/drivers/serial/libdrivers__serial.a(uart_htif.c.obj)
 .text.uart_htif_poll_out
                0x0000000080003fce       0x48 zephyr/drivers/serial/libdrivers__serial.a(uart_htif.c.obj)
 .text.uart_htif_poll_in
                0x0000000080004016       0xb2 zephyr/drivers/serial/libdrivers__serial.a(uart_htif.c.obj)
 .text.timer_isr
                0x00000000800040c8       0x58 zephyr/drivers/timer/libdrivers__timer.a(riscv_machine_timer.c.obj)
 .text.sys_clock_driver_init
                0x0000000080004120       0x64 zephyr/drivers/timer/libdrivers__timer.a(riscv_machine_timer.c.obj)
 .text.sys_clock_set_timeout
                0x0000000080004184       0x7e zephyr/drivers/timer/libdrivers__timer.a(riscv_machine_timer.c.obj)
                0x0000000080004184                sys_clock_set_timeout
 .text.sys_clock_elapsed
                0x0000000080004202       0x32 zephyr/drivers/timer/libdrivers__timer.a(riscv_machine_timer.c.obj)
                0x0000000080004202                sys_clock_elapsed
 .text.sys_clock_cycle_get_64
                0x0000000080004234        0xa zephyr/drivers/timer/libdrivers__timer.a(riscv_machine_timer.c.obj)
                0x0000000080004234                sys_clock_cycle_get_64
 .text.do_device_init
                0x000000008000423e       0x4e zephyr/kernel/libkernel.a(device.c.obj)
                0x000000008000423e                do_device_init
 .text.z_impl_device_is_ready
                0x000000008000428c       0x1c zephyr/kernel/libkernel.a(device.c.obj)
                0x000000008000428c                z_impl_device_is_ready
 .text.arch_system_halt
                0x00000000800042a8        0x6 zephyr/kernel/libkernel.a(fatal.c.obj)
                0x00000000800042a8                arch_system_halt
 .text.k_sys_fatal_error_handler
                0x00000000800042ae        0xc zephyr/kernel/libkernel.a(fatal.c.obj)
                0x00000000800042ae                k_sys_fatal_error_handler
 .text.z_fatal_error
                0x00000000800042ba       0x34 zephyr/kernel/libkernel.a(fatal.c.obj)
                0x00000000800042ba                z_fatal_error
 .text.z_sys_init_run_level
                0x00000000800042ee       0x56 zephyr/kernel/libkernel.a(init.c.obj)
 .text.bg_thread_main
                0x0000000080004344       0xe6 zephyr/kernel/libkernel.a(init.c.obj)
 .text.z_init_cpu
                0x000000008000442a       0x8e zephyr/kernel/libkernel.a(init.c.obj)
                0x000000008000442a                z_init_cpu
 .text.z_cstart
                0x00000000800044b8       0xf4 zephyr/kernel/libkernel.a(init.c.obj)
                0x00000000800044b8                z_cstart
 .text.idle     0x00000000800045ac       0x12 zephyr/kernel/libkernel.a(idle.c.obj)
                0x00000000800045ac                idle
 .text.adjust_owner_prio.isra.0
                0x00000000800045be       0x14 zephyr/kernel/libkernel.a(mutex.c.obj)
 .text.z_impl_k_mutex_init
                0x00000000800045d2       0x10 zephyr/kernel/libkernel.a(mutex.c.obj)
                0x00000000800045d2                z_impl_k_mutex_init
 .text.z_impl_k_mutex_lock
                0x00000000800045e2       0xfc zephyr/kernel/libkernel.a(mutex.c.obj)
                0x00000000800045e2                z_impl_k_mutex_lock
 .text.z_impl_k_mutex_unlock
                0x00000000800046de       0xba zephyr/kernel/libkernel.a(mutex.c.obj)
                0x00000000800046de                z_impl_k_mutex_unlock
 .text.z_check_stack_sentinel
                0x0000000080004798       0x2c zephyr/kernel/libkernel.a(thread.c.obj)
                0x0000000080004798                z_check_stack_sentinel
 .text.z_setup_new_thread
                0x00000000800047c4       0xa4 zephyr/kernel/libkernel.a(thread.c.obj)
                0x00000000800047c4                z_setup_new_thread
 .text.z_dummy_thread_init
                0x0000000080004868       0x1e zephyr/kernel/libkernel.a(thread.c.obj)
                0x0000000080004868                z_dummy_thread_init
 .text.sys_dlist_remove
                0x0000000080004886       0x12 zephyr/kernel/libkernel.a(sched.c.obj)
 .text.unpend_thread_no_timeout
                0x0000000080004898       0x26 zephyr/kernel/libkernel.a(sched.c.obj)
 .text.ready_thread
                0x00000000800048be       0xa8 zephyr/kernel/libkernel.a(sched.c.obj)
 .text.unready_thread
                0x0000000080004966       0x86 zephyr/kernel/libkernel.a(sched.c.obj)
 .text.z_swap   0x00000000800049ec       0x7a zephyr/kernel/libkernel.a(sched.c.obj)
 .text.add_thread_timeout
                0x0000000080004a66       0x1e zephyr/kernel/libkernel.a(sched.c.obj)
 .text.add_to_waitq_locked
                0x0000000080004a84       0x60 zephyr/kernel/libkernel.a(sched.c.obj)
 .text.move_thread_to_end_of_prio_q
                0x0000000080004ae4       0xc2 zephyr/kernel/libkernel.a(sched.c.obj)
                0x0000000080004ae4                move_thread_to_end_of_prio_q
 .text.z_ready_thread
                0x0000000080004ba6       0x20 zephyr/kernel/libkernel.a(sched.c.obj)
                0x0000000080004ba6                z_ready_thread
 .text.z_sched_wake_thread
                0x0000000080004bc6       0x48 zephyr/kernel/libkernel.a(sched.c.obj)
                0x0000000080004bc6                z_sched_wake_thread
 .text.z_thread_timeout
                0x0000000080004c0e        0xe zephyr/kernel/libkernel.a(sched.c.obj)
                0x0000000080004c0e                z_thread_timeout
 .text.z_pend_curr
                0x0000000080004c1c       0x4a zephyr/kernel/libkernel.a(sched.c.obj)
                0x0000000080004c1c                z_pend_curr
 .text.z_thread_prio_set
                0x0000000080004c66      0x120 zephyr/kernel/libkernel.a(sched.c.obj)
                0x0000000080004c66                z_thread_prio_set
 .text.z_reschedule
                0x0000000080004d86       0x2e zephyr/kernel/libkernel.a(sched.c.obj)
                0x0000000080004d86                z_reschedule
 .text.z_reschedule_irqlock
                0x0000000080004db4       0x7e zephyr/kernel/libkernel.a(sched.c.obj)
                0x0000000080004db4                z_reschedule_irqlock
 .text.k_sched_lock
                0x0000000080004e32       0x1e zephyr/kernel/libkernel.a(sched.c.obj)
                0x0000000080004e32                k_sched_lock
 .text.k_sched_unlock
                0x0000000080004e50       0x7a zephyr/kernel/libkernel.a(sched.c.obj)
                0x0000000080004e50                k_sched_unlock
 .text.z_swap_next_thread
                0x0000000080004eca        0xa zephyr/kernel/libkernel.a(sched.c.obj)
                0x0000000080004eca                z_swap_next_thread
 .text.z_get_next_switch_handle
                0x0000000080004ed4       0x2a zephyr/kernel/libkernel.a(sched.c.obj)
                0x0000000080004ed4                z_get_next_switch_handle
 .text.z_sched_init
                0x0000000080004efe       0x16 zephyr/kernel/libkernel.a(sched.c.obj)
                0x0000000080004efe                z_sched_init
 .text.z_impl_k_wakeup
                0x0000000080004f14       0x56 zephyr/kernel/libkernel.a(sched.c.obj)
                0x0000000080004f14                z_impl_k_wakeup
 .text.z_impl_k_sched_current_thread_query
                0x0000000080004f6a        0xa zephyr/kernel/libkernel.a(sched.c.obj)
                0x0000000080004f6a                z_impl_k_sched_current_thread_query
 .text.z_thread_abort
                0x0000000080004f74      0x184 zephyr/kernel/libkernel.a(sched.c.obj)
                0x0000000080004f74                z_thread_abort
 .text.z_impl_k_thread_abort
                0x00000000800050f8        0x8 zephyr/kernel/libkernel.a(sched.c.obj)
                0x00000000800050f8                z_impl_k_thread_abort
 .text.slice_timeout
                0x0000000080005100       0x20 zephyr/kernel/libkernel.a(timeslicing.c.obj)
 .text.thread_is_sliceable
                0x0000000080005120       0x48 zephyr/kernel/libkernel.a(timeslicing.c.obj)
                0x0000000080005120                thread_is_sliceable
 .text.z_reset_time_slice
                0x0000000080005168       0x78 zephyr/kernel/libkernel.a(timeslicing.c.obj)
                0x0000000080005168                z_reset_time_slice
 .text.z_time_slice
                0x00000000800051e0       0x64 zephyr/kernel/libkernel.a(timeslicing.c.obj)
                0x00000000800051e0                z_time_slice
 .text.first    0x0000000080005244       0x12 zephyr/kernel/libkernel.a(timeout.c.obj)
 .text.next_timeout
                0x0000000080005256       0x3c zephyr/kernel/libkernel.a(timeout.c.obj)
 .text.elapsed  0x0000000080005292       0x16 zephyr/kernel/libkernel.a(timeout.c.obj)
 .text.remove_timeout
                0x00000000800052a8       0x2c zephyr/kernel/libkernel.a(timeout.c.obj)
 .text.z_add_timeout
                0x00000000800052d4       0xf0 zephyr/kernel/libkernel.a(timeout.c.obj)
                0x00000000800052d4                z_add_timeout
 .text.z_abort_timeout
                0x00000000800053c4       0x64 zephyr/kernel/libkernel.a(timeout.c.obj)
                0x00000000800053c4                z_abort_timeout
 .text.sys_clock_announce
                0x0000000080005428       0xc2 zephyr/kernel/libkernel.a(timeout.c.obj)
                0x0000000080005428                sys_clock_announce
 .text.boot_banner
                0x00000000800054ea       0x10 zephyr/kernel/libkernel.a(banner.c.obj)
                0x00000000800054ea                boot_banner
 .text.exit     0x00000000800054fa       0x18 /scratch/dima/rose-infra/RoSE/soc/sw/xpu-rt/zephyr-chipyard-sw/tools-manual/zephyr-sdk-1.0.0-beta1/gnu/riscv64-zephyr-elf/bin/../lib/gcc/riscv64-zephyr-elf/14.3.0/../../../../riscv64-zephyr-elf/lib/rv64imafdc_zicsr_zifencei/lp64d/medany/space/libc.a(libc_stdlib_pico-exit.c.o)
                0x00000000800054fa                exit
 .text.strnlen  0x0000000080005512       0x18 /scratch/dima/rose-infra/RoSE/soc/sw/xpu-rt/zephyr-chipyard-sw/tools-manual/zephyr-sdk-1.0.0-beta1/gnu/riscv64-zephyr-elf/bin/../lib/gcc/riscv64-zephyr-elf/14.3.0/../../../../riscv64-zephyr-elf/lib/rv64imafdc_zicsr_zifencei/lp64d/medany/space/libc.a(libc_string_strnlen.c.o)
                0x0000000080005512                strnlen
 .text.printf   0x000000008000552a       0x2e /scratch/dima/rose-infra/RoSE/soc/sw/xpu-rt/zephyr-chipyard-sw/tools-manual/zephyr-sdk-1.0.0-beta1/gnu/riscv64-zephyr-elf/bin/../lib/gcc/riscv64-zephyr-elf/14.3.0/../../../../riscv64-zephyr-elf/lib/rv64imafdc_zicsr_zifencei/lp64d/medany/space/libc.a(libc_tinystdio_printf.c.o)
                0x000000008000552a                printf
 .text.puts     0x0000000080005558       0x56 /scratch/dima/rose-infra/RoSE/soc/sw/xpu-rt/zephyr-chipyard-sw/tools-manual/zephyr-sdk-1.0.0-beta1/gnu/riscv64-zephyr-elf/bin/../lib/gcc/riscv64-zephyr-elf/14.3.0/../../../../riscv64-zephyr-elf/lib/rv64imafdc_zicsr_zifencei/lp64d/medany/space/libc.a(libc_tinystdio_puts.c.o)
                0x0000000080005558                puts
 .text.__ultoa_invert
                0x00000000800055ae       0x3a /scratch/dima/rose-infra/RoSE/soc/sw/xpu-rt/zephyr-chipyard-sw/tools-manual/zephyr-sdk-1.0.0-beta1/gnu/riscv64-zephyr-elf/bin/../lib/gcc/riscv64-zephyr-elf/14.3.0/../../../../riscv64-zephyr-elf/lib/rv64imafdc_zicsr_zifencei/lp64d/medany/space/libc.a(libc_tinystdio_vfprintf.c.o)
 .text.skip_to_arg
                0x00000000800055e8      0x15c /scratch/dima/rose-infra/RoSE/soc/sw/xpu-rt/zephyr-chipyard-sw/tools-manual/zephyr-sdk-1.0.0-beta1/gnu/riscv64-zephyr-elf/bin/../lib/gcc/riscv64-zephyr-elf/14.3.0/../../../../riscv64-zephyr-elf/lib/rv64imafdc_zicsr_zifencei/lp64d/medany/space/libc.a(libc_tinystdio_vfprintf.c.o)
 .text.vfprintf
                0x0000000080005744      0x9aa /scratch/dima/rose-infra/RoSE/soc/sw/xpu-rt/zephyr-chipyard-sw/tools-manual/zephyr-sdk-1.0.0-beta1/gnu/riscv64-zephyr-elf/bin/../lib/gcc/riscv64-zephyr-elf/14.3.0/../../../../riscv64-zephyr-elf/lib/rv64imafdc_zicsr_zifencei/lp64d/medany/space/libc.a(libc_tinystdio_vfprintf.c.o)
                0x0000000080005744                __d_vfprintf
 .text.__dtoa_engine
                0x00000000800060ee      0x432 /scratch/dima/rose-infra/RoSE/soc/sw/xpu-rt/zephyr-chipyard-sw/tools-manual/zephyr-sdk-1.0.0-beta1/gnu/riscv64-zephyr-elf/bin/../lib/gcc/riscv64-zephyr-elf/14.3.0/../../../../riscv64-zephyr-elf/lib/rv64imafdc_zicsr_zifencei/lp64d/medany/space/libc.a(libc_tinystdio_dtoa_ryu.c.o)
                0x00000000800060ee                __dtoa_engine
 .text.__log10Pow2
                0x0000000080006520       0x10 /scratch/dima/rose-infra/RoSE/soc/sw/xpu-rt/zephyr-chipyard-sw/tools-manual/zephyr-sdk-1.0.0-beta1/gnu/riscv64-zephyr-elf/bin/../lib/gcc/riscv64-zephyr-elf/14.3.0/../../../../riscv64-zephyr-elf/lib/rv64imafdc_zicsr_zifencei/lp64d/medany/space/libc.a(libc_tinystdio_ryu_log10.c.o)
                0x0000000080006520                __log10Pow2
 .text.__log10Pow5
                0x0000000080006530       0x12 /scratch/dima/rose-infra/RoSE/soc/sw/xpu-rt/zephyr-chipyard-sw/tools-manual/zephyr-sdk-1.0.0-beta1/gnu/riscv64-zephyr-elf/bin/../lib/gcc/riscv64-zephyr-elf/14.3.0/../../../../riscv64-zephyr-elf/lib/rv64imafdc_zicsr_zifencei/lp64d/medany/space/libc.a(libc_tinystdio_ryu_log10.c.o)
                0x0000000080006530                __log10Pow5
 .text.__pow5bits
                0x0000000080006542       0x14 /scratch/dima/rose-infra/RoSE/soc/sw/xpu-rt/zephyr-chipyard-sw/tools-manual/zephyr-sdk-1.0.0-beta1/gnu/riscv64-zephyr-elf/bin/../lib/gcc/riscv64-zephyr-elf/14.3.0/../../../../riscv64-zephyr-elf/lib/rv64imafdc_zicsr_zifencei/lp64d/medany/space/libc.a(libc_tinystdio_ryu_pow5bits.c.o)
                0x0000000080006542                __pow5bits
 .text.__pow5Factor
                0x0000000080006556       0x2e /scratch/dima/rose-infra/RoSE/soc/sw/xpu-rt/zephyr-chipyard-sw/tools-manual/zephyr-sdk-1.0.0-beta1/gnu/riscv64-zephyr-elf/bin/../lib/gcc/riscv64-zephyr-elf/14.3.0/../../../../riscv64-zephyr-elf/lib/rv64imafdc_zicsr_zifencei/lp64d/medany/space/libc.a(libc_tinystdio_ryu_table.c.o)
                0x0000000080006556                __pow5Factor
 .text.__double_computePow5
                0x0000000080006584       0xfe /scratch/dima/rose-infra/RoSE/soc/sw/xpu-rt/zephyr-chipyard-sw/tools-manual/zephyr-sdk-1.0.0-beta1/gnu/riscv64-zephyr-elf/bin/../lib/gcc/riscv64-zephyr-elf/14.3.0/../../../../riscv64-zephyr-elf/lib/rv64imafdc_zicsr_zifencei/lp64d/medany/space/libc.a(libc_tinystdio_ryu_table.c.o)
                0x0000000080006584                __double_computePow5
 .text.__double_computeInvPow5
                0x0000000080006682      0x102 /scratch/dima/rose-infra/RoSE/soc/sw/xpu-rt/zephyr-chipyard-sw/tools-manual/zephyr-sdk-1.0.0-beta1/gnu/riscv64-zephyr-elf/bin/../lib/gcc/riscv64-zephyr-elf/14.3.0/../../../../riscv64-zephyr-elf/lib/rv64imafdc_zicsr_zifencei/lp64d/medany/space/libc.a(libc_tinystdio_ryu_table.c.o)
                0x0000000080006682                __double_computeInvPow5
 .text.lrintf   0x0000000080006784        0x6 /scratch/dima/rose-infra/RoSE/soc/sw/xpu-rt/zephyr-chipyard-sw/tools-manual/zephyr-sdk-1.0.0-beta1/gnu/riscv64-zephyr-elf/bin/../lib/gcc/riscv64-zephyr-elf/14.3.0/../../../../riscv64-zephyr-elf/lib/rv64imafdc_zicsr_zifencei/lp64d/medany/space/libc.a(libm_machine_riscv_sf_lrint.c.o)
                0x0000000080006784                lrintf
 .text.expf     0x000000008000678a      0x1da /scratch/dima/rose-infra/RoSE/soc/sw/xpu-rt/zephyr-chipyard-sw/tools-manual/zephyr-sdk-1.0.0-beta1/gnu/riscv64-zephyr-elf/bin/../lib/gcc/riscv64-zephyr-elf/14.3.0/../../../../riscv64-zephyr-elf/lib/rv64imafdc_zicsr_zifencei/lp64d/medany/space/libc.a(libm_math_sf_exp.c.o)
                0x000000008000678a                expf
 .text.roundf   0x0000000080006964       0x66 /scratch/dima/rose-infra/RoSE/soc/sw/xpu-rt/zephyr-chipyard-sw/tools-manual/zephyr-sdk-1.0.0-beta1/gnu/riscv64-zephyr-elf/bin/../lib/gcc/riscv64-zephyr-elf/14.3.0/../../../../riscv64-zephyr-elf/lib/rv64imafdc_zicsr_zifencei/lp64d/medany/space/libc.a(libm_common_sf_round.c.o)
                0x0000000080006964                roundf
 .text.__math_uflowf
                0x00000000800069ca       0x1c /scratch/dima/rose-infra/RoSE/soc/sw/xpu-rt/zephyr-chipyard-sw/tools-manual/zephyr-sdk-1.0.0-beta1/gnu/riscv64-zephyr-elf/bin/../lib/gcc/riscv64-zephyr-elf/14.3.0/../../../../riscv64-zephyr-elf/lib/rv64imafdc_zicsr_zifencei/lp64d/medany/space/libc.a(libm_common_math_errf_uflowf.c.o)
                0x00000000800069ca                __math_uflowf
 .text.__math_oflowf
                0x00000000800069e6       0x1c /scratch/dima/rose-infra/RoSE/soc/sw/xpu-rt/zephyr-chipyard-sw/tools-manual/zephyr-sdk-1.0.0-beta1/gnu/riscv64-zephyr-elf/bin/../lib/gcc/riscv64-zephyr-elf/14.3.0/../../../../riscv64-zephyr-elf/lib/rv64imafdc_zicsr_zifencei/lp64d/medany/space/libc.a(libm_common_math_errf_oflowf.c.o)
                0x00000000800069e6                __math_oflowf
 .text.__libc_fini_array
                0x0000000080006a02       0x30 /scratch/dima/rose-infra/RoSE/soc/sw/xpu-rt/zephyr-chipyard-sw/tools-manual/zephyr-sdk-1.0.0-beta1/gnu/riscv64-zephyr-elf/bin/../lib/gcc/riscv64-zephyr-elf/14.3.0/../../../../riscv64-zephyr-elf/lib/rv64imafdc_zicsr_zifencei/lp64d/medany/space/libc.a(libc_misc_fini.c.o)
                0x0000000080006a02                __libc_fini_array
 .text.__dtox_engine
                0x0000000080006a32       0xdc /scratch/dima/rose-infra/RoSE/soc/sw/xpu-rt/zephyr-chipyard-sw/tools-manual/zephyr-sdk-1.0.0-beta1/gnu/riscv64-zephyr-elf/bin/../lib/gcc/riscv64-zephyr-elf/14.3.0/../../../../riscv64-zephyr-elf/lib/rv64imafdc_zicsr_zifencei/lp64d/medany/space/libc.a(libc_tinystdio_dtox_engine.c.o)
                0x0000000080006a32                __dtox_engine
 .text.memcpy   0x0000000080006b0e       0x16 /scratch/dima/rose-infra/RoSE/soc/sw/xpu-rt/zephyr-chipyard-sw/tools-manual/zephyr-sdk-1.0.0-beta1/gnu/riscv64-zephyr-elf/bin/../lib/gcc/riscv64-zephyr-elf/14.3.0/../../../../riscv64-zephyr-elf/lib/rv64imafdc_zicsr_zifencei/lp64d/medany/space/libc.a(memcpy-asm.S.o)
                0x0000000080006b0e                memcpy
 .text.memset   0x0000000080006b24       0x10 /scratch/dima/rose-infra/RoSE/soc/sw/xpu-rt/zephyr-chipyard-sw/tools-manual/zephyr-sdk-1.0.0-beta1/gnu/riscv64-zephyr-elf/bin/../lib/gcc/riscv64-zephyr-elf/14.3.0/../../../../riscv64-zephyr-elf/lib/rv64imafdc_zicsr_zifencei/lp64d/medany/space/libc.a(memset.S.o)
                0x0000000080006b24                memset
 *(SORT_BY_ALIGNMENT(.gnu.linkonce.t.*))
                0x0000000080006b34                __text_region_end = .
                0x0000000080006b34                __rodata_region_start = .

initlevel       0x0000000080006b38       0x50
                0x0000000080006b38                __init_start = .
                0x0000000080006b38                __init_EARLY_start = .
 *(SORT_BY_NAME(SORT_BY_ALIGNMENT(.z_init_EARLY_P_?_*)))
 *(SORT_BY_NAME(SORT_BY_ALIGNMENT(.z_init_EARLY_P_??_*)))
 *(SORT_BY_NAME(SORT_BY_ALIGNMENT(.z_init_EARLY_P_???_*)))
                0x0000000080006b38                __init_PRE_KERNEL_1_start = .
 *(SORT_BY_NAME(SORT_BY_ALIGNMENT(.z_init_PRE_KERNEL_1_P_?_*)))
 *(SORT_BY_NAME(SORT_BY_ALIGNMENT(.z_init_PRE_KERNEL_1_P_??_*)))
 .z_init_PRE_KERNEL_1_P_40_SUB_00023_
                0x0000000080006b38       0x10 zephyr/drivers/interrupt_controller/libdrivers__interrupt_controller.a(intc_plic.c.obj)
 .z_init_PRE_KERNEL_1_P_50_SUB_00004_
                0x0000000080006b48       0x10 zephyr/drivers/serial/libdrivers__serial.a(uart_htif.c.obj)
 .z_init_PRE_KERNEL_1_P_60_SUB_0_
                0x0000000080006b58       0x10 zephyr/drivers/console/libdrivers__console.a(uart_console.c.obj)
 *(SORT_BY_NAME(SORT_BY_ALIGNMENT(.z_init_PRE_KERNEL_1_P_???_*)))
                0x0000000080006b68                __init_PRE_KERNEL_2_start = .
 *(SORT_BY_NAME(SORT_BY_ALIGNMENT(.z_init_PRE_KERNEL_2_P_?_*)))
 .z_init_PRE_KERNEL_2_P_0_SUB_0_
                0x0000000080006b68       0x10 zephyr/drivers/timer/libdrivers__timer.a(riscv_machine_timer.c.obj)
 *(SORT_BY_NAME(SORT_BY_ALIGNMENT(.z_init_PRE_KERNEL_2_P_??_*)))
 *(SORT_BY_NAME(SORT_BY_ALIGNMENT(.z_init_PRE_KERNEL_2_P_???_*)))
                0x0000000080006b78                __init_POST_KERNEL_start = .
 *(SORT_BY_NAME(SORT_BY_ALIGNMENT(.z_init_POST_KERNEL_P_?_*)))
 *(SORT_BY_NAME(SORT_BY_ALIGNMENT(.z_init_POST_KERNEL_P_??_*)))
 .z_init_POST_KERNEL_P_35_SUB_0_
                0x0000000080006b78       0x10 zephyr/lib/libc/common/liblib__libc__common.a(malloc.c.obj)
 *(SORT_BY_NAME(SORT_BY_ALIGNMENT(.z_init_POST_KERNEL_P_???_*)))
                0x0000000080006b88                __init_APPLICATION_start = .
 *(SORT_BY_NAME(SORT_BY_ALIGNMENT(.z_init_APPLICATION_P_?_*)))
 *(SORT_BY_NAME(SORT_BY_ALIGNMENT(.z_init_APPLICATION_P_??_*)))
 *(SORT_BY_NAME(SORT_BY_ALIGNMENT(.z_init_APPLICATION_P_???_*)))
                0x0000000080006b88                __init_SMP_start = .
 *(SORT_BY_NAME(SORT_BY_ALIGNMENT(.z_init_SMP_P_?_*)))
 *(SORT_BY_NAME(SORT_BY_ALIGNMENT(.z_init_SMP_P_??_*)))
 *(SORT_BY_NAME(SORT_BY_ALIGNMENT(.z_init_SMP_P_???_*)))
                0x0000000080006b88                __init_end = .

device_area     0x0000000080006b88       0x80
                0x0000000080006b88                _device_list_start = .
 *(SORT_BY_NAME(SORT_BY_ALIGNMENT(._device.static.*_?_*)))
 *(SORT_BY_NAME(SORT_BY_ALIGNMENT(._device.static.*_??_*)))
 ._device.static.1_40_
                0x0000000080006b88       0x40 zephyr/drivers/interrupt_controller/libdrivers__interrupt_controller.a(intc_plic.c.obj)
                0x0000000080006b88                __device_dts_ord_23
 ._device.static.1_50_
                0x0000000080006bc8       0x40 zephyr/drivers/serial/libdrivers__serial.a(uart_htif.c.obj)
                0x0000000080006bc8                __device_dts_ord_4
 *(SORT_BY_NAME(SORT_BY_ALIGNMENT(._device.static.*_???_*)))
 *(SORT_BY_NAME(SORT_BY_ALIGNMENT(._device.static.*_????_*)))
 *(SORT_BY_NAME(SORT_BY_ALIGNMENT(._device.static.*_?????_*)))
                0x0000000080006c08                _device_list_end = .

sw_isr_table    0x0000000080006c08     0x40c0
                0x0000000080006c08                . = ALIGN (0x4)
 *(SORT_BY_ALIGNMENT(.gnu.linkonce.sw_isr_table*))
 .gnu.linkonce.sw_isr_table
                0x0000000080006c08     0x40c0 zephyr/arch/common/libisr_tables.a(isr_tables.c.obj)
                0x0000000080006c08                _sw_isr_table

initlevel_error
 *(SORT_BY_NAME(SORT_BY_ALIGNMENT(.z_init_*)))
                0x0000000000000001                ASSERT ((SIZEOF (initlevel_error) == 0x0), Undefined initialization levels used.)

app_shmem_regions
                0x000000008000acc8        0x0
                0x000000008000acc8                __app_shmem_regions_start = .
 *(SORT_BY_NAME(SORT_BY_ALIGNMENT(.app_regions.*)))
                0x000000008000acc8                __app_shmem_regions_end = .

k_p4wq_initparam_area
                0x000000008000acc8        0x0
                0x000000008000acc8                _k_p4wq_initparam_list_start = .
 *(SORT_BY_NAME(SORT_BY_ALIGNMENT(._k_p4wq_initparam.static.*)))
                0x000000008000acc8                _k_p4wq_initparam_list_end = .

_static_thread_data_area
                0x000000008000acc8        0x0
                0x000000008000acc8                __static_thread_data_list_start = .
 *(SORT_BY_NAME(SORT_BY_ALIGNMENT(.__static_thread_data.static.*)))
                0x000000008000acc8                __static_thread_data_list_end = .

device_deps     0x000000008000acc8        0x0
                0x000000008000acc8                __device_deps_start = .
 *(SORT_BY_NAME(SORT_BY_ALIGNMENT(.__device_deps_pass2*)))
                0x000000008000acc8                __device_deps_end = .

shared_irq_driver_api_area
                0x000000008000acc8        0x0
                0x000000008000acc8                _shared_irq_driver_api_list_start = .
 *(SORT_BY_NAME(SORT_BY_ALIGNMENT(._shared_irq_driver_api.static.*)))
                0x000000008000acc8                _shared_irq_driver_api_list_end = .

crypto_driver_api_area
                0x000000008000acc8        0x0
                0x000000008000acc8                _crypto_driver_api_list_start = .
 *(SORT_BY_NAME(SORT_BY_ALIGNMENT(._crypto_driver_api.static.*)))
                0x000000008000acc8                _crypto_driver_api_list_end = .

adc_driver_api_area
                0x000000008000acc8        0x0
                0x000000008000acc8                _adc_driver_api_list_start = .
 *(SORT_BY_NAME(SORT_BY_ALIGNMENT(._adc_driver_api.static.*)))
                0x000000008000acc8                _adc_driver_api_list_end = .

auxdisplay_driver_api_area
                0x000000008000acc8        0x0
                0x000000008000acc8                _auxdisplay_driver_api_list_start = .
 *(SORT_BY_NAME(SORT_BY_ALIGNMENT(._auxdisplay_driver_api.static.*)))
                0x000000008000acc8                _auxdisplay_driver_api_list_end = .

bbram_driver_api_area
                0x000000008000acc8        0x0
                0x000000008000acc8                _bbram_driver_api_list_start = .
 *(SORT_BY_NAME(SORT_BY_ALIGNMENT(._bbram_driver_api.static.*)))
                0x000000008000acc8                _bbram_driver_api_list_end = .

bt_hci_driver_api_area
                0x000000008000acc8        0x0
                0x000000008000acc8                _bt_hci_driver_api_list_start = .
 *(SORT_BY_NAME(SORT_BY_ALIGNMENT(._bt_hci_driver_api.static.*)))
                0x000000008000acc8                _bt_hci_driver_api_list_end = .

can_driver_api_area
                0x000000008000acc8        0x0
                0x000000008000acc8                _can_driver_api_list_start = .
 *(SORT_BY_NAME(SORT_BY_ALIGNMENT(._can_driver_api.static.*)))
                0x000000008000acc8                _can_driver_api_list_end = .

cellular_driver_api_area
                0x000000008000acc8        0x0
                0x000000008000acc8                _cellular_driver_api_list_start = .
 *(SORT_BY_NAME(SORT_BY_ALIGNMENT(._cellular_driver_api.static.*)))
                0x000000008000acc8                _cellular_driver_api_list_end = .

charger_driver_api_area
                0x000000008000acc8        0x0
                0x000000008000acc8                _charger_driver_api_list_start = .
 *(SORT_BY_NAME(SORT_BY_ALIGNMENT(._charger_driver_api.static.*)))
                0x000000008000acc8                _charger_driver_api_list_end = .

clock_control_driver_api_area
                0x000000008000acc8        0x0
                0x000000008000acc8                _clock_control_driver_api_list_start = .
 *(SORT_BY_NAME(SORT_BY_ALIGNMENT(._clock_control_driver_api.static.*)))
                0x000000008000acc8                _clock_control_driver_api_list_end = .

comparator_driver_api_area
                0x000000008000acc8        0x0
                0x000000008000acc8                _comparator_driver_api_list_start = .
 *(SORT_BY_NAME(SORT_BY_ALIGNMENT(._comparator_driver_api.static.*)))
                0x000000008000acc8                _comparator_driver_api_list_end = .

coredump_driver_api_area
                0x000000008000acc8        0x0
                0x000000008000acc8                _coredump_driver_api_list_start = .
 *(SORT_BY_NAME(SORT_BY_ALIGNMENT(._coredump_driver_api.static.*)))
                0x000000008000acc8                _coredump_driver_api_list_end = .

counter_driver_api_area
                0x000000008000acc8        0x0
                0x000000008000acc8                _counter_driver_api_list_start = .
 *(SORT_BY_NAME(SORT_BY_ALIGNMENT(._counter_driver_api.static.*)))
                0x000000008000acc8                _counter_driver_api_list_end = .

crc_driver_api_area
                0x000000008000acc8        0x0
                0x000000008000acc8                _crc_driver_api_list_start = .
 *(SORT_BY_NAME(SORT_BY_ALIGNMENT(._crc_driver_api.static.*)))
                0x000000008000acc8                _crc_driver_api_list_end = .

dac_driver_api_area
                0x000000008000acc8        0x0
                0x000000008000acc8                _dac_driver_api_list_start = .
 *(SORT_BY_NAME(SORT_BY_ALIGNMENT(._dac_driver_api.static.*)))
                0x000000008000acc8                _dac_driver_api_list_end = .

dai_driver_api_area
                0x000000008000acc8        0x0
                0x000000008000acc8                _dai_driver_api_list_start = .
 *(SORT_BY_NAME(SORT_BY_ALIGNMENT(._dai_driver_api.static.*)))
                0x000000008000acc8                _dai_driver_api_list_end = .

display_driver_api_area
                0x000000008000acc8        0x0
                0x000000008000acc8                _display_driver_api_list_start = .
 *(SORT_BY_NAME(SORT_BY_ALIGNMENT(._display_driver_api.static.*)))
                0x000000008000acc8                _display_driver_api_list_end = .

dma_driver_api_area
                0x000000008000acc8        0x0
                0x000000008000acc8                _dma_driver_api_list_start = .
 *(SORT_BY_NAME(SORT_BY_ALIGNMENT(._dma_driver_api.static.*)))
                0x000000008000acc8                _dma_driver_api_list_end = .

edac_driver_api_area
                0x000000008000acc8        0x0
                0x000000008000acc8                _edac_driver_api_list_start = .
 *(SORT_BY_NAME(SORT_BY_ALIGNMENT(._edac_driver_api.static.*)))
                0x000000008000acc8                _edac_driver_api_list_end = .

eeprom_driver_api_area
                0x000000008000acc8        0x0
                0x000000008000acc8                _eeprom_driver_api_list_start = .
 *(SORT_BY_NAME(SORT_BY_ALIGNMENT(._eeprom_driver_api.static.*)))
                0x000000008000acc8                _eeprom_driver_api_list_end = .

emul_bbram_driver_api_area
                0x000000008000acc8        0x0
                0x000000008000acc8                _emul_bbram_driver_api_list_start = .
 *(SORT_BY_NAME(SORT_BY_ALIGNMENT(._emul_bbram_driver_api.static.*)))
                0x000000008000acc8                _emul_bbram_driver_api_list_end = .

fuel_gauge_emul_driver_api_area
                0x000000008000acc8        0x0
                0x000000008000acc8                _fuel_gauge_emul_driver_api_list_start = .
 *(SORT_BY_NAME(SORT_BY_ALIGNMENT(._fuel_gauge_emul_driver_api.static.*)))
                0x000000008000acc8                _fuel_gauge_emul_driver_api_list_end = .

emul_sensor_driver_api_area
                0x000000008000acc8        0x0
                0x000000008000acc8                _emul_sensor_driver_api_list_start = .
 *(SORT_BY_NAME(SORT_BY_ALIGNMENT(._emul_sensor_driver_api.static.*)))
                0x000000008000acc8                _emul_sensor_driver_api_list_end = .

entropy_driver_api_area
                0x000000008000acc8        0x0
                0x000000008000acc8                _entropy_driver_api_list_start = .
 *(SORT_BY_NAME(SORT_BY_ALIGNMENT(._entropy_driver_api.static.*)))
                0x000000008000acc8                _entropy_driver_api_list_end = .

espi_driver_api_area
                0x000000008000acc8        0x0
                0x000000008000acc8                _espi_driver_api_list_start = .
 *(SORT_BY_NAME(SORT_BY_ALIGNMENT(._espi_driver_api.static.*)))
                0x000000008000acc8                _espi_driver_api_list_end = .

espi_saf_driver_api_area
                0x000000008000acc8        0x0
                0x000000008000acc8                _espi_saf_driver_api_list_start = .
 *(SORT_BY_NAME(SORT_BY_ALIGNMENT(._espi_saf_driver_api.static.*)))
                0x000000008000acc8                _espi_saf_driver_api_list_end = .

flash_driver_api_area
                0x000000008000acc8        0x0
                0x000000008000acc8                _flash_driver_api_list_start = .
 *(SORT_BY_NAME(SORT_BY_ALIGNMENT(._flash_driver_api.static.*)))
                0x000000008000acc8                _flash_driver_api_list_end = .

fpga_driver_api_area
                0x000000008000acc8        0x0
                0x000000008000acc8                _fpga_driver_api_list_start = .
 *(SORT_BY_NAME(SORT_BY_ALIGNMENT(._fpga_driver_api.static.*)))
                0x000000008000acc8                _fpga_driver_api_list_end = .

fuel_gauge_driver_api_area
                0x000000008000acc8        0x0
                0x000000008000acc8                _fuel_gauge_driver_api_list_start = .
 *(SORT_BY_NAME(SORT_BY_ALIGNMENT(._fuel_gauge_driver_api.static.*)))
                0x000000008000acc8                _fuel_gauge_driver_api_list_end = .

gnss_driver_api_area
                0x000000008000acc8        0x0
                0x000000008000acc8                _gnss_driver_api_list_start = .
 *(SORT_BY_NAME(SORT_BY_ALIGNMENT(._gnss_driver_api.static.*)))
                0x000000008000acc8                _gnss_driver_api_list_end = .

gpio_driver_api_area
                0x000000008000acc8        0x0
                0x000000008000acc8                _gpio_driver_api_list_start = .
 *(SORT_BY_NAME(SORT_BY_ALIGNMENT(._gpio_driver_api.static.*)))
                0x000000008000acc8                _gpio_driver_api_list_end = .

haptics_driver_api_area
                0x000000008000acc8        0x0
                0x000000008000acc8                _haptics_driver_api_list_start = .
 *(SORT_BY_NAME(SORT_BY_ALIGNMENT(._haptics_driver_api.static.*)))
                0x000000008000acc8                _haptics_driver_api_list_end = .

hwspinlock_driver_api_area
                0x000000008000acc8        0x0
                0x000000008000acc8                _hwspinlock_driver_api_list_start = .
 *(SORT_BY_NAME(SORT_BY_ALIGNMENT(._hwspinlock_driver_api.static.*)))
                0x000000008000acc8                _hwspinlock_driver_api_list_end = .

i2c_driver_api_area
                0x000000008000acc8        0x0
                0x000000008000acc8                _i2c_driver_api_list_start = .
 *(SORT_BY_NAME(SORT_BY_ALIGNMENT(._i2c_driver_api.static.*)))
                0x000000008000acc8                _i2c_driver_api_list_end = .

i2c_target_driver_api_area
                0x000000008000acc8        0x0
                0x000000008000acc8                _i2c_target_driver_api_list_start = .
 *(SORT_BY_NAME(SORT_BY_ALIGNMENT(._i2c_target_driver_api.static.*)))
                0x000000008000acc8                _i2c_target_driver_api_list_end = .

i2s_driver_api_area
                0x000000008000acc8        0x0
                0x000000008000acc8                _i2s_driver_api_list_start = .
 *(SORT_BY_NAME(SORT_BY_ALIGNMENT(._i2s_driver_api.static.*)))
                0x000000008000acc8                _i2s_driver_api_list_end = .

i3c_driver_api_area
                0x000000008000acc8        0x0
                0x000000008000acc8                _i3c_driver_api_list_start = .
 *(SORT_BY_NAME(SORT_BY_ALIGNMENT(._i3c_driver_api.static.*)))
                0x000000008000acc8                _i3c_driver_api_list_end = .

ipm_driver_api_area
                0x000000008000acc8        0x0
                0x000000008000acc8                _ipm_driver_api_list_start = .
 *(SORT_BY_NAME(SORT_BY_ALIGNMENT(._ipm_driver_api.static.*)))
                0x000000008000acc8                _ipm_driver_api_list_end = .

led_driver_api_area
                0x000000008000acc8        0x0
                0x000000008000acc8                _led_driver_api_list_start = .
 *(SORT_BY_NAME(SORT_BY_ALIGNMENT(._led_driver_api.static.*)))
                0x000000008000acc8                _led_driver_api_list_end = .

led_strip_driver_api_area
                0x000000008000acc8        0x0
                0x000000008000acc8                _led_strip_driver_api_list_start = .
 *(SORT_BY_NAME(SORT_BY_ALIGNMENT(._led_strip_driver_api.static.*)))
                0x000000008000acc8                _led_strip_driver_api_list_end = .

lora_driver_api_area
                0x000000008000acc8        0x0
                0x000000008000acc8                _lora_driver_api_list_start = .
 *(SORT_BY_NAME(SORT_BY_ALIGNMENT(._lora_driver_api.static.*)))
                0x000000008000acc8                _lora_driver_api_list_end = .

mbox_driver_api_area
                0x000000008000acc8        0x0
                0x000000008000acc8                _mbox_driver_api_list_start = .
 *(SORT_BY_NAME(SORT_BY_ALIGNMENT(._mbox_driver_api.static.*)))
                0x000000008000acc8                _mbox_driver_api_list_end = .

mdio_driver_api_area
                0x000000008000acc8        0x0
                0x000000008000acc8                _mdio_driver_api_list_start = .
 *(SORT_BY_NAME(SORT_BY_ALIGNMENT(._mdio_driver_api.static.*)))
                0x000000008000acc8                _mdio_driver_api_list_end = .

mipi_dbi_driver_api_area
                0x000000008000acc8        0x0
                0x000000008000acc8                _mipi_dbi_driver_api_list_start = .
 *(SORT_BY_NAME(SORT_BY_ALIGNMENT(._mipi_dbi_driver_api.static.*)))
                0x000000008000acc8                _mipi_dbi_driver_api_list_end = .

mipi_dsi_driver_api_area
                0x000000008000acc8        0x0
                0x000000008000acc8                _mipi_dsi_driver_api_list_start = .
 *(SORT_BY_NAME(SORT_BY_ALIGNMENT(._mipi_dsi_driver_api.static.*)))
                0x000000008000acc8                _mipi_dsi_driver_api_list_end = .

mspi_driver_api_area
                0x000000008000acc8        0x0
                0x000000008000acc8                _mspi_driver_api_list_start = .
 *(SORT_BY_NAME(SORT_BY_ALIGNMENT(._mspi_driver_api.static.*)))
                0x000000008000acc8                _mspi_driver_api_list_end = .

opamp_driver_api_area
                0x000000008000acc8        0x0
                0x000000008000acc8                _opamp_driver_api_list_start = .
 *(SORT_BY_NAME(SORT_BY_ALIGNMENT(._opamp_driver_api.static.*)))
                0x000000008000acc8                _opamp_driver_api_list_end = .

peci_driver_api_area
                0x000000008000acc8        0x0
                0x000000008000acc8                _peci_driver_api_list_start = .
 *(SORT_BY_NAME(SORT_BY_ALIGNMENT(._peci_driver_api.static.*)))
                0x000000008000acc8                _peci_driver_api_list_end = .

ps2_driver_api_area
                0x000000008000acc8        0x0
                0x000000008000acc8                _ps2_driver_api_list_start = .
 *(SORT_BY_NAME(SORT_BY_ALIGNMENT(._ps2_driver_api.static.*)))
                0x000000008000acc8                _ps2_driver_api_list_end = .

ptp_clock_driver_api_area
                0x000000008000acc8        0x0
                0x000000008000acc8                _ptp_clock_driver_api_list_start = .
 *(SORT_BY_NAME(SORT_BY_ALIGNMENT(._ptp_clock_driver_api.static.*)))
                0x000000008000acc8                _ptp_clock_driver_api_list_end = .

pwm_driver_api_area
                0x000000008000acc8        0x0
                0x000000008000acc8                _pwm_driver_api_list_start = .
 *(SORT_BY_NAME(SORT_BY_ALIGNMENT(._pwm_driver_api.static.*)))
                0x000000008000acc8                _pwm_driver_api_list_end = .

regulator_parent_driver_api_area
                0x000000008000acc8        0x0
                0x000000008000acc8                _regulator_parent_driver_api_list_start = .
 *(SORT_BY_NAME(SORT_BY_ALIGNMENT(._regulator_parent_driver_api.static.*)))
                0x000000008000acc8                _regulator_parent_driver_api_list_end = .

regulator_driver_api_area
                0x000000008000acc8        0x0
                0x000000008000acc8                _regulator_driver_api_list_start = .
 *(SORT_BY_NAME(SORT_BY_ALIGNMENT(._regulator_driver_api.static.*)))
                0x000000008000acc8                _regulator_driver_api_list_end = .

reset_driver_api_area
                0x000000008000acc8        0x0
                0x000000008000acc8                _reset_driver_api_list_start = .
 *(SORT_BY_NAME(SORT_BY_ALIGNMENT(._reset_driver_api.static.*)))
                0x000000008000acc8                _reset_driver_api_list_end = .

retained_mem_driver_api_area
                0x000000008000acc8        0x0
                0x000000008000acc8                _retained_mem_driver_api_list_start = .
 *(SORT_BY_NAME(SORT_BY_ALIGNMENT(._retained_mem_driver_api.static.*)))
                0x000000008000acc8                _retained_mem_driver_api_list_end = .

rtc_driver_api_area
                0x000000008000acc8        0x0
                0x000000008000acc8                _rtc_driver_api_list_start = .
 *(SORT_BY_NAME(SORT_BY_ALIGNMENT(._rtc_driver_api.static.*)))
                0x000000008000acc8                _rtc_driver_api_list_end = .

sdhc_driver_api_area
                0x000000008000acc8        0x0
                0x000000008000acc8                _sdhc_driver_api_list_start = .
 *(SORT_BY_NAME(SORT_BY_ALIGNMENT(._sdhc_driver_api.static.*)))
                0x000000008000acc8                _sdhc_driver_api_list_end = .

sensor_driver_api_area
                0x000000008000acc8        0x0
                0x000000008000acc8                _sensor_driver_api_list_start = .
 *(SORT_BY_NAME(SORT_BY_ALIGNMENT(._sensor_driver_api.static.*)))
                0x000000008000acc8                _sensor_driver_api_list_end = .

smbus_driver_api_area
                0x000000008000acc8        0x0
                0x000000008000acc8                _smbus_driver_api_list_start = .
 *(SORT_BY_NAME(SORT_BY_ALIGNMENT(._smbus_driver_api.static.*)))
                0x000000008000acc8                _smbus_driver_api_list_end = .

spi_driver_api_area
                0x000000008000acc8        0x0
                0x000000008000acc8                _spi_driver_api_list_start = .
 *(SORT_BY_NAME(SORT_BY_ALIGNMENT(._spi_driver_api.static.*)))
                0x000000008000acc8                _spi_driver_api_list_end = .

stepper_driver_api_area
                0x000000008000acc8        0x0
                0x000000008000acc8                _stepper_driver_api_list_start = .
 *(SORT_BY_NAME(SORT_BY_ALIGNMENT(._stepper_driver_api.static.*)))
                0x000000008000acc8                _stepper_driver_api_list_end = .

syscon_driver_api_area
                0x000000008000acc8        0x0
                0x000000008000acc8                _syscon_driver_api_list_start = .
 *(SORT_BY_NAME(SORT_BY_ALIGNMENT(._syscon_driver_api.static.*)))
                0x000000008000acc8                _syscon_driver_api_list_end = .

tee_driver_api_area
                0x000000008000acc8        0x0
                0x000000008000acc8                _tee_driver_api_list_start = .
 *(SORT_BY_NAME(SORT_BY_ALIGNMENT(._tee_driver_api.static.*)))
                0x000000008000acc8                _tee_driver_api_list_end = .

video_driver_api_area
                0x000000008000acc8        0x0
                0x000000008000acc8                _video_driver_api_list_start = .
 *(SORT_BY_NAME(SORT_BY_ALIGNMENT(._video_driver_api.static.*)))
                0x000000008000acc8                _video_driver_api_list_end = .

virtio_driver_api_area
                0x000000008000acc8        0x0
                0x000000008000acc8                _virtio_driver_api_list_start = .
 *(SORT_BY_NAME(SORT_BY_ALIGNMENT(._virtio_driver_api.static.*)))
                0x000000008000acc8                _virtio_driver_api_list_end = .

w1_driver_api_area
                0x000000008000acc8        0x0
                0x000000008000acc8                _w1_driver_api_list_start = .
 *(SORT_BY_NAME(SORT_BY_ALIGNMENT(._w1_driver_api.static.*)))
                0x000000008000acc8                _w1_driver_api_list_end = .

wdt_driver_api_area
                0x000000008000acc8        0x0
                0x000000008000acc8                _wdt_driver_api_list_start = .
 *(SORT_BY_NAME(SORT_BY_ALIGNMENT(._wdt_driver_api.static.*)))
                0x000000008000acc8                _wdt_driver_api_list_end = .

can_transceiver_driver_api_area
                0x000000008000acc8        0x0
                0x000000008000acc8                _can_transceiver_driver_api_list_start = .
 *(SORT_BY_NAME(SORT_BY_ALIGNMENT(._can_transceiver_driver_api.static.*)))
                0x000000008000acc8                _can_transceiver_driver_api_list_end = .

nrf_clock_control_driver_api_area
                0x000000008000acc8        0x0
                0x000000008000acc8                _nrf_clock_control_driver_api_list_start = .
 *(SORT_BY_NAME(SORT_BY_ALIGNMENT(._nrf_clock_control_driver_api.static.*)))
                0x000000008000acc8                _nrf_clock_control_driver_api_list_end = .

i3c_target_driver_api_area
                0x000000008000acc8        0x0
                0x000000008000acc8                _i3c_target_driver_api_list_start = .
 *(SORT_BY_NAME(SORT_BY_ALIGNMENT(._i3c_target_driver_api.static.*)))
                0x000000008000acc8                _i3c_target_driver_api_list_end = .

its_driver_api_area
                0x000000008000acc8        0x0
                0x000000008000acc8                _its_driver_api_list_start = .
 *(SORT_BY_NAME(SORT_BY_ALIGNMENT(._its_driver_api.static.*)))
                0x000000008000acc8                _its_driver_api_list_end = .

vtd_driver_api_area
                0x000000008000acc8        0x0
                0x000000008000acc8                _vtd_driver_api_list_start = .
 *(SORT_BY_NAME(SORT_BY_ALIGNMENT(._vtd_driver_api.static.*)))
                0x000000008000acc8                _vtd_driver_api_list_end = .

renesas_elc_driver_api_area
                0x000000008000acc8        0x0
                0x000000008000acc8                _renesas_elc_driver_api_list_start = .
 *(SORT_BY_NAME(SORT_BY_ALIGNMENT(._renesas_elc_driver_api.static.*)))
                0x000000008000acc8                _renesas_elc_driver_api_list_end = .

tgpio_driver_api_area
                0x000000008000acc8        0x0
                0x000000008000acc8                _tgpio_driver_api_list_start = .
 *(SORT_BY_NAME(SORT_BY_ALIGNMENT(._tgpio_driver_api.static.*)))
                0x000000008000acc8                _tgpio_driver_api_list_end = .

pcie_ctrl_driver_api_area
                0x000000008000acc8        0x0
                0x000000008000acc8                _pcie_ctrl_driver_api_list_start = .
 *(SORT_BY_NAME(SORT_BY_ALIGNMENT(._pcie_ctrl_driver_api.static.*)))
                0x000000008000acc8                _pcie_ctrl_driver_api_list_end = .

pcie_ep_driver_api_area
                0x000000008000acc8        0x0
                0x000000008000acc8                _pcie_ep_driver_api_list_start = .
 *(SORT_BY_NAME(SORT_BY_ALIGNMENT(._pcie_ep_driver_api.static.*)))
                0x000000008000acc8                _pcie_ep_driver_api_list_end = .

psi5_driver_api_area
                0x000000008000acc8        0x0
                0x000000008000acc8                _psi5_driver_api_list_start = .
 *(SORT_BY_NAME(SORT_BY_ALIGNMENT(._psi5_driver_api.static.*)))
                0x000000008000acc8                _psi5_driver_api_list_end = .

sent_driver_api_area
                0x000000008000acc8        0x0
                0x000000008000acc8                _sent_driver_api_list_start = .
 *(SORT_BY_NAME(SORT_BY_ALIGNMENT(._sent_driver_api.static.*)))
                0x000000008000acc8                _sent_driver_api_list_end = .

svc_driver_api_area
                0x000000008000acc8        0x0
                0x000000008000acc8                _svc_driver_api_list_start = .
 *(SORT_BY_NAME(SORT_BY_ALIGNMENT(._svc_driver_api.static.*)))
                0x000000008000acc8                _svc_driver_api_list_end = .

uart_driver_api_area
                0x000000008000acc8        0x0
                0x000000008000acc8                _uart_driver_api_list_start = .
 *(SORT_BY_NAME(SORT_BY_ALIGNMENT(._uart_driver_api.static.*)))
                0x000000008000acc8                _uart_driver_api_list_end = .

bc12_emul_driver_api_area
                0x000000008000acc8        0x0
                0x000000008000acc8                _bc12_emul_driver_api_list_start = .
 *(SORT_BY_NAME(SORT_BY_ALIGNMENT(._bc12_emul_driver_api.static.*)))
                0x000000008000acc8                _bc12_emul_driver_api_list_end = .

bc12_driver_api_area
                0x000000008000acc8        0x0
                0x000000008000acc8                _bc12_driver_api_list_start = .
 *(SORT_BY_NAME(SORT_BY_ALIGNMENT(._bc12_driver_api.static.*)))
                0x000000008000acc8                _bc12_driver_api_list_end = .

usbc_ppc_driver_api_area
                0x000000008000acc8        0x0
                0x000000008000acc8                _usbc_ppc_driver_api_list_start = .
 *(SORT_BY_NAME(SORT_BY_ALIGNMENT(._usbc_ppc_driver_api.static.*)))
                0x000000008000acc8                _usbc_ppc_driver_api_list_end = .

tcpc_driver_api_area
                0x000000008000acc8        0x0
                0x000000008000acc8                _tcpc_driver_api_list_start = .
 *(SORT_BY_NAME(SORT_BY_ALIGNMENT(._tcpc_driver_api.static.*)))
                0x000000008000acc8                _tcpc_driver_api_list_end = .

usbc_vbus_driver_api_area
                0x000000008000acc8        0x0
                0x000000008000acc8                _usbc_vbus_driver_api_list_start = .
 *(SORT_BY_NAME(SORT_BY_ALIGNMENT(._usbc_vbus_driver_api.static.*)))
                0x000000008000acc8                _usbc_vbus_driver_api_list_end = .

ivshmem_driver_api_area
                0x000000008000acc8        0x0
                0x000000008000acc8                _ivshmem_driver_api_list_start = .
 *(SORT_BY_NAME(SORT_BY_ALIGNMENT(._ivshmem_driver_api.static.*)))
                0x000000008000acc8                _ivshmem_driver_api_list_end = .

ethphy_driver_api_area
                0x000000008000acc8        0x0
                0x000000008000acc8                _ethphy_driver_api_list_start = .
 *(SORT_BY_NAME(SORT_BY_ALIGNMENT(._ethphy_driver_api.static.*)))
                0x000000008000acc8                _ethphy_driver_api_list_end = .

ztest           0x000000008000acc8        0x0
                0x000000008000acc8                _ztest_expected_result_entry_list_start = .
 *(SORT_BY_NAME(SORT_BY_ALIGNMENT(._ztest_expected_result_entry.static.*)))
                0x000000008000acc8                _ztest_expected_result_entry_list_end = .
                0x000000008000acc8                _ztest_suite_node_list_start = .
 *(SORT_BY_NAME(SORT_BY_ALIGNMENT(._ztest_suite_node.static.*)))
                0x000000008000acc8                _ztest_suite_node_list_end = .
                0x000000008000acc8                _ztest_unit_test_list_start = .
 *(SORT_BY_NAME(SORT_BY_ALIGNMENT(._ztest_unit_test.static.*)))
                0x000000008000acc8                _ztest_unit_test_list_end = .
                0x000000008000acc8                _ztest_test_rule_list_start = .
 *(SORT_BY_NAME(SORT_BY_ALIGNMENT(._ztest_test_rule.static.*)))
                0x000000008000acc8                _ztest_test_rule_list_end = .

init_array      0x000000008000acc8        0x0
                0x000000008000acc8                __zephyr_init_array_start = .
 *(SORT_BY_INIT_PRIORITY(.init_array.*) SORT_BY_INIT_PRIORITY(.ctors.*))
 *(SORT_BY_ALIGNMENT(.init_array) SORT_BY_ALIGNMENT(.ctors))
                0x000000008000acc8                __zephyr_init_array_end = .
                0x0000000000000001                ASSERT ((__zephyr_init_array_start == __zephyr_init_array_end), GNU-style constructors required but STATIC_INIT_GNU not enabled)

bt_l2cap_fixed_chan_area
                0x000000008000acc8        0x0
                0x000000008000acc8                _bt_l2cap_fixed_chan_list_start = .
 *(SORT_BY_NAME(SORT_BY_ALIGNMENT(._bt_l2cap_fixed_chan.static.*)))
                0x000000008000acc8                _bt_l2cap_fixed_chan_list_end = .

bt_gatt_service_static_area
                0x000000008000acc8        0x0
                0x000000008000acc8                _bt_gatt_service_static_list_start = .
 *(SORT_BY_NAME(SORT_BY_ALIGNMENT(._bt_gatt_service_static.static.*)))
                0x000000008000acc8                _bt_gatt_service_static_list_end = .

log_strings_area
                0x000000008000acc8        0x0
                0x000000008000acc8                _log_strings_list_start = .
 *(SORT_BY_NAME(SORT_BY_ALIGNMENT(._log_strings.static.*)))
                0x000000008000acc8                _log_strings_list_end = .

log_stmesp_ptr_area
                0x000000008000acc8        0x0
                0x000000008000acc8                _log_stmesp_ptr_list_start = .
 *(SORT_BY_NAME(SORT_BY_ALIGNMENT(._log_stmesp_ptr.static.*)))
                0x000000008000acc8                _log_stmesp_ptr_list_end = .

log_stmesp_str_area
                0x000000008000acc8        0x0
                0x000000008000acc8                _log_stmesp_str_list_start = .
 *(SORT_BY_NAME(SORT_BY_ALIGNMENT(._log_stmesp_str.static.*)))
                0x000000008000acc8                _log_stmesp_str_list_end = .

log_const_area  0x000000008000acc8        0x0
                0x000000008000acc8                _log_const_list_start = .
 *(SORT_BY_NAME(SORT_BY_ALIGNMENT(._log_const.static.*)))
                0x000000008000acc8                _log_const_list_end = .

log_backend_area
                0x000000008000acc8        0x0
                0x000000008000acc8                _log_backend_list_start = .
 *(SORT_BY_NAME(SORT_BY_ALIGNMENT(._log_backend.static.*)))
                0x000000008000acc8                _log_backend_list_end = .

log_link_area   0x000000008000acc8        0x0
                0x000000008000acc8                _log_link_list_start = .
 *(SORT_BY_NAME(SORT_BY_ALIGNMENT(._log_link.static.*)))
                0x000000008000acc8                _log_link_list_end = .

tracing_backend_area
                0x000000008000acc8        0x0
                0x000000008000acc8                _tracing_backend_list_start = .
 *(SORT_BY_NAME(SORT_BY_ALIGNMENT(._tracing_backend.static.*)))
                0x000000008000acc8                _tracing_backend_list_end = .

zephyr_dbg_info
 *(SORT_BY_ALIGNMENT(.dbg_thread_info))

intc_table_area
                0x000000008000acc8       0x18
                0x000000008000acc8                _intc_table_list_start = .
 *(SORT_BY_NAME(SORT_BY_ALIGNMENT(._intc_table.static.*)))
 ._intc_table.static.plic0_
                0x000000008000acc8       0x18 zephyr/drivers/interrupt_controller/libdrivers__interrupt_controller.a(intc_plic.c.obj)
                0x000000008000ace0                _intc_table_list_end = .

symbol_to_keep  0x000000008000ace0        0x0
                0x000000008000ace0                __symbol_to_keep_start = .
 *(SORT_BY_NAME(SORT_BY_ALIGNMENT(.symbol_to_keep*)))
                0x000000008000ace0                __symbol_to_keep_end = .

shell_area      0x000000008000ace0        0x0
                0x000000008000ace0                _shell_list_start = .
 *(SORT_BY_NAME(SORT_BY_ALIGNMENT(._shell.static.*)))
                0x000000008000ace0                _shell_list_end = .

shell_root_cmds_area
                0x000000008000ace0        0x0
                0x000000008000ace0                _shell_root_cmds_list_start = .
 *(SORT_BY_NAME(SORT_BY_ALIGNMENT(._shell_root_cmds.static.*)))
                0x000000008000ace0                _shell_root_cmds_list_end = .

shell_subcmds_area
                0x000000008000ace0        0x0
                0x000000008000ace0                _shell_subcmds_list_start = .
 *(SORT_BY_NAME(SORT_BY_ALIGNMENT(._shell_subcmds.static.*)))
                0x000000008000ace0                _shell_subcmds_list_end = .

shell_dynamic_subcmds_area
                0x000000008000ace0        0x0
                0x000000008000ace0                _shell_dynamic_subcmds_list_start = .
 *(SORT_BY_NAME(SORT_BY_ALIGNMENT(._shell_dynamic_subcmds.static.*)))
                0x000000008000ace0                _shell_dynamic_subcmds_list_end = .

cfb_font_area   0x000000008000ace0        0x0
                0x000000008000ace0                _cfb_font_list_start = .
 *(SORT_BY_NAME(SORT_BY_ALIGNMENT(._cfb_font.static.*)))
                0x000000008000ace0                _cfb_font_list_end = .

tdata           0x000000008000ace0        0x0
 *(SORT_BY_ALIGNMENT(.tdata) SORT_BY_ALIGNMENT(.tdata.*) SORT_BY_ALIGNMENT(.gnu.linkonce.td.*))

tbss            0x000000008000ace0        0x8
 *(SORT_BY_ALIGNMENT(.tbss) SORT_BY_ALIGNMENT(.tbss.*) SORT_BY_ALIGNMENT(.gnu.linkonce.tb.*) SORT_BY_ALIGNMENT(.tcommon))
 .tbss.z_tls_current
                0x000000008000ace0        0x8 zephyr/libzephyr.a(thread_entry.c.obj)
                0x000000008000ace0                z_tls_current
                0x000000008000ace0                PROVIDE (__tdata_start = ADDR (tdata))
                0x0000000000000001                PROVIDE (__tdata_align = ALIGNOF (tdata))
                0x0000000000000000                PROVIDE (__tdata_size = (((SIZEOF (tdata) + __tdata_align) - 0x1) & ~ ((__tdata_align - 0x1))))
                [!provide]                        PROVIDE (__tdata_end = (__tdata_start + __tdata_size))
                0x0000000000000008                PROVIDE (__tbss_align = ALIGNOF (tbss))
                [!provide]                        PROVIDE (__tbss_start = ADDR (tbss))
                0x0000000000000008                PROVIDE (__tbss_size = (((SIZEOF (tbss) + __tbss_align) - 0x1) & ~ ((__tbss_align - 0x1))))
                [!provide]                        PROVIDE (__tbss_end = (__tbss_start + __tbss_size))
                [!provide]                        PROVIDE (__tls_start = __tdata_start)
                [!provide]                        PROVIDE (__tls_end = __tbss_end)
                [!provide]                        PROVIDE (__tls_size = (__tbss_end - __tdata_start))

rodata          0x000000008000ace0    0x576a8
                0x000000008000ace0                . = ALIGN (0x4)
 *(SORT_BY_ALIGNMENT(.srodata))
 *(SORT_BY_ALIGNMENT(.srodata.*))
 .srodata.dronet_linear2_bias_q_gemmini_q31
                0x000000008000ace0        0x4 app/libapp.a(weights.c.obj)
                0x000000008000ace0                dronet_linear2_bias_q_gemmini_q31
 *fill*         0x000000008000ace4        0x4 
 .srodata.dronet_linear1_bias_q_gemmini_q31
                0x000000008000ace8        0x4 app/libapp.a(weights.c.obj)
                0x000000008000ace8                dronet_linear1_bias_q_gemmini_q31
 *fill*         0x000000008000acec        0x4 
 .srodata.stdout
                0x000000008000acf0        0x8 zephyr/lib/libc/picolibc/liblib__libc__picolibc.a(stdio.c.obj)
                0x000000008000acf0                stdout
                0x000000008000acf0                stderr
 .srodata.ln2LO
                0x000000008000acf8        0x8 /scratch/dima/rose-infra/RoSE/soc/sw/xpu-rt/zephyr-chipyard-sw/tools-manual/zephyr-sdk-1.0.0-beta1/gnu/riscv64-zephyr-elf/bin/../lib/gcc/riscv64-zephyr-elf/14.3.0/../../../../riscv64-zephyr-elf/lib/rv64imafdc_zicsr_zifencei/lp64d/medany/space/libc.a(libm_math_sf_exp.c.o)
 .srodata.ln2HI
                0x000000008000ad00        0x8 /scratch/dima/rose-infra/RoSE/soc/sw/xpu-rt/zephyr-chipyard-sw/tools-manual/zephyr-sdk-1.0.0-beta1/gnu/riscv64-zephyr-elf/bin/../lib/gcc/riscv64-zephyr-elf/14.3.0/../../../../riscv64-zephyr-elf/lib/rv64imafdc_zicsr_zifencei/lp64d/medany/space/libc.a(libm_math_sf_exp.c.o)
 .srodata.halF  0x000000008000ad08        0x8 /scratch/dima/rose-infra/RoSE/soc/sw/xpu-rt/zephyr-chipyard-sw/tools-manual/zephyr-sdk-1.0.0-beta1/gnu/riscv64-zephyr-elf/bin/../lib/gcc/riscv64-zephyr-elf/14.3.0/../../../../riscv64-zephyr-elf/lib/rv64imafdc_zicsr_zifencei/lp64d/medany/space/libc.a(libm_math_sf_exp.c.o)
 .srodata.cst4  0x000000008000ad10       0x84 app/libapp.a(main.c.obj)
                                          0x4 (size before relaxing)
 .srodata.cst4  0x000000008000ad94       0x3c app/libapp.a(model.c.obj)
 .srodata.cst4  0x000000008000ad94        0x8 app/libapp.a(kernels.c.obj)
 .srodata.cst4  0x000000008000ad94       0x30 /scratch/dima/rose-infra/RoSE/soc/sw/xpu-rt/zephyr-chipyard-sw/tools-manual/zephyr-sdk-1.0.0-beta1/gnu/riscv64-zephyr-elf/bin/../lib/gcc/riscv64-zephyr-elf/14.3.0/../../../../riscv64-zephyr-elf/lib/rv64imafdc_zicsr_zifencei/lp64d/medany/space/libc.a(libm_math_sf_exp.c.o)
 .srodata.cst4  0x000000008000ad94        0x8 /scratch/dima/rose-infra/RoSE/soc/sw/xpu-rt/zephyr-chipyard-sw/tools-manual/zephyr-sdk-1.0.0-beta1/gnu/riscv64-zephyr-elf/bin/../lib/gcc/riscv64-zephyr-elf/14.3.0/../../../../riscv64-zephyr-elf/lib/rv64imafdc_zicsr_zifencei/lp64d/medany/space/libc.a(libm_common_math_errf_uflowf.c.o)
 .srodata.cst4  0x000000008000ad94        0x8 /scratch/dima/rose-infra/RoSE/soc/sw/xpu-rt/zephyr-chipyard-sw/tools-manual/zephyr-sdk-1.0.0-beta1/gnu/riscv64-zephyr-elf/bin/../lib/gcc/riscv64-zephyr-elf/14.3.0/../../../../riscv64-zephyr-elf/lib/rv64imafdc_zicsr_zifencei/lp64d/medany/space/libc.a(libm_common_math_errf_oflowf.c.o)
 *(SORT_BY_ALIGNMENT(.rodata))
 *fill*         0x000000008000ad94        0xc 
 .rodata        0x000000008000ada0     0x9310 app/libapp.a(test_io.S.obj)
                0x000000008000ada0                model_dronet_test_input
                0x00000000800140a0                model_dronet_test_golden
 .rodata        0x00000000800140b0      0x100 /scratch/dima/rose-infra/RoSE/soc/sw/xpu-rt/zephyr-chipyard-sw/tools-manual/zephyr-sdk-1.0.0-beta1/gnu/riscv64-zephyr-elf/bin/../lib/gcc/riscv64-zephyr-elf/14.3.0/rv64imafdc_zicsr_zifencei/lp64d/medany/space/libgcc.a(_clz.o)
                0x00000000800140b0                __clz_tab
 *(SORT_BY_ALIGNMENT(.rodata.*))
 .rodata.main.str1.8
                0x00000000800141b0      0xdb7 app/libapp.a(main.c.obj)
                                        0x186 (size before relaxing)
 .rodata.dispatch_dronet_21.str1.8
                0x0000000080014f67       0x24 app/libapp.a(model.c.obj)
 .rodata.dispatch_dronet_20.str1.8
                0x0000000080014f67       0x27 app/libapp.a(model.c.obj)
 .rodata.dispatch_dronet_19.str1.8
                0x0000000080014f67        0x8 app/libapp.a(model.c.obj)
 .rodata.dispatch_dronet_18.str1.8
                0x0000000080014f67       0x1f app/libapp.a(model.c.obj)
 .rodata.dispatch_dronet_17.str1.8
                0x0000000080014f67        0xf app/libapp.a(model.c.obj)
 .rodata.dispatch_dronet_12.str1.8
                0x0000000080014f67        0xf app/libapp.a(model.c.obj)
 .rodata.dispatch_dronet_7.str1.8
                0x0000000080014f67        0xf app/libapp.a(model.c.obj)
 .rodata.dispatch_dronet_16.str1.8
                0x0000000080014f67       0x63 app/libapp.a(model.c.obj)
 .rodata.dispatch_dronet_15.str1.8
                0x0000000080014f67       0x54 app/libapp.a(model.c.obj)
 .rodata.dispatch_dronet_14.str1.8
                0x0000000080014f67       0x53 app/libapp.a(model.c.obj)
 .rodata.dispatch_dronet_11.str1.8
                0x0000000080014f67       0x54 app/libapp.a(model.c.obj)
 .rodata.dispatch_dronet_10.str1.8
                0x0000000080014f67       0x52 app/libapp.a(model.c.obj)
 .rodata.dispatch_dronet_9.str1.8
                0x0000000080014f67       0x54 app/libapp.a(model.c.obj)
 .rodata.dispatch_dronet_6.str1.8
                0x0000000080014f67       0x56 app/libapp.a(model.c.obj)
 .rodata.dispatch_dronet_5.str1.8
                0x0000000080014f67       0x56 app/libapp.a(model.c.obj)
 .rodata.dispatch_dronet_4.str1.8
                0x0000000080014f67       0x56 app/libapp.a(model.c.obj)
 .rodata.dispatch_dronet_1.str1.8
                0x0000000080014f67       0x5f app/libapp.a(model.c.obj)
 .rodata.dispatch_dronet_0.str1.8
                0x0000000080014f67       0x16 app/libapp.a(model.c.obj)
 .rodata.dispatch_dronet_13.str1.8
                0x0000000080014f67       0x31 app/libapp.a(model.c.obj)
 .rodata.dispatch_dronet_8.str1.8
                0x0000000080014f67       0x23 app/libapp.a(model.c.obj)
 .rodata.dispatch_dronet_3.str1.8
                0x0000000080014f67       0x23 app/libapp.a(model.c.obj)
 .rodata.dispatch_dronet_2.str1.8
                0x0000000080014f67       0x69 app/libapp.a(model.c.obj)
 *fill*         0x0000000080014f67        0x1 
 .rodata.MODEL_DRONET_DISPATCH_FNS
                0x0000000080014f68       0xb0 app/libapp.a(model.c.obj)
                0x0000000080014f68                MODEL_DRONET_DISPATCH_FNS
 .rodata.tiled_matmul_auto.constprop.0.str1.8
                0x0000000080015018      0x1c5 app/libapp.a(kernels.c.obj)
 .rodata.kernel_maxpool2d_s8_dronet.str1.8
                0x0000000080015018       0x6e app/libapp.a(kernels.c.obj)
 .rodata.dronet_linear2_weight_q_gemmini_q31
                0x0000000080015018      0x800 app/libapp.a(weights.c.obj)
                0x0000000080015018                dronet_linear2_weight_q_gemmini_q31
 .rodata.dronet_linear1_weight_q_gemmini_q31
                0x0000000080015818      0x800 app/libapp.a(weights.c.obj)
                0x0000000080015818                dronet_linear1_weight_q_gemmini_q31
 .rodata.dronet_conv_modules_9_weight_q_gemmini_q31
                0x0000000080016018     0x2000 app/libapp.a(weights.c.obj)
                0x0000000080016018                dronet_conv_modules_9_weight_q_gemmini_q31
 .rodata.dronet_conv_modules_9_bias_q_gemmini_q31
                0x0000000080018018      0x200 app/libapp.a(weights.c.obj)
                0x0000000080018018                dronet_conv_modules_9_bias_q_gemmini_q31
 .rodata.dronet_conv_modules_8_weight_q_gemmini_q31
                0x0000000080018218    0x24000 app/libapp.a(weights.c.obj)
                0x0000000080018218                dronet_conv_modules_8_weight_q_gemmini_q31
 .rodata.dronet_conv_modules_8_bias_q_gemmini_q31
                0x000000008003c218      0x200 app/libapp.a(weights.c.obj)
                0x000000008003c218                dronet_conv_modules_8_bias_q_gemmini_q31
 .rodata.dronet_conv_modules_7_weight_q_gemmini_q31
                0x000000008003c418    0x12000 app/libapp.a(weights.c.obj)
                0x000000008003c418                dronet_conv_modules_7_weight_q_gemmini_q31
 .rodata.dronet_conv_modules_7_bias_q_gemmini_q31
                0x000000008004e418      0x200 app/libapp.a(weights.c.obj)
                0x000000008004e418                dronet_conv_modules_7_bias_q_gemmini_q31
 .rodata.dronet_conv_modules_6_weight_q_gemmini_q31
                0x000000008004e618      0x800 app/libapp.a(weights.c.obj)
                0x000000008004e618                dronet_conv_modules_6_weight_q_gemmini_q31
 .rodata.dronet_conv_modules_6_bias_q_gemmini_q31
                0x000000008004ee18      0x100 app/libapp.a(weights.c.obj)
                0x000000008004ee18                dronet_conv_modules_6_bias_q_gemmini_q31
 .rodata.dronet_conv_modules_5_weight_q_gemmini_q31
                0x000000008004ef18     0x9000 app/libapp.a(weights.c.obj)
                0x000000008004ef18                dronet_conv_modules_5_weight_q_gemmini_q31
 .rodata.dronet_conv_modules_5_bias_q_gemmini_q31
                0x0000000080057f18      0x100 app/libapp.a(weights.c.obj)
                0x0000000080057f18                dronet_conv_modules_5_bias_q_gemmini_q31
 .rodata.dronet_conv_modules_4_weight_q_gemmini_q31
                0x0000000080058018     0x4800 app/libapp.a(weights.c.obj)
                0x0000000080058018                dronet_conv_modules_4_weight_q_gemmini_q31
 .rodata.dronet_conv_modules_4_bias_q_gemmini_q31
                0x000000008005c818      0x100 app/libapp.a(weights.c.obj)
                0x000000008005c818                dronet_conv_modules_4_bias_q_gemmini_q31
 .rodata.dronet_conv_modules_3_weight_q_gemmini_q31
                0x000000008005c918      0x400 app/libapp.a(weights.c.obj)
                0x000000008005c918                dronet_conv_modules_3_weight_q_gemmini_q31
 .rodata.dronet_conv_modules_3_bias_q_gemmini_q31
                0x000000008005cd18       0x80 app/libapp.a(weights.c.obj)
                0x000000008005cd18                dronet_conv_modules_3_bias_q_gemmini_q31
 .rodata.dronet_conv_modules_2_weight_q_gemmini_q31
                0x000000008005cd98     0x2400 app/libapp.a(weights.c.obj)
                0x000000008005cd98                dronet_conv_modules_2_weight_q_gemmini_q31
 .rodata.dronet_conv_modules_2_bias_q_gemmini_q31
                0x000000008005f198       0x80 app/libapp.a(weights.c.obj)
                0x000000008005f198                dronet_conv_modules_2_bias_q_gemmini_q31
 .rodata.dronet_conv_modules_1_weight_q_gemmini_q31
                0x000000008005f218     0x2400 app/libapp.a(weights.c.obj)
                0x000000008005f218                dronet_conv_modules_1_weight_q_gemmini_q31
 .rodata.dronet_conv_modules_1_bias_q_gemmini_q31
                0x0000000080061618       0x80 app/libapp.a(weights.c.obj)
                0x0000000080061618                dronet_conv_modules_1_bias_q_gemmini_q31
 .rodata.dronet_conv_modules_0_weight_q_tile_1_gemmini_q31
                0x0000000080061698      0x1b0 app/libapp.a(weights.c.obj)
                0x0000000080061698                dronet_conv_modules_0_weight_q_tile_1_gemmini_q31
 .rodata.dronet_conv_modules_0_weight_q_tile_0_gemmini_q31
                0x0000000080061848      0x1b0 app/libapp.a(weights.c.obj)
                0x0000000080061848                dronet_conv_modules_0_weight_q_tile_0_gemmini_q31
 .rodata.dronet_conv_modules_0_bias_q_tile_1_gemmini_q31
                0x00000000800619f8       0x40 app/libapp.a(weights.c.obj)
                0x00000000800619f8                dronet_conv_modules_0_bias_q_tile_1_gemmini_q31
 .rodata.dronet_conv_modules_0_bias_q_tile_0_gemmini_q31
                0x0000000080061a38       0x40 app/libapp.a(weights.c.obj)
                0x0000000080061a38                dronet_conv_modules_0_bias_q_tile_0_gemmini_q31
 .rodata.dronet_bn_modules_4_scale_gemmini_q31
                0x0000000080061a78      0x100 app/libapp.a(weights.c.obj)
                0x0000000080061a78                dronet_bn_modules_4_scale_gemmini_q31
 .rodata.dronet_bn_modules_4_bias_fused_gemmini_q31
                0x0000000080061b78      0x100 app/libapp.a(weights.c.obj)
                0x0000000080061b78                dronet_bn_modules_4_bias_fused_gemmini_q31
 .rodata.dronet_bn_modules_2_scale_gemmini_q31
                0x0000000080061c78       0x80 app/libapp.a(weights.c.obj)
                0x0000000080061c78                dronet_bn_modules_2_scale_gemmini_q31
 .rodata.dronet_bn_modules_2_bias_fused_gemmini_q31
                0x0000000080061cf8       0x80 app/libapp.a(weights.c.obj)
                0x0000000080061cf8                dronet_bn_modules_2_bias_fused_gemmini_q31
 .rodata.dronet_bn_modules_0_scale_gemmini_q31
                0x0000000080061d78       0x80 app/libapp.a(weights.c.obj)
                0x0000000080061d78                dronet_bn_modules_0_scale_gemmini_q31
 .rodata.dronet_bn_modules_0_bias_fused_gemmini_q31
                0x0000000080061df8       0x80 app/libapp.a(weights.c.obj)
                0x0000000080061df8                dronet_bn_modules_0_bias_fused_gemmini_q31
 .rodata.sys_reboot.str1.8
                0x0000000080061e78       0x29 zephyr/libzephyr.a(reboot.c.obj)
 .rodata.z_riscv_fatal_error_csf.str1.8
                0x0000000080061e78      0x247 zephyr/arch/arch/riscv/core/libarch__riscv__core.a(fatal.c.obj)
 .rodata.str1.8
                0x0000000080061e78      0x175 zephyr/arch/arch/riscv/core/libarch__riscv__core.a(fatal.c.obj)
 .rodata.mcause_str.0
                0x0000000080061e78       0x88 zephyr/arch/arch/riscv/core/libarch__riscv__core.a(fatal.c.obj)
 .rodata.print_trace_address.str1.8
                0x0000000080061f00       0x21 zephyr/arch/arch/riscv/core/libarch__riscv__core.a(stacktrace.c.obj)
 .rodata.z_riscv_unwind_stack.str1.8
                0x0000000080061f00       0x12 zephyr/arch/arch/riscv/core/libarch__riscv__core.a(stacktrace.c.obj)
 .rodata._exit.str1.8
                0x0000000080061f00        0x5 zephyr/lib/libc/picolibc/liblib__libc__picolibc.a(exit.c.obj)
 .rodata.str1.8
                0x0000000080061f00       0x1d zephyr/drivers/interrupt_controller/libdrivers__interrupt_controller.a(intc_plic.c.obj)
 .rodata.plic_config_0