*** Booting Zephyr OS build c93d5bdb6078 ***
modelblaster harness: model=vint in=114240 out=21
=== MODELBLASTER_VERIFY === max_abs_err=0.327884674 max_rel_err=0.146037564 n=21
=== MODELBLASTER_OUTPUT_BEGIN ===
19.836874
0.895590067
-0.0778773949
0.995495498
-0.0948090926
1.71330273
-0.233632177
0.978716969
-0.205214828
2.49207664
-0.467264354
0.935472071
-0.353400558
3.19297314
-0.817712605
0.90015924
-0.435560912
3.73811483
-1.24603832
0.635707259
-0.771930277
=== MODELBLASTER_OUTPUT_END ===
=== MODELBLASTER_PROFILE_BEGIN ===
dispatch_id,name,op,shape,cycles
0,obs_img__cast_f16,cast_i8_to_f16,n=97920,1175314
1,slice_2,slice_c_f16,N=1;IC=18;C_start=15;C_end=18;H=64;W=85,3116
2,goal_img__cast_f16,cast_i8_to_f16,n=16320,195857
3,cat,cat2_c1_f16,N=1;H=64;W=85;C_total=6;C_inputs=3|3,391751
4,pad,pad_f16,N=1;C=6;IH=64;IW=85;pad_left=0;pad_right=1;pad_top=0;pad_bottom=1,19478
5,conv2d,conv2d_f16,N=1;IC=6;IH=65;IW=86;OC=32;KH=3;KW=3;SH=2;SW=2;PH=0;PW=0;DH=1;DW=1;groups=1,55670908
6,batch_norm,batchnorm2d_f16,N=1;C=32;H=32;W=42,438760
7,mul__sigmoid,sigmoid_f16,n=43008,104868
8,mul,mul_f16,n=43008,8750
9,conv2d_1,depthwise_conv2d_f16,N=1;IC=1;IH=32;IW=42;OC=32;KH=3;KW=3;SH=1;SW=1;PH=1;PW=1;DH=1;DW=1;groups=32,9147089
10,batch_norm_1,batchnorm2d_f16,N=1;C=32;H=32;W=42,438760
11,mul_1__sigmoid,sigmoid_f16,n=43008,104868
12,mul_1,mul_f16,n=43008,8750
13,adaptive_avg_pool2d,adaptive_avg_pool2d_f16,N=1;C=32;IH=32;IW=42;OH=1;OW=1,443114
14,conv2d_2,conv2d_f16,N=1;IC=32;IH=1;IW=1;OC=8;KH=1;KW=1;SH=1;SW=1;PH=0;PW=0;DH=1;DW=1;groups=1,11053
15,mul_2__sigmoid,sigmoid_f16,n=8,74
16,mul_2,mul_f16,n=8,26
17,conv2d_3,conv2d_f16,N=1;IC=8;IH=1;IW=1;OC=32;KH=1;KW=1;SH=1;SW=1;PH=0;PW=0;DH=1;DW=1;groups=1,12349
18,sigmoid_3,sigmoid_f16,n=32,113
19,mul_3,mul_c1_f16,N=1;C=32;HW=1344,8377
20,conv2d_4,conv2d_f16,N=1;IC=32;IH=32;IW=42;OC=16;KH=1;KW=1;SH=1;SW=1;PH=0;PW=0;DH=1;DW=1;groups=1,28567056
21,batch_norm_2,batchnorm2d_f16,N=1;C=16;H=32;W=42,219400
22,conv2d_5,conv2d_f16,N=1;IC=16;IH=32;IW=42;OC=96;KH=1;KW=1;SH=1;SW=1;PH=0;PW=0;DH=1;DW=1;groups=1,86755492
23,batch_norm_3,batchnorm2d_f16,N=1;C=96;H=32;W=42,1316200
24,mul_4__sigmoid,sigmoid_f16,n=129024,314532
25,mul_4,mul_f16,n=129024,26222
26,pad_2,pad_f16,N=1;C=96;IH=32;IW=42;pad_left=0;pad_right=1;pad_top=0;pad_bottom=1,116324
27,conv2d_6,depthwise_conv2d_f16,N=1;IC=1;IH=33;IW=43;OC=96;KH=3;KW=3;SH=2;SW=2;PH=0;PW=0;DH=1;DW=1;groups=96,7056445
28,batch_norm_4,batchnorm2d_f16,N=1;C=96;H=16;W=21,336232
29,mul_5__sigmoid,sigmoid_f16,n=32256,78660
30,mul_5,mul_f16,n=32256,6566
31,adaptive_avg_pool2d_1,adaptive_avg_pool2d_f16,N=1;C=96;IH=16;IW=21;OH=1;OW=1,344618
32,conv2d_7,conv2d_f16,N=1;IC=96;IH=1;IW=1;OC=4;KH=1;KW=1;SH=1;SW=1;PH=0;PW=0;DH=1;DW=1;groups=1,16085
33,mul_6__sigmoid,sigmoid_f16,n=4,74
34,mul_6,mul_f16,n=4,26
35,conv2d_8,conv2d_f16,N=1;IC=4;IH=1;IW=1;OC=96;KH=1;KW=1;SH=1;SW=1;PH=0;PW=0;DH=1;DW=1;groups=1,21053
36,sigmoid_7,sigmoid_f16,n=96,269
37,mul_7,mul_c1_f16,N=1;C=96;HW=336,7801
38,conv2d_9,conv2d_f16,N=1;IC=96;IH=16;IW=21;OC=24;KH=1;KW=1;SH=1;SW=1;PH=0;PW=0;DH=1;DW=1;groups=1,31876102
39,batch_norm_5,batchnorm2d_f16,N=1;C=24;H=16;W=21,84088
40,conv2d_10,conv2d_f16,N=1;IC=24;IH=16;IW=21;OC=144;KH=1;KW=1;SH=1;SW=1;PH=0;PW=0;DH=1;DW=1;groups=1,48423994
41,batch_norm_6,batchnorm2d_f16,N=1;C=144;H=16;W=21,504328
42,mul_8__sigmoid,sigmoid_f16,n=48384,117972
43,mul_8,mul_f16,n=48384,9842
44,conv2d_11,depthwise_conv2d_f16,N=1;IC=1;IH=16;IW=21;OC=144;KH=3;KW=3;SH=1;SW=1;PH=1;PW=1;DH=1;DW=1;groups=144,10038642
45,batch_norm_7,batchnorm2d_f16,N=1;C=144;H=16;W=21,504328
46,mul_9__sigmoid,sigmoid_f16,n=48384,117972
47,mul_9,mul_f16,n=48384,9842
48,adaptive_avg_pool2d_2,adaptive_avg_pool2d_f16,N=1;C=144;IH=16;IW=21;OH=1;OW=1,516890
49,conv2d_12,conv2d_f16,N=1;IC=144;IH=1;IW=1;OC=6;KH=1;KW=1;SH=1;SW=1;PH=0;PW=0;DH=1;DW=1;groups=1,35873
50,mul_10__sigmoid,sigmoid_f16,n=6,74
51,mul_10,mul_f16,n=6,26
52,conv2d_13,conv2d_f16,N=1;IC=6;IH=1;IW=1;OC=144;KH=1;KW=1;SH=1;SW=1;PH=0;PW=0;DH=1;DW=1;groups=1,43325
53,sigmoid_11,sigmoid_f16,n=144,386
54,mul_11,mul_c1_f16,N=1;C=144;HW=336,11689
55,conv2d_14,conv2d_f16,N=1;IC=144;IH=16;IW=21;OC=24;KH=1;KW=1;SH=1;SW=1;PH=0;PW=0;DH=1;DW=1;groups=1,47747674
56,batch_norm_8,batchnorm2d_f16,N=1;C=24;H=16;W=21,84088
57,add,add_f16,n=8064,88719
58,conv2d_15,conv2d_f16,N=1;IC=24;IH=16;IW=21;OC=144;KH=1;KW=1;SH=1;SW=1;PH=0;PW=0;DH=1;DW=1;groups=1,48423184
59,batch_norm_9,batchnorm2d_f16,N=1;C=144;H=16;W=21,504328
60,mul_12__sigmoid,sigmoid_f16,n=48384,117972
61,mul_12,mul_f16,n=48384,9842
62,pad_4,pad_f16,N=1;C=144;IH=16;IW=21;pad_left=1;pad_right=2;pad_top=1;pad_bottom=2,114980
63,conv2d_16,depthwise_conv2d_f16,N=1;IC=1;IH=19;IW=24;OC=144;KH=5;KW=5;SH=2;SW=2;PH=0;PW=0;DH=1;DW=1;groups=144,6286435
64,batch_norm_10,batchnorm2d_f16,N=1;C=144;H=8;W=10,126472
65,mul_13__sigmoid,sigmoid_f16,n=11520,28116
66,mul_13,mul_f16,n=11520,2354
67,adaptive_avg_pool2d_3,adaptive_avg_pool2d_f16,N=1;C=144;IH=8;IW=10;OH=1;OW=1,135578
68,conv2d_17,conv2d_f16,N=1;IC=144;IH=1;IW=1;OC=6;KH=1;KW=1;SH=1;SW=1;PH=0;PW=0;DH=1;DW=1;groups=1,35873
69,mul_14__sigmoid,sigmoid_f16,n=6,74
70,mul_14,mul_f16,n=6,26
71,conv2d_18,conv2d_f16,N=1;IC=6;IH=1;IW=1;OC=144;KH=1;KW=1;SH=1;SW=1;PH=0;PW=0;DH=1;DW=1;groups=1,43325
72,sigmoid_15,sigmoid_f16,n=144,386
73,mul_15,mul_c1_f16,N=1;C=144;HW=80,4777
74,conv2d_19,conv2d_f16,N=1;IC=144;IH=8;IW=10;OC=40;KH=1;KW=1;SH=1;SW=1;PH=0;PW=0;DH=1;DW=1;groups=1,18950534
75,batch_norm_11,batchnorm2d_f16,N=1;C=40;H=8;W=10,35160
76,conv2d_20,conv2d_f16,N=1;IC=40;IH=8;IW=10;OC=240;KH=1;KW=1;SH=1;SW=1;PH=0;PW=0;DH=1;DW=1;groups=1,31830544
77,batch_norm_12,batchnorm2d_f16,N=1;C=240;H=8;W=10,210760
78,mul_16__sigmoid,sigmoid_f16,n=19200,46836
79,mul_16,mul_f16,n=19200,3914
80,conv2d_21,depthwise_conv2d_f16,N=1;IC=1;IH=8;IW=10;OC=240;KH=5;KW=5;SH=1;SW=1;PH=2;PW=2;DH=1;DW=1;groups=240,8397955
81,batch_norm_13,batchnorm2d_f16,N=1;C=240;H=8;W=10,210760
82,mul_17__sigmoid,sigmoid_f16,n=19200,46836
83,mul_17,mul_f16,n=19200,3914
84,adaptive_avg_pool2d_4,adaptive_avg_pool2d_f16,N=1;C=240;IH=8;IW=10;OH=1;OW=1,225914
85,conv2d_22,conv2d_f16,N=1;IC=240;IH=1;IW=1;OC=10;KH=1;KW=1;SH=1;SW=1;PH=0;PW=0;DH=1;DW=1;groups=1,99065
86,mul_18__sigmoid,sigmoid_f16,n=10,74
87,mul_18,mul_f16,n=10,26
88,conv2d_23,conv2d_f16,N=1;IC=10;IH=1;IW=1;OC=240;KH=1;KW=1;SH=1;SW=1;PH=0;PW=0;DH=1;DW=1;groups=1,111485
89,sigmoid_19,sigmoid_f16,n=240,620
90,mul_19,mul_c1_f16,N=1;C=240;HW=80,7945
91,conv2d_24,conv2d_f16,N=1;IC=240;IH=8;IW=10;OC=40;KH=1;KW=1;SH=1;SW=1;PH=0;PW=0;DH=1;DW=1;groups=1,31546544
92,batch_norm_14,batchnorm2d_f16,N=1;C=40;H=8;W=10,35160
93,add_1,add_f16,n=3200,35215
94,conv2d_25,conv2d_f16,N=1;IC=40;IH=8;IW=10;OC=240;KH=1;KW=1;SH=1;SW=1;PH=0;PW=0;DH=1;DW=1;groups=1,31830544
95,batch_norm_15,batchnorm2d_f16,N=1;C=240;H=8;W=10,210760
96,mul_20__sigmoid,sigmoid_f16,n=19200,46836
97,mul_20,mul_f16,n=19200,3914
98,pad_6,pad_f16,N=1;C=240;IH=8;IW=10;pad_left=0;pad_right=1;pad_top=0;pad_bottom=1,77588
99,conv2d_26,depthwise_conv2d_f16,N=1;IC=1;IH=9;IW=11;OC=240;KH=3;KW=3;SH=2;SW=2;PH=0;PW=0;DH=1;DW=1;groups=240,1065475
100,batch_norm_16,batchnorm2d_f16,N=1;C=240;H=4;W=5,59080
101,mul_21__sigmoid,sigmoid_f16,n=4800,11736
102,mul_21,mul_f16,n=4800,989
103,adaptive_avg_pool2d_5,adaptive_avg_pool2d_f16,N=1;C=240;IH=4;IW=5;OH=1;OW=1,71354
104,conv2d_27,conv2d_f16,N=1;IC=240;IH=1;IW=1;OC=10;KH=1;KW=1;SH=1;SW=1;PH=0;PW=0;DH=1;DW=1;groups=1,99065
105,mul_22__sigmoid,sigmoid_f16,n=10,74
106,mul_22,mul_f16,n=10,26
107,conv2d_28,conv2d_f16,N=1;IC=10;IH=1;IW=1;OC=240;KH=1;KW=1;SH=1;SW=1;PH=0;PW=0;DH=1;DW=1;groups=1,111485
108,sigmoid_23,sigmoid_f16,n=240,620
109,mul_23,mul_c1_f16,N=1;C=240;HW=20,5065
110,conv2d_29,conv2d_f16,N=1;IC=240;IH=4;IW=5;OC=80;KH=1;KW=1;SH=1;SW=1;PH=0;PW=0;DH=1;DW=1;groups=1,15776934
111,batch_norm_17,batchnorm2d_f16,N=1;C=80;H=4;W=5,19720
112,conv2d_30,conv2d_f16,N=1;IC=80;IH=4;IW=5;OC=480;KH=1;KW=1;SH=1;SW=1;PH=0;PW=0;DH=1;DW=1;groups=1,31680934
113,batch_norm_18,batchnorm2d_f16,N=1;C=480;H=4;W=5,118120
114,mul_24__sigmoid,sigmoid_f16,n=9600,23436
115,mul_24,mul_f16,n=9600,1964
116,conv2d_31,depthwise_conv2d_f16,N=1;IC=1;IH=4;IW=5;OC=480;KH=3;KW=3;SH=1;SW=1;PH=1;PW=1;DH=1;DW=1;groups=480,1710834
117,batch_norm_19,batchnorm2d_f16,N=1;C=480;H=4;W=5,118120
118,mul_25__sigmoid,sigmoid_f16,n=9600,23436
119,mul_25,mul_f16,n=9600,1964
120,adaptive_avg_pool2d_6,adaptive_avg_pool2d_f16,N=1;C=480;IH=4;IW=5;OH=1;OW=1,142634
121,conv2d_32,conv2d_f16,N=1;IC=480;IH=1;IW=1;OC=20;KH=1;KW=1;SH=1;SW=1;PH=0;PW=0;DH=1;DW=1;groups=1,394805
122,mul_26__sigmoid,sigmoid_f16,n=20,113
123,mul_26,mul_f16,n=20,26
124,conv2d_33,conv2d_f16,N=1;IC=20;IH=1;IW=1;OC=480;KH=1;KW=1;SH=1;SW=1;PH=0;PW=0;DH=1;DW=1;groups=1,419645
125,sigmoid_27,sigmoid_f16,n=480,1205
126,mul_27,mul_c1_f16,N=1;C=480;HW=20,10105
127,conv2d_34,conv2d_f16,N=1;IC=480;IH=4;IW=5;OC=80;KH=1;KW=1;SH=1;SW=1;PH=0;PW=0;DH=1;DW=1;groups=1,31521744
128,batch_norm_20,batchnorm2d_f16,N=1;C=80;H=4;W=5,19720
129,add_2,add_f16,n=1600,17614
130,conv2d_35,conv2d_f16,N=1;IC=80;IH=4;IW=5;OC=480;KH=1;KW=1;SH=1;SW=1;PH=0;PW=0;DH=1;DW=1;groups=1,31680934
131,batch_norm_21,batchnorm2d_f16,N=1;C=480;H=4;W=5,118120
132,mul_28__sigmoid,sigmoid_f16,n=9600,23436
133,mul_28,mul_f16,n=9600,1964
134,conv2d_36,depthwise_conv2d_f16,N=1;IC=1;IH=4;IW=5;OC=480;KH=3;KW=3;SH=1;SW=1;PH=1;PW=1;DH=1;DW=1;groups=480,1711644
135,batch_norm_22,batchnorm2d_f16,N=1;C=480;H=4;W=5,118120
136,mul_29__sigmoid,sigmoid_f16,n=9600,23436
137,mul_29,mul_f16,n=9600,1964
138,adaptive_avg_pool2d_7,adaptive_avg_pool2d_f16,N=1;C=480;IH=4;IW=5;OH=1;OW=1,142634
139,conv2d_37,conv2d_f16,N=1;IC=480;IH=1;IW=1;OC=20;KH=1;KW=1;SH=1;SW=1;PH=0;PW=0;DH=1;DW=1;groups=1,394805
140,mul_30__sigmoid,sigmoid_f16,n=20,113
141,mul_30,mul_f16,n=20,26
142,conv2d_38,conv2d_f16,N=1;IC=20;IH=1;IW=1;OC=480;KH=1;KW=1;SH=1;SW=1;PH=0;PW=0;DH=1;DW=1;groups=1,419645
143,sigmoid_31,sigmoid_f16,n=480,1205
144,mul_31,mul_c1_f16,N=1;C=480;HW=20,10105
145,conv2d_39,conv2d_f16,N=1;IC=480;IH=4;IW=5;OC=80;KH=1;KW=1;SH=1;SW=1;PH=0;PW=0;DH=1;DW=1;groups=1,31520934
146,batch_norm_23,batchnorm2d_f16,N=1;C=80;H=4;W=5,19720
147,add_3,add_f16,n=1600,17614
148,conv2d_40,conv2d_f16,N=1;IC=80;IH=4;IW=5;OC=480;KH=1;KW=1;SH=1;SW=1;PH=0;PW=0;DH=1;DW=1;groups=1,31681744
149,batch_norm_24,batchnorm2d_f16,N=1;C=480;H=4;W=5,118120
150,mul_32__sigmoid,sigmoid_f16,n=9600,23436
151,mul_32,mul_f16,n=9600,1964
152,conv2d_41,depthwise_conv2d_f16,N=1;IC=1;IH=4;IW=5;OC=480;KH=5;KW=5;SH=1;SW=1;PH=2;PW=2;DH=1;DW=1;groups=480,3297714
153,batch_norm_25,batchnorm2d_f16,N=1;C=480;H=4;W=5,118120
154,mul_33__sigmoid,sigmoid_f16,n=9600,23436
155,mul_33,mul_f16,n=9600,1964
156,adaptive_avg_pool2d_8,adaptive_avg_pool2d_f16,N=1;C=480;IH=4;IW=5;OH=1;OW=1,142634
157,conv2d_42,conv2d_f16,N=1;IC=480;IH=1;IW=1;OC=20;KH=1;KW=1;SH=1;SW=1;PH=0;PW=0;DH=1;DW=1;groups=1,394805
158,mul_34__sigmoid,sigmoid_f16,n=20,113
159,mul_34,mul_f16,n=20,26
160,conv2d_43,conv2d_f16,N=1;IC=20;IH=1;IW=1;OC=480;KH=1;KW=1;SH=1;SW=1;PH=0;PW=0;DH=1;DW=1;groups=1,419645
161,sigmoid_35,sigmoid_f16,n=480,1205
162,mul_35,mul_c1_f16,N=1;C=480;HW=20,10105
163,conv2d_44,conv2d_f16,N=1;IC=480;IH=4;IW=5;OC=112;KH=1;KW=1;SH=1;SW=1;PH=0;PW=0;DH=1;DW=1;groups=1,44129744
164,batch_norm_26,batchnorm2d_f16,N=1;C=112;H=4;W=5,27592
165,conv2d_45,conv2d_f16,N=1;IC=112;IH=4;IW=5;OC=672;KH=1;KW=1;SH=1;SW=1;PH=0;PW=0;DH=1;DW=1;groups=1,61987834
166,batch_norm_27,batchnorm2d_f16,N=1;C=672;H=4;W=5,165352
167,mul_36__sigmoid,sigmoid_f16,n=13440,32796
168,mul_36,mul_f16,n=13440,2744
169,conv2d_46,depthwise_conv2d_f16,N=1;IC=1;IH=4;IW=5;OC=672;KH=5;KW=5;SH=1;SW=1;PH=2;PW=2;DH=1;DW=1;groups=672,4617564
170,batch_norm_28,batchnorm2d_f16,N=1;C=672;H=4;W=5,165352
171,mul_37__sigmoid,sigmoid_f16,n=13440,32796
172,mul_37,mul_f16,n=13440,2744
173,adaptive_avg_pool2d_9,adaptive_avg_pool2d_f16,N=1;C=672;IH=4;IW=5;OH=1;OW=1,199658
174,conv2d_47,conv2d_f16,N=1;IC=672;IH=1;IW=1;OC=28;KH=1;KW=1;SH=1;SW=1;PH=0;PW=0;DH=1;DW=1;groups=1,773093
175,mul_38__sigmoid,sigmoid_f16,n=28,113
176,mul_38,mul_f16,n=28,26
177,conv2d_48,conv2d_f16,N=1;IC=28;IH=1;IW=1;OC=672;KH=1;KW=1;SH=1;SW=1;PH=0;PW=0;DH=1;DW=1;groups=1,807869
178,sigmoid_39,sigmoid_f16,n=672,1673
179,mul_39,mul_c1_f16,N=1;C=672;HW=20,14137
180,conv2d_49,conv2d_f16,N=1;IC=672;IH=4;IW=5;OC=112;KH=1;KW=1;SH=1;SW=1;PH=0;PW=0;DH=1;DW=1;groups=1,61763834
181,batch_norm_29,batchnorm2d_f16,N=1;C=112;H=4;W=5,27592
182,add_4,add_f16,n=2240,24655
183,conv2d_50,conv2d_f16,N=1;IC=112;IH=4;IW=5;OC=672;KH=1;KW=1;SH=1;SW=1;PH=0;PW=0;DH=1;DW=1;groups=1,61987834
184,batch_norm_30,batchnorm2d_f16,N=1;C=672;H=4;W=5,165352
185,mul_40__sigmoid,sigmoid_f16,n=13440,32796
186,mul_40,mul_f16,n=13440,2744
187,conv2d_51,depthwise_conv2d_f16,N=1;IC=1;IH=4;IW=5;OC=672;KH=5;KW=5;SH=1;SW=1;PH=2;PW=2;DH=1;DW=1;groups=672,4616754
188,batch_norm_31,batchnorm2d_f16,N=1;C=672;H=4;W=5,165352
189,mul_41__sigmoid,sigmoid_f16,n=13440,32796
190,mul_41,mul_f16,n=13440,2744
191,adaptive_avg_pool2d_10,adaptive_avg_pool2d_f16,N=1;C=672;IH=4;IW=5;OH=1;OW=1,199658
192,conv2d_52,conv2d_f16,N=1;IC=672;IH=1;IW=1;OC=28;KH=1;KW=1;SH=1;SW=1;PH=0;PW=0;DH=1;DW=1;groups=1,773093
193,mul_42__sigmoid,sigmoid_f16,n=28,113
194,mul_42,mul_f16,n=28,26
195,conv2d_53,conv2d_f16,N=1;IC=28;IH=1;IW=1;OC=672;KH=1;KW=1;SH=1;SW=1;PH=0;PW=0;DH=1;DW=1;groups=1,807869
196,sigmoid_43,sigmoid_f16,n=672,1673
197,mul_43,mul_c1_f16,N=1;C=672;HW=20,14137
198,conv2d_54,conv2d_f16,N=1;IC=672;IH=4;IW=5;OC=112;KH=1;KW=1;SH=1;SW=1;PH=0;PW=0;DH=1;DW=1;groups=1,61763834
199,batch_norm_32,batchnorm2d_f16,N=1;C=112;H=4;W=5,27592
200,add_5,add_f16,n=2240,24655
201,conv2d_55,conv2d_f16,N=1;IC=112;IH=4;IW=5;OC=672;KH=1;KW=1;SH=1;SW=1;PH=0;PW=0;DH=1;DW=1;groups=1,61987834
202,batch_norm_33,batchnorm2d_f16,N=1;C=672;H=4;W=5,165352
203,mul_44__sigmoid,sigmoid_f16,n=13440,32796
204,mul_44,mul_f16,n=13440,2744
205,pad_12,pad_f16,N=1;C=672;IH=4;IW=5;pad_left=1;pad_right=2;pad_top=1;pad_bottom=2,165380
206,conv2d_56,depthwise_conv2d_f16,N=1;IC=1;IH=7;IW=8;OC=672;KH=5;KW=5;SH=2;SW=2;PH=0;PW=0;DH=1;DW=1;groups=672,1496659
207,batch_norm_34,batchnorm2d_f16,N=1;C=672;H=2;W=2,47080
208,mul_45__sigmoid,sigmoid_f16,n=2688,6588
209,mul_45,mul_f16,n=2688,560
210,adaptive_avg_pool2d_11,adaptive_avg_pool2d_f16,N=1;C=672;IH=2;IW=2;OH=1;OW=1,77354
211,conv2d_57,conv2d_f16,N=1;IC=672;IH=1;IW=1;OC=28;KH=1;KW=1;SH=1;SW=1;PH=0;PW=0;DH=1;DW=1;groups=1,773093
212,mul_46__sigmoid,sigmoid_f16,n=28,113
213,mul_46,mul_f16,n=28,26
214,conv2d_58,conv2d_f16,N=1;IC=28;IH=1;IW=1;OC=672;KH=1;KW=1;SH=1;SW=1;PH=0;PW=0;DH=1;DW=1;groups=1,808679
215,sigmoid_47,sigmoid_f16,n=672,1673
216,mul_47,mul_c1_f16,N=1;C=672;HW=4,14137
217,conv2d_59,conv2d_f16,N=1;IC=672;IH=2;IW=2;OC=192;KH=1;KW=1;SH=1;SW=1;PH=0;PW=0;DH=1;DW=1;groups=1,21182758
218,batch_norm_35,batchnorm2d_f16,N=1;C=192;H=2;W=2,13480
219,conv2d_60,conv2d_f16,N=1;IC=192;IH=2;IW=2;OC=1152;KH=1;KW=1;SH=1;SW=1;PH=0;PW=0;DH=1;DW=1;groups=1,36406438
220,batch_norm_36,batchnorm2d_f16,N=1;C=1152;H=2;W=2,80680
221,mul_48__sigmoid,sigmoid_f16,n=4608,11268
222,mul_48,mul_f16,n=4608,950
223,conv2d_61,depthwise_conv2d_f16,N=1;IC=1;IH=2;IW=2;OC=1152;KH=5;KW=5;SH=1;SW=1;PH=2;PW=2;DH=1;DW=1;groups=1152,830706
224,batch_norm_37,batchnorm2d_f16,N=1;C=1152;H=2;W=2,80680
225,mul_49__sigmoid,sigmoid_f16,n=4608,11268
226,mul_49,mul_f16,n=4608,950
227,adaptive_avg_pool2d_12,adaptive_avg_pool2d_f16,N=1;C=1152;IH=2;IW=2;OH=1;OW=1,132554
228,conv2d_62,conv2d_f16,N=1;IC=1152;IH=1;IW=1;OC=48;KH=1;KW=1;SH=1;SW=1;PH=0;PW=0;DH=1;DW=1;groups=1,2270663
229,mul_50__sigmoid,sigmoid_f16,n=48,152
230,mul_50,mul_f16,n=48,26
231,conv2d_63,conv2d_f16,N=1;IC=48;IH=1;IW=1;OC=1152;KH=1;KW=1;SH=1;SW=1;PH=0;PW=0;DH=1;DW=1;groups=1,2329469
232,sigmoid_51,sigmoid_f16,n=1152,2843
233,mul_51,mul_c1_f16,N=1;C=1152;HW=4,24217
234,conv2d_64,conv2d_f16,N=1;IC=1152;IH=2;IW=2;OC=192;KH=1;KW=1;SH=1;SW=1;PH=0;PW=0;DH=1;DW=1;groups=1,36297808
235,batch_norm_38,batchnorm2d_f16,N=1;C=192;H=2;W=2,13480
236,add_6,add_f16,n=768,8462
237,conv2d_65,conv2d_f16,N=1;IC=192;IH=2;IW=2;OC=1152;KH=1;KW=1;SH=1;SW=1;PH=0;PW=0;DH=1;DW=1;groups=1,36406438
238,batch_norm_39,batchnorm2d_f16,N=1;C=1152;H=2;W=2,80680
239,mul_52__sigmoid,sigmoid_f16,n=4608,11268
240,mul_52,mul_f16,n=4608,950
241,conv2d_66,depthwise_conv2d_f16,N=1;IC=1;IH=2;IW=2;OC=1152;KH=5;KW=5;SH=1;SW=1;PH=2;PW=2;DH=1;DW=1;groups=1152,830706
242,batch_norm_40,batchnorm2d_f16,N=1;C=1152;H=2;W=2,80680
243,mul_53__sigmoid,sigmoid_f16,n=4608,11268
244,mul_53,mul_f16,n=4608,950
245,adaptive_avg_pool2d_13,adaptive_avg_pool2d_f16,N=1;C=1152;IH=2;IW=2;OH=1;OW=1,132554
246,conv2d_67,conv2d_f16,N=1;IC=1152;IH=1;IW=1;OC=48;KH=1;KW=1;SH=1;SW=1;PH=0;PW=0;DH=1;DW=1;groups=1,2269853
247,mul_54__sigmoid,sigmoid_f16,n=48,152
248,mul_54,mul_f16,n=48,26
249,conv2d_68,conv2d_f16,N=1;IC=48;IH=1;IW=1;OC=1152;KH=1;KW=1;SH=1;SW=1;PH=0;PW=0;DH=1;DW=1;groups=1,2330279
250,sigmoid_55,sigmoid_f16,n=1152,2843
251,mul_55,mul_c1_f16,N=1;C=1152;HW=4,24217
252,conv2d_69,conv2d_f16,N=1;IC=1152;IH=2;IW=2;OC=192;KH=1;KW=1;SH=1;SW=1;PH=0;PW=0;DH=1;DW=1;groups=1,36296998
253,batch_norm_41,batchnorm2d_f16,N=1;C=192;H=2;W=2,13480
254,add_7,add_f16,n=768,8462
255,conv2d_70,conv2d_f16,N=1;IC=192;IH=2;IW=2;OC=1152;KH=1;KW=1;SH=1;SW=1;PH=0;PW=0;DH=1;DW=1;groups=1,36407248
256,batch_norm_42,batchnorm2d_f16,N=1;C=1152;H=2;W=2,80680
257,mul_56__sigmoid,sigmoid_f16,n=4608,11268
258,mul_56,mul_f16,n=4608,950
259,conv2d_71,depthwise_conv2d_f16,N=1;IC=1;IH=2;IW=2;OC=1152;KH=5;KW=5;SH=1;SW=1;PH=2;PW=2;DH=1;DW=1;groups=1152,830706
260,batch_norm_43,batchnorm2d_f16,N=1;C=1152;H=2;W=2,80680
261,mul_57__sigmoid,sigmoid_f16,n=4608,11268
262,mul_57,mul_f16,n=4608,950
263,adaptive_avg_pool2d_14,adaptive_avg_pool2d_f16,N=1;C=1152;IH=2;IW=2;OH=1;OW=1,132554
264,conv2d_72,conv2d_f16,N=1;IC=1152;IH=1;IW=1;OC=48;KH=1;KW=1;SH=1;SW=1;PH=0;PW=0;DH=1;DW=1;groups=1,2269853
265,mul_58__sigmoid,sigmoid_f16,n=48,152
266,mul_58,mul_f16,n=48,26
267,conv2d_73,conv2d_f16,N=1;IC=48;IH=1;IW=1;OC=1152;KH=1;KW=1;SH=1;SW=1;PH=0;PW=0;DH=1;DW=1;groups=1,2330279
268,sigmoid_59,sigmoid_f16,n=1152,2843
269,mul_59,mul_c1_f16,N=1;C=1152;HW=4,24217
270,conv2d_74,conv2d_f16,N=1;IC=1152;IH=2;IW=2;OC=192;KH=1;KW=1;SH=1;SW=1;PH=0;PW=0;DH=1;DW=1;groups=1,36296998
271,batch_norm_44,batchnorm2d_f16,N=1;C=192;H=2;W=2,13480
272,add_8,add_f16,n=768,8462
273,conv2d_75,conv2d_f16,N=1;IC=192;IH=2;IW=2;OC=1152;KH=1;KW=1;SH=1;SW=1;PH=0;PW=0;DH=1;DW=1;groups=1,36407248
274,batch_norm_45,batchnorm2d_f16,N=1;C=1152;H=2;W=2,80680
275,mul_60__sigmoid,sigmoid_f16,n=4608,11268
276,mul_60,mul_f16,n=4608,950
277,conv2d_76,depthwise_conv2d_f16,N=1;IC=1;IH=2;IW=2;OC=1152;KH=3;KW=3;SH=1;SW=1;PH=1;PW=1;DH=1;DW=1;groups=1152,660210
278,batch_norm_46,batchnorm2d_f16,N=1;C=1152;H=2;W=2,80680
279,mul_61__sigmoid,sigmoid_f16,n=4608,11268
280,mul_61,mul_f16,n=4608,950
281,adaptive_avg_pool2d_15,adaptive_avg_pool2d_f16,N=1;C=1152;IH=2;IW=2;OH=1;OW=1,132554
282,conv2d_77,conv2d_f16,N=1;IC=1152;IH=1;IW=1;OC=48;KH=1;KW=1;SH=1;SW=1;PH=0;PW=0;DH=1;DW=1;groups=1,2269853
283,mul_62__sigmoid,sigmoid_f16,n=48,152
284,mul_62,mul_f16,n=48,26
285,conv2d_78,conv2d_f16,N=1;IC=48;IH=1;IW=1;OC=1152;KH=1;KW=1;SH=1;SW=1;PH=0;PW=0;DH=1;DW=1;groups=1,2329469
286,sigmoid_63,sigmoid_f16,n=1152,2843
287,mul_63,mul_c1_f16,N=1;C=1152;HW=4,24217
288,conv2d_79,conv2d_f16,N=1;IC=1152;IH=2;IW=2;OC=320;KH=1;KW=1;SH=1;SW=1;PH=0;PW=0;DH=1;DW=1;groups=1,60495994
289,batch_norm_47,batchnorm2d_f16,N=1;C=320;H=2;W=2,22440
290,conv2d_80,conv2d_f16,N=1;IC=320;IH=2;IW=2;OC=1280;KH=1;KW=1;SH=1;SW=1;PH=0;PW=0;DH=1;DW=1;groups=1,67323684
291,batch_norm_48,batchnorm2d_f16,N=1;C=1280;H=2;W=2,89640
292,mul_64__sigmoid,sigmoid_f16,n=5120,12516
293,mul_64,mul_f16,n=5120,1054
294,adaptive_avg_pool2d_16,adaptive_avg_pool2d_f16,N=1;C=1280;IH=2;IW=2;OH=1;OW=1,147274
295,linear,linear_f16,M=1;K=1280;N=512,153280
296,pad_17,pad_s8,N=6;C=3;IH=64;IW=85;pad_left=0;pad_right=1;pad_top=0;pad_bottom=1,39764
297,conv2d_81,conv2d_s8_pc,N=6;IC=3;IH=65;IW=86;OC=32;KH=3;KW=3;SH=2;SW=2;PH=0;PW=0;DH=1;DW=1;groups=1,196481194
298,mul_65__sigmoid,sigmoid_s8,n=258048,67967
299,mul_65,mul_s8,n=258048,193572
300,conv2d_82,depthwise_conv2d_s8,N=6;IC=1;IH=32;IW=42;OC=32;KH=3;KW=3;SH=1;SW=1;PH=1;PW=1;DH=1;DW=1;groups=32,15030249
301,mul_66__sigmoid,sigmoid_s8,n=258048,64794
302,mul_66,mul_s8,n=258048,193572
303,adaptive_avg_pool2d_17,adaptive_avg_pool2d_s8,N=6;C=32;IH=32;IW=42;OH=1;OW=1,2141013
304,conv2d_83,conv2d_s8_pc,N=6;IC=32;IH=1;IW=1;OC=8;KH=1;KW=1;SH=1;SW=1;PH=0;PW=0;DH=1;DW=1;groups=1,73461
305,mul_67__sigmoid,sigmoid_s8,n=48,4687
306,mul_67,mul_s8,n=48,84
307,conv2d_84,conv2d_s8_pc,N=6;IC=8;IH=1;IW=1;OC=32;KH=1;KW=1;SH=1;SW=1;PH=0;PW=0;DH=1;DW=1;groups=1,85701
308,sigmoid_68,sigmoid_s8,n=192,16402
309,mul_68,mul_c1_s8,N=6;C=32;HW=1344,163660
310,conv2d_85,conv2d_s8_pc,N=6;IC=32;IH=32;IW=42;OC=16;KH=1;KW=1;SH=1;SW=1;PH=0;PW=0;DH=1;DW=1;groups=1,190754176
311,conv2d_86,conv2d_s8_pc,N=6;IC=16;IH=32;IW=42;OC=96;KH=1;KW=1;SH=1;SW=1;PH=0;PW=0;DH=1;DW=1;groups=1,587120626
312,mul_69__sigmoid,sigmoid_s8,n=774144,166122
313,mul_69,mul_s8,n=774144,580644
314,pad_19,pad_s8,N=6;C=96;IH=32;IW=42;pad_left=0;pad_right=1;pad_top=0;pad_bottom=1,641793
315,conv2d_87,depthwise_conv2d_s8,N=6;IC=1;IH=33;IW=43;OC=96;KH=3;KW=3;SH=2;SW=2;PH=0;PW=0;DH=1;DW=1;groups=96,45280124
316,mul_70__sigmoid,sigmoid_s8,n=193536,70152
317,mul_70,mul_s8,n=193536,145189
318,adaptive_avg_pool2d_18,adaptive_avg_pool2d_s8,N=6;C=96;IH=16;IW=21;OH=1;OW=1,1692375
319,conv2d_88,conv2d_s8_pc,N=6;IC=96;IH=1;IW=1;OC=4;KH=1;KW=1;SH=1;SW=1;PH=0;PW=0;DH=1;DW=1;groups=1,105981
320,mul_71__sigmoid,sigmoid_s8,n=24,2797
321,mul_71,mul_s8,n=24,60
322,conv2d_89,conv2d_s8_pc,N=6;IC=4;IH=1;IW=1;OC=96;KH=1;KW=1;SH=1;SW=1;PH=0;PW=0;DH=1;DW=1;groups=1,152901
323,sigmoid_72,sigmoid_s8,n=576,18382
324,mul_72,mul_c1_s8,N=6;C=96;HW=336,133708
325,conv2d_90,conv2d_s8_pc,N=6;IC=96;IH=16;IW=21;OC=24;KH=1;KW=1;SH=1;SW=1;PH=0;PW=0;DH=1;DW=1;groups=1,210905812
326,conv2d_91,conv2d_s8_pc,N=6;IC=24;IH=16;IW=21;OC=144;KH=1;KW=1;SH=1;SW=1;PH=0;PW=0;DH=1;DW=1;groups=1,324808108
327,mul_73__sigmoid,sigmoid_s8,n=290304,88949
328,mul_73,mul_s8,n=290304,217765
329,conv2d_92,depthwise_conv2d_s8,N=6;IC=1;IH=16;IW=21;OC=144;KH=3;KW=3;SH=1;SW=1;PH=1;PW=1;DH=1;DW=1;groups=144,20503828
330,mul_74__sigmoid,sigmoid_s8,n=290304,83583
331,mul_74,mul_s8,n=290304,217765
332,adaptive_avg_pool2d_19,adaptive_avg_pool2d_s8,N=6;C=144;IH=16;IW=21;OH=1;OW=1,2538513
333,conv2d_93,conv2d_s8_pc,N=6;IC=144;IH=1;IW=1;OC=6;KH=1;KW=1;SH=1;SW=1;PH=0;PW=0;DH=1;DW=1;groups=1,236606
334,mul_75__sigmoid,sigmoid_s8,n=36,4153
335,mul_75,mul_s8,n=36,84
336,conv2d_94,conv2d_s8_pc,N=6;IC=6;IH=1;IW=1;OC=144;KH=1;KW=1;SH=1;SW=1;PH=0;PW=0;DH=1;DW=1;groups=1,306981
337,sigmoid_76,sigmoid_s8,n=864,24362
338,mul_76,mul_c1_s8,N=6;C=144;HW=336,200524
339,conv2d_95,conv2d_s8_pc,N=6;IC=144;IH=16;IW=21;OC=24;KH=1;KW=1;SH=1;SW=1;PH=0;PW=0;DH=1;DW=1;groups=1,315419302
340,add_9,add_s8,n=48384,2068838
341,conv2d_96,conv2d_s8_pc,N=6;IC=24;IH=16;IW=21;OC=144;KH=1;KW=1;SH=1;SW=1;PH=0;PW=0;DH=1;DW=1;groups=1,324808114
342,mul_77__sigmoid,sigmoid_s8,n=290304,88489
343,mul_77,mul_s8,n=290304,217765
344,pad_21,pad_s8,N=6;C=144;IH=16;IW=21;pad_left=1;pad_right=2;pad_top=1;pad_bottom=2,631713
345,conv2d_97,depthwise_conv2d_s8,N=6;IC=1;IH=19;IW=24;OC=144;KH=5;KW=5;SH=2;SW=2;PH=0;PW=0;DH=1;DW=1;groups=144,37827836
346,mul_78__sigmoid,sigmoid_s8,n=69120,45166
347,mul_78,mul_s8,n=69120,51877
348,adaptive_avg_pool2d_20,adaptive_avg_pool2d_s8,N=6;C=144;IH=8;IW=10;OH=1;OW=1,707187
349,conv2d_98,conv2d_s8_pc,N=6;IC=144;IH=1;IW=1;OC=6;KH=1;KW=1;SH=1;SW=1;PH=0;PW=0;DH=1;DW=1;groups=1,236618
350,mul_79__sigmoid,sigmoid_s8,n=36,4105
351,mul_79,mul_s8,n=36,84
352,conv2d_99,conv2d_s8_pc,N=6;IC=6;IH=1;IW=1;OC=144;KH=1;KW=1;SH=1;SW=1;PH=0;PW=0;DH=1;DW=1;groups=1,306981
353,sigmoid_80,sigmoid_s8,n=864,23190
354,mul_80,mul_c1_s8,N=6;C=144;HW=80,62284
355,conv2d_100,conv2d_s8_pc,N=6;IC=144;IH=8;IW=10;OC=40;KH=1;KW=1;SH=1;SW=1;PH=0;PW=0;DH=1;DW=1;groups=1,125187202
356,conv2d_101,conv2d_s8_pc,N=6;IC=40;IH=8;IW=10;OC=240;KH=1;KW=1;SH=1;SW=1;PH=0;PW=0;DH=1;DW=1;groups=1,211965652
357,mul_81__sigmoid,sigmoid_s8,n=115200,48277
358,mul_81,mul_s8,n=115200,86437
359,conv2d_102,depthwise_conv2d_s8,N=6;IC=1;IH=8;IW=10;OC=240;KH=5;KW=5;SH=1;SW=1;PH=2;PW=2;DH=1;DW=1;groups=240,26127028
360,mul_82__sigmoid,sigmoid_s8,n=115200,47918
361,mul_82,mul_s8,n=115200,86437
362,adaptive_avg_pool2d_21,adaptive_avg_pool2d_s8,N=6;C=240;IH=8;IW=10;OH=1;OW=1,1178115
363,conv2d_103,conv2d_s8_pc,N=6;IC=240;IH=1;IW=1;OC=10;KH=1;KW=1;SH=1;SW=1;PH=0;PW=0;DH=1;DW=1;groups=1,653373
364,mul_83__sigmoid,sigmoid_s8,n=60,7375
365,mul_83,mul_s8,n=60,84
366,conv2d_104,conv2d_s8_pc,N=6;IC=10;IH=1;IW=1;OC=240;KH=1;KW=1;SH=1;SW=1;PH=0;PW=0;DH=1;DW=1;groups=1,770661
367,sigmoid_84,sigmoid_s8,n=1440,20179
368,mul_84,mul_c1_s8,N=6;C=240;HW=80,103756
369,conv2d_105,conv2d_s8_pc,N=6;IC=240;IH=8;IW=10;OC=40;KH=1;KW=1;SH=1;SW=1;PH=0;PW=0;DH=1;DW=1;groups=1,208135252
370,add_10,add_s8,n=19200,823880
371,conv2d_106,conv2d_s8_pc,N=6;IC=40;IH=8;IW=10;OC=240;KH=1;KW=1;SH=1;SW=1;PH=0;PW=0;DH=1;DW=1;groups=1,211964842
372,mul_85__sigmoid,sigmoid_s8,n=115200,47960
373,mul_85,mul_s8,n=115200,86437
374,pad_23,pad_s8,N=6;C=240;IH=8;IW=10;pad_left=0;pad_right=1;pad_top=0;pad_bottom=1,430059
375,conv2d_107,depthwise_conv2d_s8,N=6;IC=1;IH=9;IW=11;OC=240;KH=3;KW=3;SH=2;SW=2;PH=0;PW=0;DH=1;DW=1;groups=240,6864740
376,mul_86__sigmoid,sigmoid_s8,n=28800,36938
377,mul_86,mul_s8,n=28800,21637
378,adaptive_avg_pool2d_22,adaptive_avg_pool2d_s8,N=6;C=240;IH=4;IW=5;OH=1;OW=1,435393
379,conv2d_108,conv2d_s8_pc,N=6;IC=240;IH=1;IW=1;OC=10;KH=1;KW=1;SH=1;SW=1;PH=0;PW=0;DH=1;DW=1;groups=1,653409
380,mul_87__sigmoid,sigmoid_s8,n=60,7399
381,mul_87,mul_s8,n=60,84
382,conv2d_109,conv2d_s8_pc,N=6;IC=10;IH=1;IW=1;OC=240;KH=1;KW=1;SH=1;SW=1;PH=0;PW=0;DH=1;DW=1;groups=1,770661
383,sigmoid_88,sigmoid_s8,n=1440,20082
384,mul_88,mul_c1_s8,N=6;C=240;HW=20,46156
385,conv2d_110,conv2d_s8_pc,N=6;IC=240;IH=4;IW=5;OC=80;KH=1;KW=1;SH=1;SW=1;PH=0;PW=0;DH=1;DW=1;groups=1,104093272
386,conv2d_111,conv2d_s8_pc,N=6;IC=80;IH=4;IW=5;OC=480;KH=1;KW=1;SH=1;SW=1;PH=0;PW=0;DH=1;DW=1;groups=1,209822932
387,mul_89__sigmoid,sigmoid_s8,n=57600,25876
388,mul_89,mul_s8,n=57600,43237
389,conv2d_112,depthwise_conv2d_s8,N=6;IC=1;IH=4;IW=5;OC=480;KH=3;KW=3;SH=1;SW=1;PH=1;PW=1;DH=1;DW=1;groups=480,7669738
390,mul_90__sigmoid,sigmoid_s8,n=57600,35655
391,mul_90,mul_s8,n=57600,43237
392,adaptive_avg_pool2d_23,adaptive_avg_pool2d_s8,N=6;C=480;IH=4;IW=5;OH=1;OW=1,869415
393,conv2d_113,conv2d_s8_pc,N=6;IC=480;IH=1;IW=1;OC=20;KH=1;KW=1;SH=1;SW=1;PH=0;PW=0;DH=1;DW=1;groups=1,2602461
394,mul_91__sigmoid,sigmoid_s8,n=120,12661
395,mul_91,mul_s8,n=120,132
396,conv2d_114,conv2d_s8_pc,N=6;IC=20;IH=1;IW=1;OC=480;KH=1;KW=1;SH=1;SW=1;PH=0;PW=0;DH=1;DW=1;groups=1,2837061
397,sigmoid_92,sigmoid_s8,n=2880,9878
398,mul_92,mul_c1_s8,N=6;C=480;HW=20,92236
399,conv2d_115,conv2d_s8_pc,N=6;IC=480;IH=4;IW=5;OC=80;KH=1;KW=1;SH=1;SW=1;PH=0;PW=0;DH=1;DW=1;groups=1,207778132
400,add_11,add_s8,n=9600,411326
401,conv2d_116,conv2d_s8_pc,N=6;IC=80;IH=4;IW=5;OC=480;KH=1;KW=1;SH=1;SW=1;PH=0;PW=0;DH=1;DW=1;groups=1,209822122
402,mul_93__sigmoid,sigmoid_s8,n=57600,26483
403,mul_93,mul_s8,n=57600,43237
404,conv2d_117,depthwise_conv2d_s8,N=6;IC=1;IH=4;IW=5;OC=480;KH=3;KW=3;SH=1;SW=1;PH=1;PW=1;DH=1;DW=1;groups=480,7670548
405,mul_94__sigmoid,sigmoid_s8,n=57600,30323
406,mul_94,mul_s8,n=57600,43237
407,adaptive_avg_pool2d_24,adaptive_avg_pool2d_s8,N=6;C=480;IH=4;IW=5;OH=1;OW=1,869145
408,conv2d_118,conv2d_s8_pc,N=6;IC=480;IH=1;IW=1;OC=20;KH=1;KW=1;SH=1;SW=1;PH=0;PW=0;DH=1;DW=1;groups=1,2602461
409,mul_95__sigmoid,sigmoid_s8,n=120,14239
410,mul_95,mul_s8,n=120,132
411,conv2d_119,conv2d_s8_pc,N=6;IC=20;IH=1;IW=1;OC=480;KH=1;KW=1;SH=1;SW=1;PH=0;PW=0;DH=1;DW=1;groups=1,2837061
412,sigmoid_96,sigmoid_s8,n=2880,18674
413,mul_96,mul_c1_s8,N=6;C=480;HW=20,92236
414,conv2d_120,conv2d_s8_pc,N=6;IC=480;IH=4;IW=5;OC=80;KH=1;KW=1;SH=1;SW=1;PH=0;PW=0;DH=1;DW=1;groups=1,207777322
415,add_12,add_s8,n=9600,411326
416,conv2d_121,conv2d_s8_pc,N=6;IC=80;IH=4;IW=5;OC=480;KH=1;KW=1;SH=1;SW=1;PH=0;PW=0;DH=1;DW=1;groups=1,209822932
417,mul_97__sigmoid,sigmoid_s8,n=57600,26472
418,mul_97,mul_s8,n=57600,43237
419,conv2d_122,depthwise_conv2d_s8,N=6;IC=1;IH=4;IW=5;OC=480;KH=5;KW=5;SH=1;SW=1;PH=2;PW=2;DH=1;DW=1;groups=480,20699668
420,mul_98__sigmoid,sigmoid_s8,n=57600,29425
421,mul_98,mul_s8,n=57600,43237
422,adaptive_avg_pool2d_25,adaptive_avg_pool2d_s8,N=6;C=480;IH=4;IW=5;OH=1;OW=1,868893
423,conv2d_123,conv2d_s8_pc,N=6;IC=480;IH=1;IW=1;OC=20;KH=1;KW=1;SH=1;SW=1;PH=0;PW=0;DH=1;DW=1;groups=1,2602461
424,mul_99__sigmoid,sigmoid_s8,n=120,11036
425,mul_99,mul_s8,n=120,132
426,conv2d_124,conv2d_s8_pc,N=6;IC=20;IH=1;IW=1;OC=480;KH=1;KW=1;SH=1;SW=1;PH=0;PW=0;DH=1;DW=1;groups=1,2837061
427,sigmoid_100,sigmoid_s8,n=2880,5928
428,mul_100,mul_c1_s8,N=6;C=480;HW=20,92236
429,conv2d_125,conv2d_s8_pc,N=6;IC=480;IH=4;IW=5;OC=112;KH=1;KW=1;SH=1;SW=1;PH=0;PW=0;DH=1;DW=1;groups=1,290888956
430,conv2d_126,conv2d_s8_pc,N=6;IC=112;IH=4;IW=5;OC=672;KH=1;KW=1;SH=1;SW=1;PH=0;PW=0;DH=1;DW=1;groups=1,409877326
431,mul_101__sigmoid,sigmoid_s8,n=80640,30433
432,mul_101,mul_s8,n=80640,60517
433,conv2d_127,depthwise_conv2d_s8,N=6;IC=1;IH=4;IW=5;OC=672;KH=5;KW=5;SH=1;SW=1;PH=2;PW=2;DH=1;DW=1;groups=672,28979902
434,mul_102__sigmoid,sigmoid_s8,n=80640,29910
435,mul_102,mul_s8,n=80640,60517
436,adaptive_avg_pool2d_26,adaptive_avg_pool2d_s8,N=6;C=672;IH=4;IW=5;OH=1;OW=1,1214451
437,conv2d_128,conv2d_s8_pc,N=6;IC=672;IH=1;IW=1;OC=28;KH=1;KW=1;SH=1;SW=1;PH=0;PW=0;DH=1;DW=1;groups=1,5094861
438,mul_103__sigmoid,sigmoid_s8,n=168,1577
439,mul_103,mul_s8,n=168,180
440,conv2d_129,conv2d_s8_pc,N=6;IC=28;IH=1;IW=1;OC=672;KH=1;KW=1;SH=1;SW=1;PH=0;PW=0;DH=1;DW=1;groups=1,5423301
441,sigmoid_104,sigmoid_s8,n=4032,2733
442,mul_104,mul_c1_s8,N=6;C=672;HW=20,129100
443,conv2d_130,conv2d_s8_pc,N=6;IC=672;IH=4;IW=5;OC=112;KH=1;KW=1;SH=1;SW=1;PH=0;PW=0;DH=1;DW=1;groups=1,407015416
444,add_13,add_s8,n=13440,573746
445,conv2d_131,conv2d_s8_pc,N=6;IC=112;IH=4;IW=5;OC=672;KH=1;KW=1;SH=1;SW=1;PH=0;PW=0;DH=1;DW=1;groups=1,409877326
446,mul_105__sigmoid,sigmoid_s8,n=80640,28072
447,mul_105,mul_s8,n=80640,60517
448,conv2d_132,depthwise_conv2d_s8,N=6;IC=1;IH=4;IW=5;OC=672;KH=5;KW=5;SH=1;SW=1;PH=2;PW=2;DH=1;DW=1;groups=672,28979902
449,mul_106__sigmoid,sigmoid_s8,n=80640,28999
450,mul_106,mul_s8,n=80640,60517
451,adaptive_avg_pool2d_27,adaptive_avg_pool2d_s8,N=6;C=672;IH=4;IW=5;OH=1;OW=1,1214481
452,conv2d_133,conv2d_s8_pc,N=6;IC=672;IH=1;IW=1;OC=28;KH=1;KW=1;SH=1;SW=1;PH=0;PW=0;DH=1;DW=1;groups=1,5094861
453,mul_107__sigmoid,sigmoid_s8,n=168,2457
454,mul_107,mul_s8,n=168,180
455,conv2d_134,conv2d_s8_pc,N=6;IC=28;IH=1;IW=1;OC=672;KH=1;KW=1;SH=1;SW=1;PH=0;PW=0;DH=1;DW=1;groups=1,5423301
456,sigmoid_108,sigmoid_s8,n=4032,5028
457,mul_108,mul_c1_s8,N=6;C=672;HW=20,129100
458,conv2d_135,conv2d_s8_pc,N=6;IC=672;IH=4;IW=5;OC=112;KH=1;KW=1;SH=1;SW=1;PH=0;PW=0;DH=1;DW=1;groups=1,407015416
459,add_14,add_s8,n=13440,573704
460,conv2d_136,conv2d_s8_pc,N=6;IC=112;IH=4;IW=5;OC=672;KH=1;KW=1;SH=1;SW=1;PH=0;PW=0;DH=1;DW=1;groups=1,409877326
461,mul_109__sigmoid,sigmoid_s8,n=80640,26750
462,mul_109,mul_s8,n=80640,60517
463,pad_29,pad_s8,N=6;C=672;IH=4;IW=5;pad_left=1;pad_right=2;pad_top=1;pad_bottom=2,915393
464,conv2d_137,depthwise_conv2d_s8,N=6;IC=1;IH=7;IW=8;OC=672;KH=5;KW=5;SH=2;SW=2;PH=0;PW=0;DH=1;DW=1;groups=672,9065623
465,mul_110__sigmoid,sigmoid_s8,n=16128,33966
466,mul_110,mul_s8,n=16128,12133
467,adaptive_avg_pool2d_28,adaptive_avg_pool2d_s8,N=6;C=672;IH=2;IW=2;OH=1;OW=1,628101
468,conv2d_138,conv2d_s8_pc,N=6;IC=672;IH=1;IW=1;OC=28;KH=1;KW=1;SH=1;SW=1;PH=0;PW=0;DH=1;DW=1;groups=1,5094861
469,mul_111__sigmoid,sigmoid_s8,n=168,13071
470,mul_111,mul_s8,n=168,180
471,conv2d_139,conv2d_s8_pc,N=6;IC=28;IH=1;IW=1;OC=672;KH=1;KW=1;SH=1;SW=1;PH=0;PW=0;DH=1;DW=1;groups=1,5423301
472,sigmoid_112,sigmoid_s8,n=4032,11120
473,mul_112,mul_c1_s8,N=6;C=672;HW=4,129100
474,conv2d_140,conv2d_s8_pc,N=6;IC=672;IH=2;IW=2;OC=192;KH=1;KW=1;SH=1;SW=1;PH=0;PW=0;DH=1;DW=1;groups=1,139598380
475,conv2d_141,conv2d_s8_pc,N=6;IC=192;IH=2;IW=2;OC=1152;KH=1;KW=1;SH=1;SW=1;PH=0;PW=0;DH=1;DW=1;groups=1,240367870
476,mul_113__sigmoid,sigmoid_s8,n=27648,21889
477,mul_113,mul_s8,n=27648,20773
478,conv2d_142,depthwise_conv2d_s8,N=6;IC=1;IH=2;IW=2;OC=1152;KH=5;KW=5;SH=1;SW=1;PH=2;PW=2;DH=1;DW=1;groups=1152,5890133
479,mul_114__sigmoid,sigmoid_s8,n=27648,24778
480,mul_114,mul_s8,n=27648,20773
481,adaptive_avg_pool2d_29,adaptive_avg_pool2d_s8,N=6;C=1152;IH=2;IW=2;OH=1;OW=1,1077051
482,conv2d_143,conv2d_s8_pc,N=6;IC=1152;IH=1;IW=1;OC=48;KH=1;KW=1;SH=1;SW=1;PH=0;PW=0;DH=1;DW=1;groups=1,14954661
483,mul_115__sigmoid,sigmoid_s8,n=288,10392
484,mul_115,mul_s8,n=288,252
485,conv2d_144,conv2d_s8_pc,N=6;IC=48;IH=1;IW=1;OC=1152;KH=1;KW=1;SH=1;SW=1;PH=0;PW=0;DH=1;DW=1;groups=1,15518511
486,sigmoid_116,sigmoid_s8,n=6912,5473
487,mul_116,mul_c1_s8,N=6;C=1152;HW=4,221260
488,conv2d_145,conv2d_s8_pc,N=6;IC=1152;IH=2;IW=2;OC=192;KH=1;KW=1;SH=1;SW=1;PH=0;PW=0;DH=1;DW=1;groups=1,239135230
489,add_15,add_s8,n=4608,197846
490,conv2d_146,conv2d_s8_pc,N=6;IC=192;IH=2;IW=2;OC=1152;KH=1;KW=1;SH=1;SW=1;PH=0;PW=0;DH=1;DW=1;groups=1,240367870
491,mul_117__sigmoid,sigmoid_s8,n=27648,24961
492,mul_117,mul_s8,n=27648,20773
493,conv2d_147,depthwise_conv2d_s8,N=6;IC=1;IH=2;IW=2;OC=1152;KH=5;KW=5;SH=1;SW=1;PH=2;PW=2;DH=1;DW=1;groups=1152,5889323
494,mul_118__sigmoid,sigmoid_s8,n=27648,28015
495,mul_118,mul_s8,n=27648,20773
496,adaptive_avg_pool2d_30,adaptive_avg_pool2d_s8,N=6;C=1152;IH=2;IW=2;OH=1;OW=1,1077261
497,conv2d_148,conv2d_s8_pc,N=6;IC=1152;IH=1;IW=1;OC=48;KH=1;KW=1;SH=1;SW=1;PH=0;PW=0;DH=1;DW=1;groups=1,14955471
498,mul_119__sigmoid,sigmoid_s8,n=288,19779
499,mul_119,mul_s8,n=288,252
500,conv2d_149,conv2d_s8_pc,N=6;IC=48;IH=1;IW=1;OC=1152;KH=1;KW=1;SH=1;SW=1;PH=0;PW=0;DH=1;DW=1;groups=1,15518511
501,sigmoid_120,sigmoid_s8,n=6912,5201
502,mul_120,mul_c1_s8,N=6;C=1152;HW=4,221260
503,conv2d_150,conv2d_s8_pc,N=6;IC=1152;IH=2;IW=2;OC=192;KH=1;KW=1;SH=1;SW=1;PH=0;PW=0;DH=1;DW=1;groups=1,239135230
504,add_16,add_s8,n=4608,197504
505,conv2d_151,conv2d_s8_pc,N=6;IC=192;IH=2;IW=2;OC=1152;KH=1;KW=1;SH=1;SW=1;PH=0;PW=0;DH=1;DW=1;groups=1,240367870
506,mul_121__sigmoid,sigmoid_s8,n=27648,25355
507,mul_121,mul_s8,n=27648,20773
508,conv2d_152,depthwise_conv2d_s8,N=6;IC=1;IH=2;IW=2;OC=1152;KH=5;KW=5;SH=1;SW=1;PH=2;PW=2;DH=1;DW=1;groups=1152,5889323
509,mul_122__sigmoid,sigmoid_s8,n=27648,20916
510,mul_122,mul_s8,n=27648,20773
511,adaptive_avg_pool2d_31,adaptive_avg_pool2d_s8,N=6;C=1152;IH=2;IW=2;OH=1;OW=1,1074699
512,conv2d_153,conv2d_s8_pc,N=6;IC=1152;IH=1;IW=1;OC=48;KH=1;KW=1;SH=1;SW=1;PH=0;PW=0;DH=1;DW=1;groups=1,14955471
513,mul_123__sigmoid,sigmoid_s8,n=288,11997
514,mul_123,mul_s8,n=288,252
515,conv2d_154,conv2d_s8_pc,N=6;IC=48;IH=1;IW=1;OC=1152;KH=1;KW=1;SH=1;SW=1;PH=0;PW=0;DH=1;DW=1;groups=1,15518511
516,sigmoid_124,sigmoid_s8,n=6912,10812
517,mul_124,mul_c1_s8,N=6;C=1152;HW=4,221260
518,conv2d_155,conv2d_s8_pc,N=6;IC=1152;IH=2;IW=2;OC=192;KH=1;KW=1;SH=1;SW=1;PH=0;PW=0;DH=1;DW=1;groups=1,239135230
519,add_17,add_s8,n=4608,197702
520,conv2d_156,conv2d_s8_pc,N=6;IC=192;IH=2;IW=2;OC=1152;KH=1;KW=1;SH=1;SW=1;PH=0;PW=0;DH=1;DW=1;groups=1,240367870
521,mul_125__sigmoid,sigmoid_s8,n=27648,21497
522,mul_125,mul_s8,n=27648,20773
523,conv2d_157,depthwise_conv2d_s8,N=6;IC=1;IH=2;IW=2;OC=1152;KH=3;KW=3;SH=1;SW=1;PH=1;PW=1;DH=1;DW=1;groups=1152,4783401
524,mul_126__sigmoid,sigmoid_s8,n=27648,25743
525,mul_126,mul_s8,n=27648,20773
526,adaptive_avg_pool2d_32,adaptive_avg_pool2d_s8,N=6;C=1152;IH=2;IW=2;OH=1;OW=1,1074747
527,conv2d_158,conv2d_s8_pc,N=6;IC=1152;IH=1;IW=1;OC=48;KH=1;KW=1;SH=1;SW=1;PH=0;PW=0;DH=1;DW=1;groups=1,14955471
528,mul_127__sigmoid,sigmoid_s8,n=288,12040
529,mul_127,mul_s8,n=288,252
530,conv2d_159,conv2d_s8_pc,N=6;IC=48;IH=1;IW=1;OC=1152;KH=1;KW=1;SH=1;SW=1;PH=0;PW=0;DH=1;DW=1;groups=1,15518511
531,sigmoid_128,sigmoid_s8,n=6912,17710
532,mul_128,mul_c1_s8,N=6;C=1152;HW=4,221260
533,conv2d_160,conv2d_s8_pc,N=6;IC=1152;IH=2;IW=2;OC=320;KH=1;KW=1;SH=1;SW=1;PH=0;PW=0;DH=1;DW=1;groups=1,398558542
534,conv2d_161,conv2d_s8_pc,N=6;IC=320;IH=2;IW=2;OC=1280;KH=1;KW=1;SH=1;SW=1;PH=0;PW=0;DH=1;DW=1;groups=1,444029602
535,mul_129__sigmoid,sigmoid_s8,n=30720,12462
536,mul_129,mul_s8,n=30720,23077
537,adaptive_avg_pool2d_33,adaptive_avg_pool2d_s8,N=6;C=1280;IH=2;IW=2;OH=1;OW=1,1195959
538,linear_1,linear_s8_pc,M=6;K=1280;N=512,2838680
539,linear__cast_i8,cast_f16_to_i8,n=512,9958
540,cat_1,cat2_c1_s8,N=1;H=1;W=512;C_total=7;C_inputs=6|1,191986
541,add_18,add_s8,n=3584,135421
542,layer_norm,layer_norm_s8,M=7;K=512,269305
543,linear_2,linear_s8_pc,M=7;K=512;N=1536,4257951
544,scaled_dot_product_attention_qk,matmul_s8,M=7;K=128;N=7,90284
545,scaled_dot_product_attention_softmax,softmax_s8,M=7;K=7,10437
546,scaled_dot_product_attention_av,matmul_s8,M=7;K=7;N=128,120429
547,linear_3,linear_s8_pc,M=7;K=512;N=512,1419423
548,add_19,add_s8,n=3584,137365
549,layer_norm_1,layer_norm_s8,M=7;K=512,263860
550,linear_4,linear_s8_pc,M=7;K=512;N=2048,5678026
551,gelu,gelu_s8,n=14336,4172861
552,linear_5,linear_s8_pc,M=7;K=2048;N=512,5204128
553,add_20,add_s8,n=3584,137862
554,layer_norm_2,layer_norm_s8,M=7;K=512,268559
555,linear_6,linear_s8_pc,M=7;K=512;N=1536,4257951
556,scaled_dot_product_attention_1_qk,matmul_s8,M=7;K=128;N=7,90190
557,scaled_dot_product_attention_1_softmax,softmax_s8,M=7;K=7,10378
558,scaled_dot_product_attention_1_av,matmul_s8,M=7;K=7;N=128,120617
559,linear_7,linear_s8_pc,M=7;K=512;N=512,1419423
560,add_21,add_s8,n=3584,138107
561,layer_norm_3,layer_norm_s8,M=7;K=512,263816
562,linear_8,linear_s8_pc,M=7;K=512;N=2048,5678026
563,gelu_1,gelu_s8,n=14336,4147767
564,linear_9,linear_s8_pc,M=7;K=2048;N=512,5204128
565,add_22,add_s8,n=3584,139045
566,layer_norm_4,layer_norm_s8,M=7;K=512,267842
567,linear_10,linear_s8_pc,M=7;K=512;N=1536,4257951
568,scaled_dot_product_attention_2_qk,matmul_s8,M=7;K=128;N=7,90101
569,scaled_dot_product_attention_2_softmax,softmax_s8,M=7;K=7,8349
570,scaled_dot_product_attention_2_av,matmul_s8,M=7;K=7;N=128,120567
571,linear_11,linear_s8_pc,M=7;K=512;N=512,1420233
572,add_23,add_s8,n=3584,138005
573,layer_norm_5,layer_norm_s8,M=7;K=512,258832
574,linear_12,linear_s8_pc,M=7;K=512;N=2048,5677216
575,gelu_2,gelu_s8,n=14336,3454785
576,linear_13,linear_s8_pc,M=7;K=2048;N=512,5204128
577,add_24,add_s8,n=3584,139854
578,layer_norm_6,layer_norm_s8,M=7;K=512,268243
579,linear_14,linear_s8_pc,M=7;K=512;N=1536,4258761
580,scaled_dot_product_attention_3_qk,matmul_s8,M=7;K=128;N=7,90166
581,scaled_dot_product_attention_3_softmax,softmax_s8,M=7;K=7,10368
582,scaled_dot_product_attention_3_av,matmul_s8,M=7;K=7;N=128,120607
583,linear_15,linear_s8_pc,M=7;K=512;N=512,1419423
584,add_25,add_s8,n=3584,140204
585,layer_norm_7,layer_norm_s8,M=7;K=512,259482
586,linear_16,linear_s8_pc,M=7;K=512;N=2048,5677216
587,gelu_3,gelu_s8,n=14336,3218598
588,linear_17,linear_s8_pc,M=7;K=2048;N=512,5204128
589,add_26,add_s8,n=3584,140669
590,linear_18,linear_s8_pc,M=1;K=3584;N=512,1284178
591,linear_18__cast_f16,cast_i8_to_f16,n=512,6158
592,relu,relu_f16,n=512,100
593,linear_19,linear_f16,M=1;K=512;N=256,32128
594,relu_1,relu_f16,n=256,56
595,linear_20,linear_f16,M=1;K=256;N=128,8672
596,relu_2,relu_f16,n=128,34
597,linear_21,linear_f16,M=1;K=128;N=64,2512
598,relu_3,relu_f16,n=64,23
599,linear_22,linear_f16,M=1;K=64;N=32,824
600,relu_4,relu_f16,n=32,23
601,relu_4__cast_i8,cast_f16_to_i8,n=32,627
602,linear_23,linear_s8_pc,M=1;K=32;N=1,147
603,linear_24,linear_s8_pc,M=1;K=32;N=20,1401
604,vint_action_post,vint_action_post,n_wp=5;n_dim=4,172
=== MODELBLASTER_PROFILE_END ===
=== MODELBLASTER_WALL_CYCLES === 111282750
